Component: ARM Compiler 5.06 update 7 (build 960) Tool: armlink [4d3601]

==============================================================================

Section Cross References

    main.o(.text) refers to rtx_kernel.o(.text) for osKernelGetState
    main.o(.text) refers to stm32f4xx_hal_rcc.o(.text) for HAL_RCC_OscConfig
    main.o(.text) refers to stm32f4xx_hal.o(.text) for HAL_GetREVID
    main.o(.text) refers to system_stm32f4xx.o(.text) for SystemCoreClockUpdate
    main.o(.text) refers to rtc.o(.text) for RTC_Init
    main.o(.text) refers to system_stm32f4xx.o(.data) for SystemCoreClock
    main.o(.text) refers to main.o(.data) for ticks
    main.o(.text) refers to rtc.o(.bss) for aShowDate
    http_server.o(.text) refers to adc.o(.text) for ADC_getVoltage
    http_server.o(.text) refers to rtx_thread.o(.text) for osThreadFlagsSet
    http_server.o(.text) refers to lcd_1.o(.text) for LCD_reset
    http_server.o(.text) refers to leds_1.o(.text) for LED_Expo
    http_server.o(.text) refers to rtx_delay.o(.text) for osDelay
    http_server.o(.text) refers to rtx_msgqueue.o(.text) for osMessageQueueNew
    http_server.o(.text) refers to net_sys.o(i.netInitialize) for netInitialize
    http_server.o(.text) refers to http_server.o(.bss) for adchandle
    http_server.o(.text) refers to http_server.o(.data) for voltage
    http_server.o(.text) refers to lcd_1.o(.data) for colaLCD_L1
    http_server.o(.constdata) refers to http_server.o(.bss) for app_main_stk
    http_server_cgi.o(.text) refers to net_http_server.o(i.netCGI_GetEnvVar) for netCGI_GetEnvVar
    http_server_cgi.o(.text) refers to net_addr.o(i.netIP_aton) for netIP_aton
    http_server_cgi.o(.text) refers to net_sys.o(i.netIF_SetOption) for netIF_SetOption
    http_server_cgi.o(.text) refers to leds_1.o(.text) for LED_Expo
    http_server_cgi.o(.text) refers to strcmp.o(.text) for strcmp
    http_server_cgi.o(.text) refers to strncmp.o(.text) for strncmp
    http_server_cgi.o(.text) refers to net_http_server.o(i.netHTTPs_LoginActive) for netHTTPs_LoginActive
    http_server_cgi.o(.text) refers to strcpy.o(.text) for strcpy
    http_server_cgi.o(.text) refers to net_http_server.o(i.netHTTPs_SetPassword) for netHTTPs_SetPassword
    http_server_cgi.o(.text) refers to rtx_thread.o(.text) for osThreadFlagsSet
    http_server_cgi.o(.text) refers to net_sys.o(i.netIF_GetOption) for netIF_GetOption
    http_server_cgi.o(.text) refers to net_addr.o(i.netIP_ntoa) for netIP_ntoa
    http_server_cgi.o(.text) refers to printfa.o(i.__0sprintf) for __2sprintf
    http_server_cgi.o(.text) refers to net_tcp.o(i.netTCP_GetState) for netTCP_GetState
    http_server_cgi.o(.text) refers to net_tcp.o(i.netTCP_GetLocalPort) for netTCP_GetLocalPort
    http_server_cgi.o(.text) refers to net_tcp.o(i.netTCP_GetPeer) for netTCP_GetPeer
    http_server_cgi.o(.text) refers to net_tcp.o(i.netTCP_GetTimer) for netTCP_GetTimer
    http_server_cgi.o(.text) refers to http_server_cgi.o(.bss) for ip_addr
    http_server_cgi.o(.text) refers to http_server_cgi.o(.data) for P2
    http_server_cgi.o(.text) refers to http_server.o(.data) for modo_leds
    http_server_cgi.o(.text) refers to http_server_cgi.o(.conststring) for .conststring
    http_server_cgi.o(.text) refers to net_http_server.o(i.netHTTPs_GetPassword) for netHTTPs_GetPassword
    http_server_cgi.o(.text) refers to net_http_server.o(i.netHTTPs_GetLanguage) for netHTTPs_GetLanguage
    http_server_cgi.o(.text) refers to http_server.o(.text) for AD_in
    http_server_cgi.o(.text) refers to ffltui.o(.text) for __aeabi_ui2f
    http_server_cgi.o(.text) refers to fmul.o(.text) for __aeabi_fmul
    http_server_cgi.o(.text) refers to fdiv.o(.text) for __aeabi_fdiv
    http_server_cgi.o(.text) refers to f2d.o(.text) for __aeabi_f2d
    web.o(.text) refers to web.o(.constdata) for imageFileTable
    leds_1.o(.text) refers to stm32f4xx_hal_gpio.o(.text) for HAL_GPIO_Init
    leds_1.o(.text) refers to leds_1.o(.constdata) for LED_PIN
    lcd_1.o(.text) refers to stm32f4xx_hal_gpio.o(.text) for HAL_GPIO_WritePin
    lcd_1.o(.text) refers to stm32f4xx_hal_tim.o(.text) for HAL_TIM_Base_Init
    lcd_1.o(.text) refers to lcd_1.o(.data) for SPIdrv
    lcd_1.o(.text) refers to lcd_1.o(.bss) for buffer
    lcd_1.o(.text) refers to lcd_1.o(.constdata) for Arial12x12
    lcd_1.o(.text) refers to memcpya.o(.text) for __aeabi_memcpy4
    lcd_1.o(.text) refers to rtx_msgqueue.o(.text) for osMessageQueueGet
    lcd_1.o(.text) refers to strcpy.o(.text) for strcpy
    lcd_1.o(.text) refers to memseta.o(.text) for __aeabi_memclr4
    lcd_1.o(.text) refers to rtx_delay.o(.text) for osDelay
    lcd_1.o(.text) refers to rtx_thread.o(.text) for osThreadNew
    lcd_1.o(.data) refers to spi_stm32f4xx.o(.constdata) for Driver_SPI1
    adc.o(.text) refers to memseta.o(.text) for __aeabi_memclr4
    adc.o(.text) refers to stm32f4xx_hal_gpio.o(.text) for HAL_GPIO_Init
    adc.o(.text) refers to stm32f4xx_hal_adc.o(.text) for HAL_ADC_Init
[...]
    .data.os                                 0x200085a4   Section      164  rtx_kernel.o(.data.os)
    .bss                                     0x20008648   Section      212  rtc.o(.bss)
    .bss                                     0x2000871c   Section     9420  emac_stm32f4xx.o(.bss)
    Emac                                     0x2000871c   Data          12  emac_stm32f4xx.o(.bss)
    rx_desc                                  0x20008728   Data         128  emac_stm32f4xx.o(.bss)
    tx_desc                                  0x200087a8   Data          64  emac_stm32f4xx.o(.bss)
    rx_buf                                   0x200087e8   Data        6144  emac_stm32f4xx.o(.bss)
    tx_buf                                   0x20009fe8   Data        3072  emac_stm32f4xx.o(.bss)
    .bss                                     0x2000abe8   Section       44  spi_stm32f4xx.o(.bss)
    SPI1_Info                                0x2000abe8   Data          16  spi_stm32f4xx.o(.bss)
    SPI1_TransferInfo                        0x2000abf8   Data          28  spi_stm32f4xx.o(.bss)
    STACK                                    0x2000ac18   Section     1024  startup_stm32f429xx.o(STACK)

    Global Symbols

    Symbol Name                              Value     Ov Type        Size  Object(Section)

    BuildAttributes$$THM_ISAv4$E$P$D$K$B$S$7EM$PE$A:L22UL41UL21$X:L11$S22US41US21$IEEE1$IW$~IW$USESV6$~STKCKD$USESV7$~SHL$OTIME$ROPI$EBA8$MICROLIB$REQ8$PRES8$EABIv2 0x00000000   Number         0  anon$$obj.o ABSOLUTE
    __ARM_use_no_argv                        0x00000000   Number         0  main.o ABSOLUTE
    _printf_a                                0x00000000   Number         0  stubs.o ABSOLUTE
    _printf_c                                0x00000000   Number         0  stubs.o ABSOLUTE
    _printf_charcount                        0x00000000   Number         0  stubs.o ABSOLUTE
    _printf_d                                0x00000000   Number         0  stubs.o ABSOLUTE
    _printf_e                                0x00000000   Number         0  stubs.o ABSOLUTE
    _printf_f                                0x00000000   Number         0  stubs.o ABSOLUTE
    _printf_flags                            0x00000000   Number         0  stubs.o ABSOLUTE
    _printf_fp_dec                           0x00000000   Number         0  stubs.o ABSOLUTE
    _printf_fp_hex                           0x00000000   Number         0  stubs.o ABSOLUTE
    _printf_g                                0x00000000   Number         0  stubs.o ABSOLUTE
    _printf_i                                0x00000000   Number         0  stubs.o ABSOLUTE
    _printf_int_dec                          0x00000000   Number         0  stubs.o ABSOLUTE
    _printf_l                                0x00000000   Number         0  stubs.o ABSOLUTE
    _printf_lc                               0x00000000   Number         0  stubs.o ABSOLUTE
    _printf_ll                               0x00000000   Number         0  stubs.o ABSOLUTE
    _printf_lld                              0x00000000   Number         0  stubs.o ABSOLUTE
    _printf_lli                              0x00000000   Number         0  stubs.o ABSOLUTE
    _printf_llo                              0x00000000   Number         0  stubs.o ABSOLUTE
    _printf_llu                              0x00000000   Number         0  stubs.o ABSOLUTE
    _printf_llx                              0x00000000   Number         0  stubs.o ABSOLUTE
    _printf_longlong_dec                     0x00000000   Number         0  stubs.o ABSOLUTE
    _printf_longlong_hex                     0x00000000   Number         0  stubs.o ABSOLUTE
    _printf_longlong_oct                     0x00000000   Number         0  stubs.o ABSOLUTE
    _printf_ls                               0x00000000   Number         0  stubs.o ABSOLUTE
    _printf_mbtowc                           0x00000000   Number         0  stubs.o ABSOLUTE
    _printf_n                                0x00000000   Number         0  stubs.o ABSOLUTE
    _printf_o                                0x00000000   Number         0  stubs.o ABSOLUTE
    _printf_p                                0x00000000   Number         0  stubs.o ABSOLUTE
    _printf_percent                          0x00000000   Number         0  stubs.o ABSOLUTE
    _printf_pre_padding                      0x00000000   Number         0  stubs.o ABSOLUTE
    _printf_return_value                     0x00000000   Number         0  stubs.o ABSOLUTE
    _printf_s                                0x00000000   Number         0  stubs.o ABSOLUTE
    _printf_sizespec                         0x00000000   Number         0  stubs.o ABSOLUTE
    _printf_str                              0x00000000   Number         0  stubs.o ABSOLUTE
    _printf_truncate_signed                  0x00000000   Number         0  stubs.o ABSOLUTE
    _printf_truncate_unsigned                0x00000000   Number         0  stubs.o ABSOLUTE
    _printf_u                                0x00000000   Number         0  stubs.o ABSOLUTE
    _printf_wc                               0x00000000   Number         0  stubs.o ABSOLUTE
    _printf_wctomb                           0x00000000   Number         0  stubs.o ABSOLUTE
    _printf_widthprec                        0x00000000   Number         0  stubs.o ABSOLUTE
    _printf_x                                0x00000000   Number         0  stubs.o ABSOLUTE
    .bss.os.evflags.cb$$Base                  - Undefined Weak Reference
    .bss.os.evflags.cb$$Limit                 - Undefined Weak Reference
    .bss.os.mempool.cb$$Base                  - Undefined Weak Reference
    .bss.os.mempool.cb$$Limit                 - Undefined Weak Reference
    .bss.os.mutex.cb$$Base                    - Undefined Weak Reference
    .bss.os.mutex.cb$$Limit                   - Undefined Weak Reference
    .bss.os.semaphore.cb$$Base                - Undefined Weak Reference
    .bss.os.semaphore.cb$$Limit               - Undefined Weak Reference
    .bss.os.timer.cb$$Base                    - Undefined Weak Reference
    .bss.os.timer.cb$$Limit                   - Undefined Weak Reference
    __arm_fini_                               - Undefined Weak Reference
    __cpp_initialize__aeabi_                  - Undefined Weak Reference
    __cxa_finalize                            - Undefined Weak Reference
    _clock_init                               - Undefined Weak Reference
    _microlib_exit                            - Undefined Weak Reference
    __Vectors_Size                           0x000001ac   Number         0  startup_stm32f429xx.o ABSOLUTE
    __Vectors                                0x08000000   Data           4  startup_stm32f429xx.o(RESET)
    __Vectors_End                            0x080001ac   Data           0  startup_stm32f429xx.o(RESET)
    __main                                   0x080001ad   Thumb Code     0  entry.o(.ARM.Collect$$$$00000000)
    _main_stk                                0x080001ad   Thumb Code     0  entry2.o(.ARM.Collect$$$$00000001)
    _main_scatterload                        0x080001b1   Thumb Code     0  entry5.o(.ARM.Collect$$$$00000004)
    __main_after_scatterload                 0x080001b5   Thumb Code     0  entry5.o(.ARM.Collect$$$$00000004)
    _main_clock                              0x080001b5   Thumb Code     0  entry7b.o(.ARM.Collect$$$$00000008)
    _main_cpp_init                           0x080001b5   Thumb Code     0  entry8b.o(.ARM.Collect$$$$0000000A)
    _main_init                               0x080001b5   Thumb Code     0  entry9a.o(.ARM.Collect$$$$0000000B)
    __rt_lib_shutdown_fini                   0x080001bd   Thumb Code     0  entry12b.o(.ARM.Collect$$$$0000000E)
    __rt_final_cpp                           0x080001c1   Thumb Code     0  entry10a.o(.ARM.Collect$$$$0000000F)
    __rt_final_exit                          0x080001c1   Thumb Code     0  entry11a.o(.ARM.Collect$$$$00000011)
    __asm___13_rtx_mempool_c_7914b4c7__atomic_wr8 0x080001c5   Thumb Code    16  rtx_mempool.o(.emb_text)
    __asm___13_rtx_mempool_c_7914b4c7__atomic_set32 0x080001d5   Thumb Code    20  rtx_mempool.o(.emb_text)
    __asm___13_rtx_mempool_c_7914b4c7__atomic_clr32 0x080001e9   Thumb Code    22  rtx_mempool.o(.emb_text)
    __asm___13_rtx_mempool_c_7914b4c7__atomic_chk32_all 0x080001ff   Thumb Code    38  rtx_mempool.o(.emb_text)
    __asm___13_rtx_mempool_c_7914b4c7__atomic_chk32_any 0x08000225   Thumb Code    34  rtx_mempool.o(.emb_text)
    __asm___13_rtx_mempool_c_7914b4c7__atomic_inc32 0x08000247   Thumb Code    18  rtx_mempool.o(.emb_text)
    __asm___13_rtx_mempool_c_7914b4c7__atomic_inc16_lt 0x08000259   Thumb Code    30  rtx_mempool.o(.emb_text)
    __asm___13_rtx_mempool_c_7914b4c7__atomic_inc16_lim 0x08000277   Thumb Code    26  rtx_mempool.o(.emb_text)
    __asm___13_rtx_mempool_c_7914b4c7__atomic_dec32 0x08000291   Thumb Code    18  rtx_mempool.o(.emb_text)
    __asm___13_rtx_mempool_c_7914b4c7__atomic_dec32_nz 0x080002a3   Thumb Code    26  rtx_mempool.o(.emb_text)
    __asm___13_rtx_mempool_c_7914b4c7__atomic_dec16_nz 0x080002bd   Thumb Code    26  rtx_mempool.o(.emb_text)
    __asm___13_rtx_mempool_c_7914b4c7__atomic_link_get 0x080002d7   Thumb Code    26  rtx_mempool.o(.emb_text)
    __asm___13_rtx_mempool_c_7914b4c7__atomic_link_put 0x080002f1   Thumb Code    28  rtx_mempool.o(.emb_text)
    __asm___14_rtx_msgqueue_c_a86a7a93__atomic_wr8 0x0800030d   Thumb Code    16  rtx_msgqueue.o(.emb_text)
    __asm___14_rtx_msgqueue_c_a86a7a93__atomic_set32 0x0800031d   Thumb Code    20  rtx_msgqueue.o(.emb_text)
    __asm___14_rtx_msgqueue_c_a86a7a93__atomic_clr32 0x08000331   Thumb Code    22  rtx_msgqueue.o(.emb_text)
    __asm___14_rtx_msgqueue_c_a86a7a93__atomic_chk32_all 0x08000347   Thumb Code    38  rtx_msgqueue.o(.emb_text)
    __asm___14_rtx_msgqueue_c_a86a7a93__atomic_chk32_any 0x0800036d   Thumb Code    34  rtx_msgqueue.o(.emb_text)
    __asm___14_rtx_msgqueue_c_a86a7a93__atomic_inc32 0x0800038f   Thumb Code    18  rtx_msgqueue.o(.emb_text)
    __asm___14_rtx_msgqueue_c_a86a7a93__atomic_inc16_lt 0x080003a1   Thumb Code    30  rtx_msgqueue.o(.emb_text)
    __asm___14_rtx_msgqueue_c_a86a7a93__atomic_inc16_lim 0x080003bf   Thumb Code    26  rtx_msgqueue.o(.emb_text)
    __asm___14_rtx_msgqueue_c_a86a7a93__atomic_dec32 0x080003d9   Thumb Code    18  rtx_msgqueue.o(.emb_text)
    __asm___14_rtx_msgqueue_c_a86a7a93__atomic_dec32_nz 0x080003eb   Thumb Code    26  rtx_msgqueue.o(.emb_text)
    __asm___14_rtx_msgqueue_c_a86a7a93__atomic_dec16_nz 0x08000405   Thumb Code    26  rtx_msgqueue.o(.emb_text)
    __asm___14_rtx_msgqueue_c_a86a7a93__atomic_link_get 0x0800041f   Thumb Code    26  rtx_msgqueue.o(.emb_text)
    __asm___14_rtx_msgqueue_c_a86a7a93__atomic_link_put 0x08000439   Thumb Code    28  rtx_msgqueue.o(.emb_text)
    __asm___12_rtx_system_c_024f2f18__atomic_wr8 0x08000455   Thumb Code    16  rtx_system.o(.emb_text)
    __asm___12_rtx_system_c_024f2f18__atomic_set32 0x08000465   Thumb Code    20  rtx_system.o(.emb_text)
    __asm___12_rtx_system_c_024f2f18__atomic_clr32 0x08000479   Thumb Code    22  rtx_system.o(.emb_text)
    __asm___12_rtx_system_c_024f2f18__atomic_chk32_all 0x0800048f   Thumb Code    38  rtx_system.o(.emb_text)
    __asm___12_rtx_system_c_024f2f18__atomic_chk32_any 0x080004b5   Thumb Code    34  rtx_system.o(.emb_text)
    __asm___12_rtx_system_c_024f2f18__atomic_inc32 0x080004d7   Thumb Code    18  rtx_system.o(.emb_text)
    __asm___12_rtx_system_c_024f2f18__atomic_inc16_lt 0x080004e9   Thumb Code    30  rtx_system.o(.emb_text)
    __asm___12_rtx_system_c_024f2f18__atomic_inc16_lim 0x08000507   Thumb Code    26  rtx_system.o(.emb_text)
    __asm___12_rtx_system_c_024f2f18__atomic_dec32 0x08000521   Thumb Code    18  rtx_system.o(.emb_text)
    __asm___12_rtx_system_c_024f2f18__atomic_dec32_nz 0x08000533   Thumb Code    26  rtx_system.o(.emb_text)
    __asm___12_rtx_system_c_024f2f18__atomic_dec16_nz 0x0800054d   Thumb Code    26  rtx_system.o(.emb_text)
    __asm___12_rtx_system_c_024f2f18__atomic_link_get 0x08000567   Thumb Code    26  rtx_system.o(.emb_text)
    __asm___12_rtx_system_c_024f2f18__atomic_link_put 0x08000581   Thumb Code    28  rtx_system.o(.emb_text)
    __asm___12_rtx_thread_c_add96be5__atomic_wr8 0x0800059d   Thumb Code    16  rtx_thread.o(.emb_text)
    __asm___12_rtx_thread_c_add96be5__atomic_set32 0x080005ad   Thumb Code    20  rtx_thread.o(.emb_text)
    __asm___12_rtx_thread_c_add96be5__atomic_clr32 0x080005c1   Thumb Code    22  rtx_thread.o(.emb_text)
    __asm___12_rtx_thread_c_add96be5__atomic_chk32_all 0x080005d7   Thumb Code    38  rtx_thread.o(.emb_text)
    __asm___12_rtx_thread_c_add96be5__atomic_chk32_any 0x080005fd   Thumb Code    34  rtx_thread.o(.emb_text)
    __asm___12_rtx_thread_c_add96be5__atomic_inc32 0x0800061f   Thumb Code    18  rtx_thread.o(.emb_text)
    __asm___12_rtx_thread_c_add96be5__atomic_inc16_lt 0x08000631   Thumb Code    30  rtx_thread.o(.emb_text)
    __asm___12_rtx_thread_c_add96be5__atomic_inc16_lim 0x0800064f   Thumb Code    26  rtx_thread.o(.emb_text)
    __asm___12_rtx_thread_c_add96be5__atomic_dec32 0x08000669   Thumb Code    18  rtx_thread.o(.emb_text)
    __asm___12_rtx_thread_c_add96be5__atomic_dec32_nz 0x0800067b   Thumb Code    26  rtx_thread.o(.emb_text)
    __asm___12_rtx_thread_c_add96be5__atomic_dec16_nz 0x08000695   Thumb Code    26  rtx_thread.o(.emb_text)
    __asm___12_rtx_thread_c_add96be5__atomic_link_get 0x080006af   Thumb Code    26  rtx_thread.o(.emb_text)
    __asm___12_rtx_thread_c_add96be5__atomic_link_put 0x080006c9   Thumb Code    28  rtx_thread.o(.emb_text)
    __asm___15_EventRecorder_c_e8d3082c__atomic_inc8 0x080006e5   Thumb Code    18  eventrecorder.o(.emb_text)
    __asm___15_EventRecorder_c_e8d3082c__atomic_inc32 0x080006f7   Thumb Code    18  eventrecorder.o(.emb_text)
    __asm___15_EventRecorder_c_e8d3082c__atomic_xch32 0x08000709   Thumb Code    16  eventrecorder.o(.emb_text)
    __asm___15_EventRecorder_c_e8d3082c__LockRecord 0x08000719   Thumb Code    34  eventrecorder.o(.emb_text)
    __asm___15_EventRecorder_c_e8d3082c__UnlockRecord 0x0800073b   Thumb Code    30  eventrecorder.o(.emb_text)
    HAL_GetTick                              0x08000759   Thumb Code    66  main.o(.text)
    main                                     0x08000851   Thumb Code    28  main.o(.text)
    RTC_CalenConfig                          0x08000889   Thumb Code    84  rtc.o(.text)
    RTC_Init                                 0x080008dd   Thumb Code   210  rtc.o(.text)
    RTC_Alarm_IRQHandler                     0x080009af   Thumb Code    10  rtc.o(.text)
    HAL_RTC_AlarmAEventCallback              0x080009b9   Thumb Code    16  rtc.o(.text)
    RTC_WEB                                  0x080009c9   Thumb Code    72  rtc.o(.text)
    SVC_Handler                              0x08000a51   Thumb Code   108  irq_armv7m.o(.text)
    PendSV_Handler                           0x08000abd   Thumb Code    16  irq_armv7m.o(.text)
    SysTick_Handler                          0x08000acd   Thumb Code    16  irq_armv7m.o(.text)
    EvrRtxMemoryInit                         0x08000ae5   Thumb Code    28  rtx_evr.o(.text)
    EvrRtxMemoryAlloc                        0x08000b01   Thumb Code    26  rtx_evr.o(.text)
    EvrRtxMemoryFree                         0x08000b1b   Thumb Code    28  rtx_evr.o(.text)
    EvrRtxMemoryBlockInit                    0x08000b37   Thumb Code    28  rtx_evr.o(.text)
    EvrRtxMemoryBlockAlloc                   0x08000b53   Thumb Code    20  rtx_evr.o(.text)
    EvrRtxMemoryBlockFree                    0x08000b67   Thumb Code    28  rtx_evr.o(.text)
    EvrRtxKernelError                        0x08000b83   Thumb Code    18  rtx_evr.o(.text)
    EvrRtxKernelInitialize                   0x08000b95   Thumb Code    14  rtx_evr.o(.text)
    EvrRtxKernelInitialized                  0x08000ba3   Thumb Code    14  rtx_evr.o(.text)
    EvrRtxKernelGetInfo                      0x08000bb1   Thumb Code    28  rtx_evr.o(.text)
    EvrRtxKernelInfoRetrieved                0x08000bcd   Thumb Code    36  rtx_evr.o(.text)
    EvrRtxKernelStart                        0x08000bf1   Thumb Code    16  rtx_evr.o(.text)
    EvrRtxKernelStarted                      0x08000c01   Thumb Code    16  rtx_evr.o(.text)
    EvrRtxKernelLock                         0x08000c11   Thumb Code    16  rtx_evr.o(.text)
    EvrRtxKernelLocked                       0x08000c21   Thumb Code    18  rtx_evr.o(.text)
    EvrRtxKernelUnlock                       0x08000c33   Thumb Code    16  rtx_evr.o(.text)
    EvrRtxKernelUnlocked                     0x08000c43   Thumb Code    18  rtx_evr.o(.text)
    EvrRtxKernelRestoreLock                  0x08000c55   Thumb Code    18  rtx_evr.o(.text)
    EvrRtxKernelLockRestored                 0x08000c67   Thumb Code    18  rtx_evr.o(.text)
    EvrRtxKernelSuspend                      0x08000c79   Thumb Code    16  rtx_evr.o(.text)
    EvrRtxKernelSuspended                    0x08000c89   Thumb Code    18  rtx_evr.o(.text)
    EvrRtxKernelResume                       0x08000c9b   Thumb Code    18  rtx_evr.o(.text)
    EvrRtxKernelResumed                      0x08000cad   Thumb Code    16  rtx_evr.o(.text)
    EvrRtxKernelGetTickCount                 0x08000cbd   Thumb Code    18  rtx_evr.o(.text)
    EvrRtxKernelGetTickFreq                  0x08000ccf   Thumb Code    18  rtx_evr.o(.text)
    EvrRtxKernelGetSysTimerCount             0x08000ce1   Thumb Code    18  rtx_evr.o(.text)
    EvrRtxKernelGetSysTimerFreq              0x08000cf3   Thumb Code    18  rtx_evr.o(.text)
    EvrRtxKernelErrorNotify                  0x08000d05   Thumb Code    20  rtx_evr.o(.text)
    EvrRtxThreadError                        0x08000d19   Thumb Code    20  rtx_evr.o(.text)
    EvrRtxThreadNew                          0x08000d2d   Thumb Code    26  rtx_evr.o(.text)
    EvrRtxThreadCreated                      0x08000d47   Thumb Code    36  rtx_evr.o(.text)
    EvrRtxThreadGetName                      0x08000d6b   Thumb Code    20  rtx_evr.o(.text)
    EvrRtxThreadGetId                        0x08000d7f   Thumb Code    18  rtx_evr.o(.text)
    EvrRtxThreadGetState                     0x08000d91   Thumb Code    20  rtx_evr.o(.text)
    EvrRtxThreadGetStackSize                 0x08000da5   Thumb Code    20  rtx_evr.o(.text)
    EvrRtxThreadGetStackSpace                0x08000db9   Thumb Code    20  rtx_evr.o(.text)
    EvrRtxThreadSetPriority                  0x08000dcd   Thumb Code    20  rtx_evr.o(.text)
    EvrRtxThreadPriorityUpdated              0x08000de1   Thumb Code    20  rtx_evr.o(.text)
    EvrRtxThreadGetPriority                  0x08000df5   Thumb Code    20  rtx_evr.o(.text)
    EvrRtxThreadYield                        0x08000e09   Thumb Code    16  rtx_evr.o(.text)
    EvrRtxThreadSuspend                      0x08000e19   Thumb Code    18  rtx_evr.o(.text)
    EvrRtxThreadSuspended                    0x08000e2b   Thumb Code    18  rtx_evr.o(.text)
    EvrRtxThreadResume                       0x08000e3d   Thumb Code    18  rtx_evr.o(.text)
    EvrRtxThreadResumed                      0x08000e4f   Thumb Code    18  rtx_evr.o(.text)
    EvrRtxThreadDetach                       0x08000e61   Thumb Code    18  rtx_evr.o(.text)
    EvrRtxThreadDetached                     0x08000e73   Thumb Code    18  rtx_evr.o(.text)
    EvrRtxThreadJoin                         0x08000e85   Thumb Code    18  rtx_evr.o(.text)
    EvrRtxThreadJoinPending                  0x08000e97   Thumb Code    18  rtx_evr.o(.text)
    EvrRtxThreadJoined                       0x08000ea9   Thumb Code    18  rtx_evr.o(.text)
    EvrRtxThreadBlocked                      0x08000ebb   Thumb Code    18  rtx_evr.o(.text)
    EvrRtxThreadUnblocked                    0x08000ecd   Thumb Code    20  rtx_evr.o(.text)
    EvrRtxThreadPreempted                    0x08000ee1   Thumb Code    48  rtx_evr.o(.text)
    EvrRtxThreadSwitched                     0x08000f11   Thumb Code    16  rtx_evr.o(.text)
    EvrRtxThreadExit                         0x08000f21   Thumb Code    14  rtx_evr.o(.text)
    EvrRtxThreadTerminate                    0x08000f2f   Thumb Code    18  rtx_evr.o(.text)
    EvrRtxThreadDestroyed                    0x08000f41   Thumb Code    18  rtx_evr.o(.text)
    EvrRtxThreadGetCount                     0x08000f53   Thumb Code    18  rtx_evr.o(.text)
    EvrRtxThreadEnumerate                    0x08000f65   Thumb Code    28  rtx_evr.o(.text)
    EvrRtxThreadFlagsError                   0x08000f81   Thumb Code    20  rtx_evr.o(.text)
    EvrRtxThreadFlagsSet                     0x08000f95   Thumb Code    18  rtx_evr.o(.text)
    EvrRtxThreadFlagsSetDone                 0x08000fa7   Thumb Code    18  rtx_evr.o(.text)
    EvrRtxThreadFlagsClear                   0x08000fb9   Thumb Code    18  rtx_evr.o(.text)
    EvrRtxThreadFlagsClearDone               0x08000fcb   Thumb Code    18  rtx_evr.o(.text)
    EvrRtxThreadFlagsGet                     0x08000fdd   Thumb Code    18  rtx_evr.o(.text)
    EvrRtxThreadFlagsWait                    0x08000fef   Thumb Code    28  rtx_evr.o(.text)
    EvrRtxThreadFlagsWaitPending             0x0800100b   Thumb Code    28  rtx_evr.o(.text)
    EvrRtxThreadFlagsWaitTimeout             0x08001027   Thumb Code    18  rtx_evr.o(.text)
    EvrRtxThreadFlagsWaitCompleted           0x08001039   Thumb Code    28  rtx_evr.o(.text)
    EvrRtxThreadFlagsWaitNotCompleted        0x08001055   Thumb Code    20  rtx_evr.o(.text)
    EvrRtxDelayError                         0x08001069   Thumb Code    18  rtx_evr.o(.text)
    EvrRtxDelay                              0x0800107b   Thumb Code    18  rtx_evr.o(.text)
    EvrRtxDelayUntil                         0x0800108d   Thumb Code    18  rtx_evr.o(.text)
    EvrRtxDelayStarted                       0x0800109f   Thumb Code    18  rtx_evr.o(.text)
    EvrRtxDelayUntilStarted                  0x080010b1   Thumb Code    18  rtx_evr.o(.text)
    EvrRtxDelayCompleted                     0x080010c3   Thumb Code    18  rtx_evr.o(.text)
    EvrRtxTimerError                         0x080010d5   Thumb Code    20  rtx_evr.o(.text)
    EvrRtxTimerCallback                      0x080010e9   Thumb Code    18  rtx_evr.o(.text)
    EvrRtxTimerNew                           0x080010fb   Thumb Code    26  rtx_evr.o(.text)
    EvrRtxTimerCreated                       0x08001115   Thumb Code    20  rtx_evr.o(.text)
    EvrRtxTimerGetName                       0x08001129   Thumb Code    20  rtx_evr.o(.text)
    EvrRtxTimerStart                         0x0800113d   Thumb Code    20  rtx_evr.o(.text)
    EvrRtxTimerStarted                       0x08001151   Thumb Code    18  rtx_evr.o(.text)
    EvrRtxTimerStop                          0x08001163   Thumb Code    18  rtx_evr.o(.text)
    EvrRtxTimerStopped                       0x08001175   Thumb Code    18  rtx_evr.o(.text)
    EvrRtxTimerIsRunning                     0x08001187   Thumb Code    20  rtx_evr.o(.text)
    EvrRtxTimerDelete                        0x0800119b   Thumb Code    18  rtx_evr.o(.text)
    EvrRtxTimerDestroyed                     0x080011ad   Thumb Code    18  rtx_evr.o(.text)
    EvrRtxEventFlagsError                    0x080011bf   Thumb Code    20  rtx_evr.o(.text)
    EvrRtxEventFlagsNew                      0x080011d3   Thumb Code    16  rtx_evr.o(.text)
    EvrRtxEventFlagsCreated                  0x080011e3   Thumb Code    20  rtx_evr.o(.text)
    EvrRtxEventFlagsGetName                  0x080011f7   Thumb Code    20  rtx_evr.o(.text)
    EvrRtxEventFlagsSet                      0x0800120b   Thumb Code    20  rtx_evr.o(.text)
    EvrRtxEventFlagsSetDone                  0x0800121f   Thumb Code    20  rtx_evr.o(.text)
    EvrRtxEventFlagsClear                    0x08001233   Thumb Code    20  rtx_evr.o(.text)
    EvrRtxEventFlagsClearDone                0x08001247   Thumb Code    20  rtx_evr.o(.text)
    EvrRtxEventFlagsGet                      0x0800125b   Thumb Code    20  rtx_evr.o(.text)
    EvrRtxEventFlagsWait                     0x0800126f   Thumb Code    28  rtx_evr.o(.text)
    EvrRtxEventFlagsWaitPending              0x0800128b   Thumb Code    28  rtx_evr.o(.text)
    EvrRtxEventFlagsWaitTimeout              0x080012a7   Thumb Code    18  rtx_evr.o(.text)
    EvrRtxEventFlagsWaitCompleted            0x080012b9   Thumb Code    28  rtx_evr.o(.text)
    EvrRtxEventFlagsWaitNotCompleted         0x080012d5   Thumb Code    28  rtx_evr.o(.text)
    EvrRtxEventFlagsDelete                   0x080012f1   Thumb Code    48  rtx_evr.o(.text)
    EvrRtxEventFlagsDestroyed                0x08001321   Thumb Code    16  rtx_evr.o(.text)
    EvrRtxMutexError                         0x08001331   Thumb Code    20  rtx_evr.o(.text)
    EvrRtxMutexNew                           0x08001345   Thumb Code    16  rtx_evr.o(.text)
    EvrRtxMutexCreated                       0x08001355   Thumb Code    18  rtx_evr.o(.text)
    EvrRtxMutexGetName                       0x08001367   Thumb Code    20  rtx_evr.o(.text)
    EvrRtxMutexAcquire                       0x0800137b   Thumb Code    20  rtx_evr.o(.text)
    EvrRtxMutexAcquirePending                0x0800138f   Thumb Code    20  rtx_evr.o(.text)
    EvrRtxMutexAcquireTimeout                0x080013a3   Thumb Code    18  rtx_evr.o(.text)
    EvrRtxMutexAcquired                      0x080013b5   Thumb Code    20  rtx_evr.o(.text)
    EvrRtxMutexNotAcquired                   0x080013c9   Thumb Code    18  rtx_evr.o(.text)
    EvrRtxMutexRelease                       0x080013db   Thumb Code    18  rtx_evr.o(.text)
    EvrRtxMutexReleased                      0x080013ed   Thumb Code    20  rtx_evr.o(.text)
    EvrRtxMutexGetOwner                      0x08001401   Thumb Code    20  rtx_evr.o(.text)
    EvrRtxMutexDelete                        0x08001415   Thumb Code    18  rtx_evr.o(.text)
    EvrRtxMutexDestroyed                     0x08001427   Thumb Code    18  rtx_evr.o(.text)
    EvrRtxSemaphoreError                     0x08001439   Thumb Code    20  rtx_evr.o(.text)
    EvrRtxSemaphoreNew                       0x0800144d   Thumb Code    26  rtx_evr.o(.text)
    EvrRtxSemaphoreCreated                   0x08001467   Thumb Code    18  rtx_evr.o(.text)
    EvrRtxSemaphoreGetName                   0x08001479   Thumb Code    20  rtx_evr.o(.text)
    EvrRtxSemaphoreAcquire                   0x0800148d   Thumb Code    20  rtx_evr.o(.text)
    EvrRtxSemaphoreAcquirePending            0x080014a1   Thumb Code    20  rtx_evr.o(.text)
    EvrRtxSemaphoreAcquireTimeout            0x080014b5   Thumb Code    18  rtx_evr.o(.text)
    EvrRtxSemaphoreAcquired                  0x080014c7   Thumb Code    20  rtx_evr.o(.text)
    EvrRtxSemaphoreNotAcquired               0x080014db   Thumb Code    18  rtx_evr.o(.text)
    EvrRtxSemaphoreRelease                   0x080014ed   Thumb Code    18  rtx_evr.o(.text)
    EvrRtxSemaphoreReleased                  0x080014ff   Thumb Code    20  rtx_evr.o(.text)
    EvrRtxSemaphoreGetCount                  0x08001513   Thumb Code    20  rtx_evr.o(.text)
    EvrRtxSemaphoreDelete                    0x08001527   Thumb Code    18  rtx_evr.o(.text)
    EvrRtxSemaphoreDestroyed                 0x08001539   Thumb Code    18  rtx_evr.o(.text)
    EvrRtxMemoryPoolError                    0x0800154b   Thumb Code    20  rtx_evr.o(.text)
    EvrRtxMemoryPoolNew                      0x0800155f   Thumb Code    26  rtx_evr.o(.text)
    EvrRtxMemoryPoolCreated                  0x08001579   Thumb Code    18  rtx_evr.o(.text)
    EvrRtxMemoryPoolGetName                  0x0800158b   Thumb Code    20  rtx_evr.o(.text)
    EvrRtxMemoryPoolAlloc                    0x0800159f   Thumb Code    20  rtx_evr.o(.text)
    EvrRtxMemoryPoolAllocPending             0x080015b3   Thumb Code    20  rtx_evr.o(.text)
    EvrRtxMemoryPoolAllocTimeout             0x080015c7   Thumb Code    18  rtx_evr.o(.text)
    EvrRtxMemoryPoolAllocated                0x080015d9   Thumb Code    20  rtx_evr.o(.text)
    EvrRtxMemoryPoolAllocFailed              0x080015ed   Thumb Code    18  rtx_evr.o(.text)
    EvrRtxMemoryPoolFree                     0x080015ff   Thumb Code    20  rtx_evr.o(.text)
    EvrRtxMemoryPoolDeallocated              0x08001613   Thumb Code    20  rtx_evr.o(.text)
    EvrRtxMemoryPoolFreeFailed               0x08001627   Thumb Code    20  rtx_evr.o(.text)
    EvrRtxMemoryPoolGetCapacity              0x0800163b   Thumb Code    20  rtx_evr.o(.text)
    EvrRtxMemoryPoolGetBlockSize             0x0800164f   Thumb Code    20  rtx_evr.o(.text)
    EvrRtxMemoryPoolGetCount                 0x08001663   Thumb Code    20  rtx_evr.o(.text)
    EvrRtxMemoryPoolGetSpace                 0x08001677   Thumb Code    20  rtx_evr.o(.text)
    EvrRtxMemoryPoolDelete                   0x0800168b   Thumb Code    18  rtx_evr.o(.text)
    EvrRtxMemoryPoolDestroyed                0x0800169d   Thumb Code    18  rtx_evr.o(.text)
    EvrRtxMessageQueueError                  0x080016af   Thumb Code    20  rtx_evr.o(.text)
    EvrRtxMessageQueueNew                    0x080016c3   Thumb Code    26  rtx_evr.o(.text)
    EvrRtxMessageQueueCreated                0x080016dd   Thumb Code    18  rtx_evr.o(.text)
    EvrRtxMessageQueueGetName                0x080016ef   Thumb Code    20  rtx_evr.o(.text)
    EvrRtxMessageQueuePut                    0x08001703   Thumb Code    66  rtx_evr.o(.text)
    EvrRtxMessageQueuePutPending             0x08001745   Thumb Code    26  rtx_evr.o(.text)
    EvrRtxMessageQueuePutTimeout             0x0800175f   Thumb Code    18  rtx_evr.o(.text)
    EvrRtxMessageQueueInsertPending          0x08001771   Thumb Code    20  rtx_evr.o(.text)
    EvrRtxMessageQueueInserted               0x08001785   Thumb Code    20  rtx_evr.o(.text)
    EvrRtxMessageQueueNotInserted            0x08001799   Thumb Code    20  rtx_evr.o(.text)
    EvrRtxMessageQueueGet                    0x080017ad   Thumb Code    26  rtx_evr.o(.text)
    EvrRtxMessageQueueGetPending             0x080017c7   Thumb Code    28  rtx_evr.o(.text)
    EvrRtxMessageQueueGetTimeout             0x080017e3   Thumb Code    18  rtx_evr.o(.text)
    EvrRtxMessageQueueRetrieved              0x080017f5   Thumb Code    20  rtx_evr.o(.text)
    EvrRtxMessageQueueNotRetrieved           0x08001809   Thumb Code    20  rtx_evr.o(.text)
    EvrRtxMessageQueueGetCapacity            0x0800181d   Thumb Code    20  rtx_evr.o(.text)
    EvrRtxMessageQueueGetMsgSize             0x08001831   Thumb Code    20  rtx_evr.o(.text)
    EvrRtxMessageQueueGetCount               0x08001845   Thumb Code    20  rtx_evr.o(.text)
    EvrRtxMessageQueueGetSpace               0x08001859   Thumb Code    20  rtx_evr.o(.text)
    EvrRtxMessageQueueReset                  0x0800186d   Thumb Code    18  rtx_evr.o(.text)
    EvrRtxMessageQueueResetDone              0x0800187f   Thumb Code    18  rtx_evr.o(.text)
    EvrRtxMessageQueueDelete                 0x08001891   Thumb Code    18  rtx_evr.o(.text)
    EvrRtxMessageQueueDestroyed              0x080018a3   Thumb Code    18  rtx_evr.o(.text)
    osRtxKernelErrorNotify                   0x08001e85   Thumb Code    24  rtx_kernel.o(.text)
    osKernelInitialize                       0x08001e9d   Thumb Code    52  rtx_kernel.o(.text)
    osKernelGetInfo                          0x08001ed1   Thumb Code    76  rtx_kernel.o(.text)
    osKernelGetState                         0x08001f1d   Thumb Code    44  rtx_kernel.o(.text)
    osKernelStart                            0x08001f49   Thumb Code    48  rtx_kernel.o(.text)
    osKernelLock                             0x08001f79   Thumb Code    48  rtx_kernel.o(.text)
    osKernelUnlock                           0x08001fa9   Thumb Code    48  rtx_kernel.o(.text)
    osKernelRestoreLock                      0x08001fd9   Thumb Code    54  rtx_kernel.o(.text)
    osKernelSuspend                          0x0800200f   Thumb Code    46  rtx_kernel.o(.text)
    osKernelResume                           0x0800203d   Thumb Code    48  rtx_kernel.o(.text)
    osKernelGetTickCount                     0x0800206d   Thumb Code    38  rtx_kernel.o(.text)
    osKernelGetTickFreq                      0x08002093   Thumb Code    38  rtx_kernel.o(.text)
    osKernelGetSysTimerCount                 0x080020b9   Thumb Code    92  rtx_kernel.o(.text)
    osKernelGetSysTimerFreq                  0x08002115   Thumb Code    38  rtx_kernel.o(.text)
    osRtxKernelPreInit                       0x0800216d   Thumb Code    24  rtx_lib.o(.text)
    osRtxMemoryInit                          0x08002185   Thumb Code   106  rtx_memory.o(.text)
    osRtxMemoryAlloc                         0x080021ef   Thumb Code   238  rtx_memory.o(.text)
    osRtxMemoryFree                          0x080022dd   Thumb Code   124  rtx_memory.o(.text)
    osRtxMemoryPoolInit                      0x0800237d   Thumb Code    88  rtx_mempool.o(.text)
    osRtxMemoryPoolAlloc                     0x080023d5   Thumb Code    48  rtx_mempool.o(.text)
    osRtxMemoryPoolFree                      0x08002405   Thumb Code    68  rtx_mempool.o(.text)
    osMemoryPoolNew                          0x0800285d   Thumb Code    70  rtx_mempool.o(.text)
    osMemoryPoolGetName                      0x080028a3   Thumb Code    46  rtx_mempool.o(.text)
    osMemoryPoolAlloc                        0x080028d1   Thumb Code   144  rtx_mempool.o(.text)
    osMemoryPoolFree                         0x08002961   Thumb Code    58  rtx_mempool.o(.text)
    osMemoryPoolGetCapacity                  0x0800299b   Thumb Code    44  rtx_mempool.o(.text)
    osMemoryPoolGetBlockSize                 0x080029c7   Thumb Code    44  rtx_mempool.o(.text)
    osMemoryPoolGetCount                     0x080029f3   Thumb Code    44  rtx_mempool.o(.text)
    osMemoryPoolGetSpace                     0x08002a1f   Thumb Code    44  rtx_mempool.o(.text)
    osMemoryPoolDelete                       0x08002a4b   Thumb Code    56  rtx_mempool.o(.text)
    osRtxMessageQueueTimerSetup              0x080032f3   Thumb Code    36  rtx_msgqueue.o(.text)
    osMessageQueueNew                        0x08003317   Thumb Code    70  rtx_msgqueue.o(.text)
    osMessageQueueGetName                    0x0800335d   Thumb Code    46  rtx_msgqueue.o(.text)
    osMessageQueuePut                        0x0800338b   Thumb Code    78  rtx_msgqueue.o(.text)
    osMessageQueueGet                        0x080033d9   Thumb Code    78  rtx_msgqueue.o(.text)
    osMessageQueueGetCapacity                0x08003427   Thumb Code    44  rtx_msgqueue.o(.text)
    osMessageQueueGetMsgSize                 0x08003453   Thumb Code    44  rtx_msgqueue.o(.text)
    osMessageQueueGetCount                   0x0800347f   Thumb Code    44  rtx_msgqueue.o(.text)
    osMessageQueueGetSpace                   0x080034ab   Thumb Code    44  rtx_msgqueue.o(.text)
    osMessageQueueReset                      0x080034d7   Thumb Code    56  rtx_msgqueue.o(.text)
    osMessageQueueDelete                     0x0800350f   Thumb Code    56  rtx_msgqueue.o(.text)
    osRtxMutexOwnerRelease                   0x080036a9   Thumb Code   102  rtx_mutex.o(.text)
    osRtxMutexOwnerRestore                   0x0800370f   Thumb Code    88  rtx_mutex.o(.text)
    osMutexNew                               0x08003b67   Thumb Code    62  rtx_mutex.o(.text)
    osMutexGetName                           0x08003ba5   Thumb Code    46  rtx_mutex.o(.text)
    osMutexAcquire                           0x08003bd3   Thumb Code    62  rtx_mutex.o(.text)
    osMutexRelease                           0x08003c11   Thumb Code    56  rtx_mutex.o(.text)
    osMutexGetOwner                          0x08003c49   Thumb Code    46  rtx_mutex.o(.text)
    osMutexDelete                            0x08003c77   Thumb Code    56  rtx_mutex.o(.text)
    osRtxTick_Handler                        0x08003d3b   Thumb Code   152  rtx_system.o(.text)
    osRtxPendSV_Handler                      0x08003dd3   Thumb Code   130  rtx_system.o(.text)
    osRtxPostProcess                         0x08003e55   Thumb Code    50  rtx_system.o(.text)
    osRtxThreadListPut                       0x08003f2b   Thumb Code    44  rtx_thread.o(.text)
    osRtxThreadListGet                       0x08003f57   Thumb Code    26  rtx_thread.o(.text)
    osRtxThreadListRemove                    0x08003f81   Thumb Code    26  rtx_thread.o(.text)
    osRtxThreadListSort                      0x08003f9b   Thumb Code    42  rtx_thread.o(.text)
    osRtxThreadReadyPut                      0x08003fe5   Thumb Code    18  rtx_thread.o(.text)
    osRtxThreadRegPtr                        0x080040bf   Thumb Code    14  rtx_thread.o(.text)
    osRtxThreadDelayTick                     0x080040cd   Thumb Code   302  rtx_thread.o(.text)
    osRtxThreadSwitch                        0x08004235   Thumb Code    22  rtx_thread.o(.text)
    osRtxThreadDispatch                      0x0800424b   Thumb Code   104  rtx_thread.o(.text)
    osRtxThreadWaitExit                      0x080042b3   Thumb Code    54  rtx_thread.o(.text)
    osRtxThreadWaitEnter                     0x080042e9   Thumb Code    72  rtx_thread.o(.text)
    osRtxThreadStackCheck                    0x08004331   Thumb Code    28  rtx_thread.o(.text)
    osThreadExit                             0x080044b1   Thumb Code    28  rtx_thread.o(.text)
    osRtxThreadStartup                       0x08004ea3   Thumb Code    82  rtx_thread.o(.text)
    osThreadNew                              0x08004ef5   Thumb Code    70  rtx_thread.o(.text)
    osThreadGetName                          0x08004f3b   Thumb Code    46  rtx_thread.o(.text)
    osThreadGetId                            0x08004f69   Thumb Code    38  rtx_thread.o(.text)
    osThreadGetState                         0x08004f8f   Thumb Code    50  rtx_thread.o(.text)
    osThreadGetStackSize                     0x08004fc1   Thumb Code    46  rtx_thread.o(.text)
    osThreadGetStackSpace                    0x08004fef   Thumb Code    80  rtx_thread.o(.text)
    osThreadSetPriority                      0x0800503f   Thumb Code    62  rtx_thread.o(.text)
    osThreadGetPriority                      0x0800507d   Thumb Code    50  rtx_thread.o(.text)
    osThreadYield                            0x080050af   Thumb Code    50  rtx_thread.o(.text)
    osThreadSuspend                          0x080050e1   Thumb Code    56  rtx_thread.o(.text)
    osThreadResume                           0x08005119   Thumb Code    56  rtx_thread.o(.text)
    osThreadDetach                           0x08005151   Thumb Code    56  rtx_thread.o(.text)
    osThreadJoin                             0x08005189   Thumb Code    56  rtx_thread.o(.text)
    osThreadTerminate                        0x080051c1   Thumb Code    56  rtx_thread.o(.text)
    osThreadGetCount                         0x080051f9   Thumb Code    40  rtx_thread.o(.text)
    osThreadEnumerate                        0x08005221   Thumb Code    52  rtx_thread.o(.text)
    osThreadFlagsSet                         0x08005255   Thumb Code    58  rtx_thread.o(.text)
    osThreadFlagsClear                       0x0800528f   Thumb Code    56  rtx_thread.o(.text)
    osThreadFlagsGet                         0x080052c7   Thumb Code    40  rtx_thread.o(.text)
    osThreadFlagsWait                        0x080052ef   Thumb Code    72  rtx_thread.o(.text)
    osRtxTimerSetup                          0x08005515   Thumb Code    24  rtx_timer.o(.text)
    osRtxTimerThread                         0x0800552d   Thumb Code    44  rtx_timer.o(.text)
    osTimerNew                               0x080057a5   Thumb Code    76  rtx_timer.o(.text)
    osTimerGetName                           0x080057f1   Thumb Code    58  rtx_timer.o(.text)
    osTimerStart                             0x0800582b   Thumb Code    62  rtx_timer.o(.text)
    osTimerStop                              0x08005869   Thumb Code    56  rtx_timer.o(.text)
    osTimerIsRunning                         0x080058a1   Thumb Code    46  rtx_timer.o(.text)
    osTimerDelete                            0x080058cf   Thumb Code    56  rtx_timer.o(.text)
    OS_Tick_Setup                            0x08005935   Thumb Code    66  os_systick.o(.text)
    OS_Tick_Enable                           0x08005977   Thumb Code    40  os_systick.o(.text)
    OS_Tick_Disable                          0x0800599f   Thumb Code    46  os_systick.o(.text)
    OS_Tick_AcknowledgeIRQ                   0x080059cd   Thumb Code     8  os_systick.o(.text)
    OS_Tick_GetIRQn                          0x080059d5   Thumb Code     6  os_systick.o(.text)
    OS_Tick_GetClock                         0x080059db   Thumb Code     6  os_systick.o(.text)
    OS_Tick_GetInterval                      0x080059e1   Thumb Code    10  os_systick.o(.text)
    OS_Tick_GetCount                         0x080059eb   Thumb Code    12  os_systick.o(.text)
    OS_Tick_GetOverflow                      0x080059f7   Thumb Code    12  os_systick.o(.text)
    osRtxIdleThread                          0x08005a11   Thumb Code     4  rtx_config.o(.text)
    osRtxErrorNotify                         0x08005a15   Thumb Code    32  rtx_config.o(.text)
    ETH_IRQHandler                           0x080066e9   Thumb Code    72  emac_stm32f4xx.o(.text)
    SPI1_IRQHandler                          0x08007747   Thumb Code    10  spi_stm32f4xx.o(.text)
    EventRecorderTimerGetCount               0x08007823   Thumb Code     6  eventrecorder.o(.text)
    EventRecorderTimerSetup                  0x080078c7   Thumb Code    28  eventrecorder.o(.text)
    EventRecorderTimerGetFreq                0x080078e3   Thumb Code     6  eventrecorder.o(.text)
    EventRecorderStart                       0x080078e9   Thumb Code    44  eventrecorder.o(.text)
    EventRecorderEnable                      0x08007915   Thumb Code    88  eventrecorder.o(.text)
    EventRecorderInitialize                  0x0800796d   Thumb Code   300  eventrecorder.o(.text)
    EventRecorderDisable                     0x08007a99   Thumb Code    88  eventrecorder.o(.text)
    EventRecorderStop                        0x08007af1   Thumb Code    46  eventrecorder.o(.text)
    EventRecorderClockUpdate                 0x08007b1f   Thumb Code    78  eventrecorder.o(.text)
    EventRecordData                          0x08007b6d   Thumb Code   278  eventrecorder.o(.text)
    EventRecord2                             0x08007c83   Thumb Code    70  eventrecorder.o(.text)
    EventRecord4                             0x08007cc9   Thumb Code   118  eventrecorder.o(.text)
    HAL_MspInit                              0x08007d4d   Thumb Code     2  stm32f4xx_hal.o(.text)
    HAL_InitTick                             0x08007d4f   Thumb Code    64  stm32f4xx_hal.o(.text)
    HAL_Init                                 0x08007d8f   Thumb Code    44  stm32f4xx_hal.o(.text)
    HAL_MspDeInit                            0x08007dbb   Thumb Code     2  stm32f4xx_hal.o(.text)
    HAL_DeInit                               0x08007dbd   Thumb Code    64  stm32f4xx_hal.o(.text)
    HAL_IncTick                              0x08007dfd   Thumb Code    16  stm32f4xx_hal.o(.text)
    HAL_GetTickPrio                          0x08007e13   Thumb Code     6  stm32f4xx_hal.o(.text)
    HAL_SetTickFreq                          0x08007e19   Thumb Code    40  stm32f4xx_hal.o(.text)
    HAL_GetTickFreq                          0x08007e41   Thumb Code     6  stm32f4xx_hal.o(.text)
    HAL_Delay                                0x08007e47   Thumb Code    36  stm32f4xx_hal.o(.text)
    HAL_SuspendTick                          0x08007e6b   Thumb Code    18  stm32f4xx_hal.o(.text)
    HAL_ResumeTick                           0x08007e7d   Thumb Code    18  stm32f4xx_hal.o(.text)
    HAL_GetHalVersion                        0x08007e8f   Thumb Code     4  stm32f4xx_hal.o(.text)
    HAL_GetREVID                             0x08007e93   Thumb Code     8  stm32f4xx_hal.o(.text)
    HAL_GetDEVID                             0x08007e9b   Thumb Code    10  stm32f4xx_hal.o(.text)
    HAL_DBGMCU_EnableDBGSleepMode            0x08007ea5   Thumb Code    14  stm32f4xx_hal.o(.text)
    HAL_DBGMCU_DisableDBGSleepMode           0x08007eb3   Thumb Code    14  stm32f4xx_hal.o(.text)
    HAL_DBGMCU_EnableDBGStopMode             0x08007ec1   Thumb Code    14  stm32f4xx_hal.o(.text)
    HAL_DBGMCU_DisableDBGStopMode            0x08007ecf   Thumb Code    14  stm32f4xx_hal.o(.text)
    HAL_DBGMCU_EnableDBGStandbyMode          0x08007edd   Thumb Code    14  stm32f4xx_hal.o(.text)
    HAL_DBGMCU_DisableDBGStandbyMode         0x08007eeb   Thumb Code    14  stm32f4xx_hal.o(.text)
    HAL_EnableCompensationCell               0x08007ef9   Thumb Code     8  stm32f4xx_hal.o(.text)
    HAL_DisableCompensationCell              0x08007f01   Thumb Code     8  stm32f4xx_hal.o(.text)
    HAL_GetUIDw0                             0x08007f09   Thumb Code     6  stm32f4xx_hal.o(.text)
    HAL_GetUIDw1                             0x08007f0f   Thumb Code     8  stm32f4xx_hal.o(.text)
    HAL_GetUIDw2                             0x08007f17   Thumb Code     8  stm32f4xx_hal.o(.text)
    HAL_EnableMemorySwappingBank             0x08007f1f   Thumb Code     8  stm32f4xx_hal.o(.text)
    HAL_DisableMemorySwappingBank            0x08007f27   Thumb Code     8  stm32f4xx_hal.o(.text)
    HAL_NVIC_SetPriorityGrouping             0x08007f7d   Thumb Code    36  stm32f4xx_hal_cortex.o(.text)
    HAL_NVIC_SetPriority                     0x08007fa1   Thumb Code   124  stm32f4xx_hal_cortex.o(.text)
    HAL_NVIC_EnableIRQ                       0x0800801d   Thumb Code    40  stm32f4xx_hal_cortex.o(.text)
    HAL_NVIC_DisableIRQ                      0x08008045   Thumb Code    38  stm32f4xx_hal_cortex.o(.text)
    HAL_NVIC_SystemReset                     0x0800806b   Thumb Code    40  stm32f4xx_hal_cortex.o(.text)
    HAL_SYSTICK_Config                       0x08008093   Thumb Code    52  stm32f4xx_hal_cortex.o(.text)
    HAL_MPU_Disable                          0x080080c7   Thumb Code    30  stm32f4xx_hal_cortex.o(.text)
    HAL_MPU_Enable                           0x080080e5   Thumb Code    36  stm32f4xx_hal_cortex.o(.text)
    HAL_MPU_ConfigRegion                     0x08008109   Thumb Code    90  stm32f4xx_hal_cortex.o(.text)
    HAL_NVIC_GetPriorityGrouping             0x08008163   Thumb Code     8  stm32f4xx_hal_cortex.o(.text)
    HAL_NVIC_GetPriority                     0x0800816b   Thumb Code   138  stm32f4xx_hal_cortex.o(.text)
    HAL_NVIC_SetPendingIRQ                   0x080081f5   Thumb Code    32  stm32f4xx_hal_cortex.o(.text)
    HAL_NVIC_GetPendingIRQ                   0x08008215   Thumb Code    46  stm32f4xx_hal_cortex.o(.text)
    HAL_NVIC_ClearPendingIRQ                 0x08008243   Thumb Code    30  stm32f4xx_hal_cortex.o(.text)
    HAL_NVIC_GetActive                       0x08008261   Thumb Code    46  stm32f4xx_hal_cortex.o(.text)
    HAL_SYSTICK_CLKSourceConfig              0x0800828f   Thumb Code    40  stm32f4xx_hal_cortex.o(.text)
    HAL_SYSTICK_Callback                     0x080082b7   Thumb Code     2  stm32f4xx_hal_cortex.o(.text)
    HAL_SYSTICK_IRQHandler                   0x080082b9   Thumb Code     8  stm32f4xx_hal_cortex.o(.text)
    HAL_DMA_Init                             0x080083b9   Thumb Code   232  stm32f4xx_hal_dma.o(.text)
    HAL_DMA_DeInit                           0x080084a1   Thumb Code   112  stm32f4xx_hal_dma.o(.text)
    HAL_DMA_Start                            0x0800853d   Thumb Code   102  stm32f4xx_hal_dma.o(.text)
    HAL_DMA_Start_IT                         0x080085a3   Thumb Code   146  stm32f4xx_hal_dma.o(.text)
    HAL_DMA_Abort                            0x08008635   Thumb Code   180  stm32f4xx_hal_dma.o(.text)
    HAL_DMA_Abort_IT                         0x080086e9   Thumb Code    40  stm32f4xx_hal_dma.o(.text)
    HAL_DMA_PollForTransfer                  0x08008711   Thumb Code   346  stm32f4xx_hal_dma.o(.text)
    HAL_DMA_IRQHandler                       0x0800886b   Thumb Code   570  stm32f4xx_hal_dma.o(.text)
    HAL_DMA_RegisterCallback                 0x08008aa5   Thumb Code    94  stm32f4xx_hal_dma.o(.text)
    HAL_DMA_UnRegisterCallback               0x08008b03   Thumb Code   124  stm32f4xx_hal_dma.o(.text)
    HAL_DMA_GetState                         0x08008b7f   Thumb Code     8  stm32f4xx_hal_dma.o(.text)
    HAL_DMA_GetError                         0x08008b87   Thumb Code     6  stm32f4xx_hal_dma.o(.text)
    HAL_GPIO_Init                            0x08008b91   Thumb Code   486  stm32f4xx_hal_gpio.o(.text)
    HAL_GPIO_DeInit                          0x08008d77   Thumb Code   336  stm32f4xx_hal_gpio.o(.text)
    HAL_GPIO_ReadPin                         0x08008ec7   Thumb Code    16  stm32f4xx_hal_gpio.o(.text)
    HAL_GPIO_WritePin                        0x08008ed7   Thumb Code    12  stm32f4xx_hal_gpio.o(.text)
    HAL_GPIO_TogglePin                       0x08008ee3   Thumb Code    18  stm32f4xx_hal_gpio.o(.text)
    HAL_GPIO_LockPin                         0x08008ef5   Thumb Code    46  stm32f4xx_hal_gpio.o(.text)
    HAL_GPIO_EXTI_Callback                   0x08008f23   Thumb Code     2  stm32f4xx_hal_gpio.o(.text)
    HAL_GPIO_EXTI_IRQHandler                 0x08008f25   Thumb Code    28  stm32f4xx_hal_gpio.o(.text)
    HAL_PWR_DeInit                           0x08008f75   Thumb Code    24  stm32f4xx_hal_pwr.o(.text)
    HAL_PWR_EnableBkUpAccess                 0x08008f8d   Thumb Code     8  stm32f4xx_hal_pwr.o(.text)
    HAL_PWR_DisableBkUpAccess                0x08008f95   Thumb Code     8  stm32f4xx_hal_pwr.o(.text)
    HAL_PWR_ConfigPVD                        0x08008f9d   Thumb Code   172  stm32f4xx_hal_pwr.o(.text)
    HAL_PWR_EnablePVD                        0x08009049   Thumb Code     8  stm32f4xx_hal_pwr.o(.text)
    HAL_PWR_DisablePVD                       0x08009051   Thumb Code     8  stm32f4xx_hal_pwr.o(.text)
    HAL_PWR_EnableWakeUpPin                  0x08009059   Thumb Code    12  stm32f4xx_hal_pwr.o(.text)
    HAL_PWR_DisableWakeUpPin                 0x08009065   Thumb Code    12  stm32f4xx_hal_pwr.o(.text)
    HAL_PWR_EnterSLEEPMode                   0x08009071   Thumb Code    28  stm32f4xx_hal_pwr.o(.text)
    HAL_PWR_EnterSTOPMode                    0x0800908d   Thumb Code    54  stm32f4xx_hal_pwr.o(.text)
    HAL_PWR_EnterSTANDBYMode                 0x080090c3   Thumb Code    32  stm32f4xx_hal_pwr.o(.text)
    HAL_PWR_PVDCallback                      0x080090e3   Thumb Code     2  stm32f4xx_hal_pwr.o(.text)
    HAL_PWR_PVD_IRQHandler                   0x080090e5   Thumb Code    30  stm32f4xx_hal_pwr.o(.text)
    HAL_PWR_EnableSleepOnExit                0x08009103   Thumb Code    14  stm32f4xx_hal_pwr.o(.text)
    HAL_PWR_DisableSleepOnExit               0x08009111   Thumb Code    14  stm32f4xx_hal_pwr.o(.text)
    HAL_PWR_EnableSEVOnPend                  0x0800911f   Thumb Code    14  stm32f4xx_hal_pwr.o(.text)
    HAL_PWR_DisableSEVOnPend                 0x0800912d   Thumb Code    14  stm32f4xx_hal_pwr.o(.text)
    HAL_RCC_OscConfig                        0x08009155   Thumb Code  1152  stm32f4xx_hal_rcc.o(.text)
    HAL_RCC_GetSysClockFreq                  0x080095d5   Thumb Code   164  stm32f4xx_hal_rcc.o(.text)
    HAL_RCC_ClockConfig                      0x08009679   Thumb Code   390  stm32f4xx_hal_rcc.o(.text)
    HAL_RCC_MCOConfig                        0x080097ff   Thumb Code   186  stm32f4xx_hal_rcc.o(.text)
    HAL_RCC_EnableCSS                        0x080098b9   Thumb Code     8  stm32f4xx_hal_rcc.o(.text)
    HAL_RCC_DisableCSS                       0x080098c1   Thumb Code     8  stm32f4xx_hal_rcc.o(.text)
    HAL_RCC_GetHCLKFreq                      0x080098c9   Thumb Code     6  stm32f4xx_hal_rcc.o(.text)
    HAL_RCC_GetPCLK1Freq                     0x080098cf   Thumb Code    24  stm32f4xx_hal_rcc.o(.text)
    HAL_RCC_GetPCLK2Freq                     0x080098e7   Thumb Code    24  stm32f4xx_hal_rcc.o(.text)
    HAL_RCC_GetOscConfig                     0x080098ff   Thumb Code   284  stm32f4xx_hal_rcc.o(.text)
    HAL_RCC_GetClockConfig                   0x08009a1b   Thumb Code    66  stm32f4xx_hal_rcc.o(.text)
    HAL_RCC_CSSCallback                      0x08009a5d   Thumb Code     2  stm32f4xx_hal_rcc.o(.text)
    HAL_RCC_NMI_IRQHandler                   0x08009a5f   Thumb Code    30  stm32f4xx_hal_rcc.o(.text)
    HAL_RCCEx_PeriphCLKConfig                0x08009a85   Thumb Code   746  stm32f4xx_hal_rcc_ex.o(.text)
    HAL_RCCEx_GetPeriphCLKConfig             0x08009d6f   Thumb Code   164  stm32f4xx_hal_rcc_ex.o(.text)
    HAL_RCCEx_GetPeriphCLKFreq               0x08009e13   Thumb Code   166  stm32f4xx_hal_rcc_ex.o(.text)
    HAL_RCCEx_EnablePLLI2S                   0x08009eb9   Thumb Code   110  stm32f4xx_hal_rcc_ex.o(.text)
    HAL_RCCEx_DisablePLLI2S                  0x08009f27   Thumb Code    46  stm32f4xx_hal_rcc_ex.o(.text)
    HAL_RCCEx_EnablePLLSAI                   0x08009f55   Thumb Code   110  stm32f4xx_hal_rcc_ex.o(.text)
    HAL_RCCEx_DisablePLLSAI                  0x08009fc3   Thumb Code    46  stm32f4xx_hal_rcc_ex.o(.text)
    HAL_RCC_DeInit                           0x08009ff1   Thumb Code   428  stm32f4xx_hal_rcc_ex.o(.text)
    HAL_RTC_WaitForSynchro                   0x0800a1b9   Thumb Code    58  stm32f4xx_hal_rtc.o(.text)
    RTC_EnterInitMode                        0x0800a1f3   Thumb Code    62  stm32f4xx_hal_rtc.o(.text)
    HAL_RTC_MspInit                          0x0800a231   Thumb Code     2  stm32f4xx_hal_rtc.o(.text)
    HAL_RTC_Init                             0x0800a233   Thumb Code   212  stm32f4xx_hal_rtc.o(.text)
    HAL_RTC_MspDeInit                        0x0800a307   Thumb Code     2  stm32f4xx_hal_rtc.o(.text)
    HAL_RTC_DeInit                           0x0800a309   Thumb Code   254  stm32f4xx_hal_rtc.o(.text)
    RTC_ByteToBcd2                           0x0800a407   Thumb Code    26  stm32f4xx_hal_rtc.o(.text)
    HAL_RTC_SetTime                          0x0800a421   Thumb Code   296  stm32f4xx_hal_rtc.o(.text)
    RTC_Bcd2ToByte                           0x0800a549   Thumb Code    22  stm32f4xx_hal_rtc.o(.text)
    HAL_RTC_GetTime                          0x0800a55f   Thumb Code    92  stm32f4xx_hal_rtc.o(.text)
    HAL_RTC_SetDate                          0x0800a5bb   Thumb Code   268  stm32f4xx_hal_rtc.o(.text)
    HAL_RTC_GetDate                          0x0800a6c7   Thumb Code    72  stm32f4xx_hal_rtc.o(.text)
    HAL_RTC_SetAlarm                         0x0800a70f   Thumb Code   460  stm32f4xx_hal_rtc.o(.text)
    HAL_RTC_SetAlarm_IT                      0x0800a8db   Thumb Code   522  stm32f4xx_hal_rtc.o(.text)
    HAL_RTC_DeactivateAlarm                  0x0800aae5   Thumb Code   244  stm32f4xx_hal_rtc.o(.text)
    HAL_RTC_GetAlarm                         0x0800abd9   Thumb Code   154  stm32f4xx_hal_rtc.o(.text)
    HAL_RTC_AlarmIRQHandler                  0x0800ac75   Thumb Code   104  stm32f4xx_hal_rtc.o(.text)
    HAL_RTC_PollForAlarmAEvent               0x0800acdd   Thumb Code    74  stm32f4xx_hal_rtc.o(.text)
    HAL_RTC_GetState                         0x0800ad27   Thumb Code     6  stm32f4xx_hal_rtc.o(.text)
    HAL_RTCEx_SetTimeStamp                   0x0800ad31   Thumb Code   122  stm32f4xx_hal_rtc_ex.o(.text)
    HAL_RTCEx_SetTimeStamp_IT                0x0800adab   Thumb Code   178  stm32f4xx_hal_rtc_ex.o(.text)
    HAL_RTCEx_DeactivateTimeStamp            0x0800ae5d   Thumb Code    96  stm32f4xx_hal_rtc_ex.o(.text)
    HAL_RTCEx_GetTimeStamp                   0x0800aebd   Thumb Code   166  stm32f4xx_hal_rtc_ex.o(.text)
    HAL_RTCEx_SetTamper                      0x0800af63   Thumb Code   124  stm32f4xx_hal_rtc_ex.o(.text)
    HAL_RTCEx_SetTamper_IT                   0x0800afdf   Thumb Code   200  stm32f4xx_hal_rtc_ex.o(.text)
    HAL_RTCEx_DeactivateTamper               0x0800b0a7   Thumb Code    50  stm32f4xx_hal_rtc_ex.o(.text)
    HAL_RTCEx_Tamper2EventCallback           0x0800b0d9   Thumb Code     2  stm32f4xx_hal_rtc_ex.o(.text)
    HAL_RTCEx_Tamper1EventCallback           0x0800b0db   Thumb Code     2  stm32f4xx_hal_rtc_ex.o(.text)
    HAL_RTCEx_TimeStampEventCallback         0x0800b0dd   Thumb Code     2  stm32f4xx_hal_rtc_ex.o(.text)
    HAL_RTCEx_TamperTimeStampIRQHandler      0x0800b0df   Thumb Code   146  stm32f4xx_hal_rtc_ex.o(.text)
    HAL_RTCEx_PollForTimeStampEvent          0x0800b171   Thumb Code    92  stm32f4xx_hal_rtc_ex.o(.text)
    HAL_RTCEx_PollForTamper1Event            0x0800b1cd   Thumb Code    88  stm32f4xx_hal_rtc_ex.o(.text)
    HAL_RTCEx_PollForTamper2Event            0x0800b225   Thumb Code    74  stm32f4xx_hal_rtc_ex.o(.text)
    HAL_RTCEx_SetWakeUpTimer                 0x0800b26f   Thumb Code   254  stm32f4xx_hal_rtc_ex.o(.text)
    HAL_RTCEx_SetWakeUpTimer_IT              0x0800b36d   Thumb Code   316  stm32f4xx_hal_rtc_ex.o(.text)
    HAL_RTCEx_DeactivateWakeUpTimer          0x0800b4a9   Thumb Code   152  stm32f4xx_hal_rtc_ex.o(.text)
    HAL_RTCEx_GetWakeUpTimer                 0x0800b541   Thumb Code    10  stm32f4xx_hal_rtc_ex.o(.text)
    HAL_RTCEx_WakeUpTimerEventCallback       0x0800b54b   Thumb Code     2  stm32f4xx_hal_rtc_ex.o(.text)
    HAL_RTCEx_WakeUpTimerIRQHandler          0x0800b54d   Thumb Code    52  stm32f4xx_hal_rtc_ex.o(.text)
    HAL_RTCEx_PollForWakeUpTimerEvent        0x0800b581   Thumb Code    74  stm32f4xx_hal_rtc_ex.o(.text)
    HAL_RTCEx_BKUPWrite                      0x0800b5cb   Thumb Code    18  stm32f4xx_hal_rtc_ex.o(.text)
    HAL_RTCEx_BKUPRead                       0x0800b5dd   Thumb Code    18  stm32f4xx_hal_rtc_ex.o(.text)
    HAL_RTCEx_SetCoarseCalib                 0x0800b5ef   Thumb Code   138  stm32f4xx_hal_rtc_ex.o(.text)
    HAL_RTCEx_DeactivateCoarseCalib          0x0800b679   Thumb Code   126  stm32f4xx_hal_rtc_ex.o(.text)
    HAL_RTCEx_SetSmoothCalib                 0x0800b6f7   Thumb Code   170  stm32f4xx_hal_rtc_ex.o(.text)
    HAL_RTCEx_SetSynchroShift                0x0800b7a1   Thumb Code   224  stm32f4xx_hal_rtc_ex.o(.text)
    HAL_RTCEx_SetCalibrationOutPut           0x0800b881   Thumb Code   100  stm32f4xx_hal_rtc_ex.o(.text)
    HAL_RTCEx_DeactivateCalibrationOutPut    0x0800b8e5   Thumb Code    78  stm32f4xx_hal_rtc_ex.o(.text)
    HAL_RTCEx_SetRefClock                    0x0800b933   Thumb Code   126  stm32f4xx_hal_rtc_ex.o(.text)
    HAL_RTCEx_DeactivateRefClock             0x0800b9b1   Thumb Code   126  stm32f4xx_hal_rtc_ex.o(.text)
    HAL_RTCEx_EnableBypassShadow             0x0800ba2f   Thumb Code    78  stm32f4xx_hal_rtc_ex.o(.text)
    HAL_RTCEx_DisableBypassShadow            0x0800ba7d   Thumb Code    78  stm32f4xx_hal_rtc_ex.o(.text)
    HAL_RTCEx_AlarmBEventCallback            0x0800bacb   Thumb Code     2  stm32f4xx_hal_rtc_ex.o(.text)
    HAL_RTCEx_PollForAlarmBEvent             0x0800bacd   Thumb Code    74  stm32f4xx_hal_rtc_ex.o(.text)
    Reset_Handler                            0x0800bb19   Thumb Code     8  startup_stm32f429xx.o(.text)
    NMI_Handler                              0x0800bb21   Thumb Code     2  startup_stm32f429xx.o(.text)
    HardFault_Handler                        0x0800bb23   Thumb Code     2  startup_stm32f429xx.o(.text)
    MemManage_Handler                        0x0800bb25   Thumb Code     2  startup_stm32f429xx.o(.text)
    BusFault_Handler                         0x0800bb27   Thumb Code     2  startup_stm32f429xx.o(.text)
    UsageFault_Handler                       0x0800bb29   Thumb Code     2  startup_stm32f429xx.o(.text)
    DebugMon_Handler                         0x0800bb2d   Thumb Code     2  startup_stm32f429xx.o(.text)
    ADC_IRQHandler                           0x0800bb33   Thumb Code     0  startup_stm32f429xx.o(.text)
    CAN1_RX0_IRQHandler                      0x0800bb33   Thumb Code     0  startup_stm32f429xx.o(.text)
    CAN1_RX1_IRQHandler                      0x0800bb33   Thumb Code     0  startup_stm32f429xx.o(.text)
    CAN1_SCE_IRQHandler                      0x0800bb33   Thumb Code     0  startup_stm32f429xx.o(.text)
    CAN1_TX_IRQHandler                       0x0800bb33   Thumb Code     0  startup_stm32f429xx.o(.text)
    CAN2_RX0_IRQHandler                      0x0800bb33   Thumb Code     0  startup_stm32f429xx.o(.text)
    CAN2_RX1_IRQHandler                      0x0800bb33   Thumb Code     0  startup_stm32f429xx.o(.text)
    CAN2_SCE_IRQHandler                      0x0800bb33   Thumb Code     0  startup_stm32f429xx.o(.text)
    CAN2_TX_IRQHandler                       0x0800bb33   Thumb Code     0  startup_stm32f429xx.o(.text)
    DCMI_IRQHandler                          0x0800bb33   Thumb Code     0  startup_stm32f429xx.o(.text)
    DMA1_Stream0_IRQHandler                  0x0800bb33   Thumb Code     0  startup_stm32f429xx.o(.text)
    DMA1_Stream1_IRQHandler                  0x0800bb33   Thumb Code     0  startup_stm32f429xx.o(.text)
    DMA1_Stream2_IRQHandler                  0x0800bb33   Thumb Code     0  startup_stm32f429xx.o(.text)
    DMA1_Stream3_IRQHandler                  0x0800bb33   Thumb Code     0  startup_stm32f429xx.o(.text)
    DMA1_Stream4_IRQHandler                  0x0800bb33   Thumb Code     0  startup_stm32f429xx.o(.text)
    DMA1_Stream5_IRQHandler                  0x0800bb33   Thumb Code     0  startup_stm32f429xx.o(.text)
    DMA1_Stream6_IRQHandler                  0x0800bb33   Thumb Code     0  startup_stm32f429xx.o(.text)
    DMA1_Stream7_IRQHandler                  0x0800bb33   Thumb Code     0  startup_stm32f429xx.o(.text)
    DMA2D_IRQHandler                         0x0800bb33   Thumb Code     0  startup_stm32f429xx.o(.text)
    DMA2_Stream0_IRQHandler                  0x0800bb33   Thumb Code     0  startup_stm32f429xx.o(.text)
    DMA2_Stream1_IRQHandler                  0x0800bb33   Thumb Code     0  startup_stm32f429xx.o(.text)
    DMA2_Stream2_IRQHandler                  0x0800bb33   Thumb Code     0  startup_stm32f429xx.o(.text)
    DMA2_Stream3_IRQHandler                  0x0800bb33   Thumb Code     0  startup_stm32f429xx.o(.text)
    DMA2_Stream4_IRQHandler                  0x0800bb33   Thumb Code     0  startup_stm32f429xx.o(.text)
    DMA2_Stream5_IRQHandler                  0x0800bb33   Thumb Code     0  startup_stm32f429xx.o(.text)
    DMA2_Stream6_IRQHandler                  0x0800bb33   Thumb Code     0  startup_stm32f429xx.o(.text)
    DMA2_Stream7_IRQHandler                  0x0800bb33   Thumb Code     0  startup_stm32f429xx.o(.text)
    ETH_WKUP_IRQHandler                      0x0800bb33   Thumb Code     0  startup_stm32f429xx.o(.text)
    EXTI0_IRQHandler                         0x0800bb33   Thumb Code     0  startup_stm32f429xx.o(.text)
    EXTI15_10_IRQHandler                     0x0800bb33   Thumb Code     0  startup_stm32f429xx.o(.text)
    EXTI1_IRQHandler                         0x0800bb33   Thumb Code     0  startup_stm32f429xx.o(.text)
    EXTI2_IRQHandler                         0x0800bb33   Thumb Code     0  startup_stm32f429xx.o(.text)
    EXTI3_IRQHandler                         0x0800bb33   Thumb Code     0  startup_stm32f429xx.o(.text)
    EXTI4_IRQHandler                         0x0800bb33   Thumb Code     0  startup_stm32f429xx.o(.text)
    EXTI9_5_IRQHandler                       0x0800bb33   Thumb Code     0  startup_stm32f429xx.o(.text)
    FLASH_IRQHandler                         0x0800bb33   Thumb Code     0  startup_stm32f429xx.o(.text)
    FMC_IRQHandler                           0x0800bb33   Thumb Code     0  startup_stm32f429xx.o(.text)
    FPU_IRQHandler                           0x0800bb33   Thumb Code     0  startup_stm32f429xx.o(.text)
    HASH_RNG_IRQHandler                      0x0800bb33   Thumb Code     0  startup_stm32f429xx.o(.text)
    I2C1_ER_IRQHandler                       0x0800bb33   Thumb Code     0  startup_stm32f429xx.o(.text)
    I2C1_EV_IRQHandler                       0x0800bb33   Thumb Code     0  startup_stm32f429xx.o(.text)
    I2C2_ER_IRQHandler                       0x0800bb33   Thumb Code     0  startup_stm32f429xx.o(.text)
    I2C2_EV_IRQHandler                       0x0800bb33   Thumb Code     0  startup_stm32f429xx.o(.text)
    I2C3_ER_IRQHandler                       0x0800bb33   Thumb Code     0  startup_stm32f429xx.o(.text)
    I2C3_EV_IRQHandler                       0x0800bb33   Thumb Code     0  startup_stm32f429xx.o(.text)
    LTDC_ER_IRQHandler                       0x0800bb33   Thumb Code     0  startup_stm32f429xx.o(.text)
    LTDC_IRQHandler                          0x0800bb33   Thumb Code     0  startup_stm32f429xx.o(.text)
    OTG_FS_IRQHandler                        0x0800bb33   Thumb Code     0  startup_stm32f429xx.o(.text)
    OTG_FS_WKUP_IRQHandler                   0x0800bb33   Thumb Code     0  startup_stm32f429xx.o(.text)
    OTG_HS_EP1_IN_IRQHandler                 0x0800bb33   Thumb Code     0  startup_stm32f429xx.o(.text)
    OTG_HS_EP1_OUT_IRQHandler                0x0800bb33   Thumb Code     0  startup_stm32f429xx.o(.text)
    OTG_HS_IRQHandler                        0x0800bb33   Thumb Code     0  startup_stm32f429xx.o(.text)
    OTG_HS_WKUP_IRQHandler                   0x0800bb33   Thumb Code     0  startup_stm32f429xx.o(.text)
    PVD_IRQHandler                           0x0800bb33   Thumb Code     0  startup_stm32f429xx.o(.text)
    RCC_IRQHandler                           0x0800bb33   Thumb Code     0  startup_stm32f429xx.o(.text)
    RTC_WKUP_IRQHandler                      0x0800bb33   Thumb Code     0  startup_stm32f429xx.o(.text)
    SAI1_IRQHandler                          0x0800bb33   Thumb Code     0  startup_stm32f429xx.o(.text)
    SDIO_IRQHandler                          0x0800bb33   Thumb Code     0  startup_stm32f429xx.o(.text)
    SPI2_IRQHandler                          0x0800bb33   Thumb Code     0  startup_stm32f429xx.o(.text)
    SPI3_IRQHandler                          0x0800bb33   Thumb Code     0  startup_stm32f429xx.o(.text)
    SPI4_IRQHandler                          0x0800bb33   Thumb Code     0  startup_stm32f429xx.o(.text)
    SPI5_IRQHandler                          0x0800bb33   Thumb Code     0  startup_stm32f429xx.o(.text)
    SPI6_IRQHandler                          0x0800bb33   Thumb Code     0  startup_stm32f429xx.o(.text)
    TAMP_STAMP_IRQHandler                    0x0800bb33   Thumb Code     0  startup_stm32f429xx.o(.text)
    TIM1_BRK_TIM9_IRQHandler                 0x0800bb33   Thumb Code     0  startup_stm32f429xx.o(.text)
    TIM1_CC_IRQHandler                       0x0800bb33   Thumb Code     0  startup_stm32f429xx.o(.text)
    TIM1_TRG_COM_TIM11_IRQHandler            0x0800bb33   Thumb Code     0  startup_stm32f429xx.o(.text)
    TIM1_UP_TIM10_IRQHandler                 0x0800bb33   Thumb Code     0  startup_stm32f429xx.o(.text)
    TIM2_IRQHandler                          0x0800bb33   Thumb Code     0  startup_stm32f429xx.o(.text)
    TIM3_IRQHandler                          0x0800bb33   Thumb Code     0  startup_stm32f429xx.o(.text)
    TIM4_IRQHandler                          0x0800bb33   Thumb Code     0  startup_stm32f429xx.o(.text)
    TIM5_IRQHandler                          0x0800bb33   Thumb Code     0  startup_stm32f429xx.o(.text)
    TIM6_DAC_IRQHandler                      0x0800bb33   Thumb Code     0  startup_stm32f429xx.o(.text)
    TIM7_IRQHandler                          0x0800bb33   Thumb Code     0  startup_stm32f429xx.o(.text)
    TIM8_BRK_TIM12_IRQHandler                0x0800bb33   Thumb Code     0  startup_stm32f429xx.o(.text)
    TIM8_CC_IRQHandler                       0x0800bb33   Thumb Code     0  startup_stm32f429xx.o(.text)
    TIM8_TRG_COM_TIM14_IRQHandler            0x0800bb33   Thumb Code     0  startup_stm32f429xx.o(.text)
    TIM8_UP_TIM13_IRQHandler                 0x0800bb33   Thumb Code     0  startup_stm32f429xx.o(.text)
    UART4_IRQHandler                         0x0800bb33   Thumb Code     0  startup_stm32f429xx.o(.text)
    UART5_IRQHandler                         0x0800bb33   Thumb Code     0  startup_stm32f429xx.o(.text)
    UART7_IRQHandler                         0x0800bb33   Thumb Code     0  startup_stm32f429xx.o(.text)
    UART8_IRQHandler                         0x0800bb33   Thumb Code     0  startup_stm32f429xx.o(.text)
    USART1_IRQHandler                        0x0800bb33   Thumb Code     0  startup_stm32f429xx.o(.text)
    USART2_IRQHandler                        0x0800bb33   Thumb Code     0  startup_stm32f429xx.o(.text)
    USART3_IRQHandler                        0x0800bb33   Thumb Code     0  startup_stm32f429xx.o(.text)
    USART6_IRQHandler                        0x0800bb33   Thumb Code     0  startup_stm32f429xx.o(.text)
    WWDG_IRQHandler                          0x0800bb33   Thumb Code     0  startup_stm32f429xx.o(.text)
    SystemInit                               0x0800bb3d   Thumb Code    10  system_stm32f4xx.o(.text)
    SystemCoreClockUpdate                    0x0800bb47   Thumb Code   170  system_stm32f4xx.o(.text)
    __aeabi_uldivmod                         0x0800bc09   Thumb Code    98  uldiv.o(.text)
    __aeabi_memcpy                           0x0800bc6b   Thumb Code    36  memcpya.o(.text)
    __aeabi_memcpy4                          0x0800bc6b   Thumb Code     0  memcpya.o(.text)
    __aeabi_memcpy8                          0x0800bc6b   Thumb Code     0  memcpya.o(.text)
    __aeabi_memset                           0x0800bc8f   Thumb Code    14  memseta.o(.text)
    __aeabi_memset4                          0x0800bc8f   Thumb Code     0  memseta.o(.text)
    __aeabi_memset8                          0x0800bc8f   Thumb Code     0  memseta.o(.text)
    __aeabi_memclr                           0x0800bc9d   Thumb Code     4  memseta.o(.text)
    __aeabi_memclr4                          0x0800bc9d   Thumb Code     0  memseta.o(.text)
    __aeabi_memclr8                          0x0800bc9d   Thumb Code     0  memseta.o(.text)
    _memset$wrapper                          0x0800bca1   Thumb Code    18  memseta.o(.text)
    __aeabi_dmul                             0x0800bcb3   Thumb Code   228  dmul.o(.text)
    __aeabi_uidiv                            0x0800bd97   Thumb Code     0  uidiv.o(.text)
    __aeabi_uidivmod                         0x0800bd97   Thumb Code    44  uidiv.o(.text)
    __aeabi_llsl                             0x0800bdc3   Thumb Code    30  llshl.o(.text)
    _ll_shift_l                              0x0800bdc3   Thumb Code     0  llshl.o(.text)
    __aeabi_llsr                             0x0800bde1   Thumb Code    32  llushr.o(.text)
    _ll_ushift_r                             0x0800bde1   Thumb Code     0  llushr.o(.text)
    __I$use$fp                               0x0800be01   Thumb Code     0  iusefp.o(.text)
    _double_round                            0x0800be01   Thumb Code    30  depilogue.o(.text)
    _double_epilogue                         0x0800be1f   Thumb Code   156  depilogue.o(.text)
    __aeabi_dadd                             0x0800bebb   Thumb Code   322  dadd.o(.text)
    __aeabi_dsub                             0x0800bffd   Thumb Code     6  dadd.o(.text)
    __aeabi_drsub                            0x0800c003   Thumb Code     6  dadd.o(.text)
    __aeabi_ddiv                             0x0800c009   Thumb Code   222  ddiv.o(.text)
    __aeabi_d2ulz                            0x0800c0e7   Thumb Code    48  dfixul.o(.text)
    __aeabi_cdrcmple                         0x0800c119   Thumb Code    48  cdrcmple.o(.text)
    __scatterload                            0x0800c149   Thumb Code    28  init.o(.text)
    __scatterload_rt2                        0x0800c149   Thumb Code     0  init.o(.text)
    __aeabi_lasr                             0x0800c16d   Thumb Code    36  llsshr.o(.text)
    _ll_sshift_r                             0x0800c16d   Thumb Code     0  llsshr.o(.text)
    __decompress                             0x0800c191   Thumb Code     0  __dczerorl2.o(.text)
    __decompress1                            0x0800c191   Thumb Code    86  __dczerorl2.o(.text)
    __0sprintf                               0x0800c1e9   Thumb Code    34  printfa.o(i.__0sprintf)
    __1sprintf                               0x0800c1e9   Thumb Code     0  printfa.o(i.__0sprintf)
    __2sprintf                               0x0800c1e9   Thumb Code     0  printfa.o(i.__0sprintf)
    __c89sprintf                             0x0800c1e9   Thumb Code     0  printfa.o(i.__0sprintf)
    sprintf                                  0x0800c1e9   Thumb Code     0  printfa.o(i.__0sprintf)
    __scatterload_copy                       0x0800c211   Thumb Code    14  handlers.o(i.__scatterload_copy)
    __scatterload_null                       0x0800c21f   Thumb Code     2  handlers.o(i.__scatterload_null)
    __scatterload_zeroinit                   0x0800c221   Thumb Code    14  handlers.o(i.__scatterload_zeroinit)
    irqRtxLib                                0x0800cac4   Data           1  irq_armv7m.o(.constdata)
    irqRtxLibRef                             0x0800cb28   Data           4  rtx_lib.o(.constdata)
    osRtxUserSVC                             0x0800cb2c   Data           4  rtx_lib.o(.constdata)
    Driver_ETH_MAC0                          0x0800cb80   Data          68  emac_stm32f4xx.o(.constdata)
    Driver_SPI1                              0x0800cc18   Data          44  spi_stm32f4xx.o(.constdata)
    EventRecorderInfo                        0x0800cc44   Data          24  eventrecorder.o(.constdata)
    AHBPrescTable                            0x0800cc64   Data          16  system_stm32f4xx.o(.constdata)
    APBPrescTable                            0x0800cc74   Data           8  system_stm32f4xx.o(.constdata)
    osRtxConfig                              0x0800cc88   Data         112  rtx_lib.o(.rodata)
    os_cb_sections                           0x0800ccf8   Data          56  rtx_lib.o(.rodata)
    Region$$Table$$Base                      0x0800cd30   Number         0  anon$$obj.o(Region$$Table)
    Region$$Table$$Limit                     0x0800cd60   Number         0  anon$$obj.o(Region$$Table)
    .bss.os.msgqueue.cb$$Base                0x20008044   Number         0  rtx_lib.o(.bss.os.msgqueue.cb)
    .bss.os.msgqueue.cb$$Limit               0x20008078   Number         0  rtx_lib.o(.bss.os.msgqueue.cb)
    .bss.os.thread.cb$$Base                  0x200080c8   Number         0  rtx_lib.o(.bss.os.thread.cb)
    .bss.os.thread.cb$$Limit                 0x20008150   Number         0  rtx_lib.o(.bss.os.thread.cb)
    lcd_text                                 0x20008554   Data          42  http_server.o(.data)
    modo_leds                                0x2000857e   Data           1  http_server.o(.data)
    TID_Display                              0x20008580   Data           4  http_server.o(.data)
    TID_Led                                  0x20008584   Data           4  http_server.o(.data)
    TID_Alarma                               0x20008588   Data           4  http_server.o(.data)
    voltage                                  0x2000858c   Data           4  http_server.o(.data)
    date                                     0x20008590   Data           4  rtc.o(.data)
    uwTick                                   0x20008594   Data           4  stm32f4xx_hal.o(.data)
    uwTickPrio                               0x20008598   Data           4  stm32f4xx_hal.o(.data)
    uwTickFreq                               0x2000859c   Data           1  stm32f4xx_hal.o(.data)
    SystemCoreClock                          0x200085a0   Data           4  system_stm32f4xx.o(.data)
    osRtxInfo                                0x200085a4   Data         164  rtx_kernel.o(.data.os)
    hrtc                                     0x20008648   Data          32  rtc.o(.bss)
    aShowDate                                0x20008668   Data          80  rtc.o(.bss)
    aShowTime                                0x200086b8   Data          80  rtc.o(.bss)
    time                                     0x20008708   Data          20  rtc.o(.bss)
    __initial_sp                             0x2000b018   Data           0  startup_stm32f429xx.o(STACK)



==============================================================================

Memory Map of the image

  Image Entry point : 0x080001ad

  Load Region LR_IROM1 (Base: 0x08000000, Size: 0x000153a8, Max: 0x00200000, ABSOLUTE, COMPRESSED[0x0000ce90])

    Execution Region ER_IROM1 (Exec base: 0x08000000, Load base: 0x08000000, Size: 0x0000cd60, Max: 0x00200000, ABSOLUTE)

    Exec Addr    Load Addr    Size         Type   Attr      Idx    E Section Name        Object

    0x08000000   0x08000000   0x000001ac   Data   RO         1566    RESET               startup_stm32f429xx.o
    0x080001ac   0x080001ac   0x00000000   Code   RO         2664  * .ARM.Collect$$$$00000000  mc_w.l(entry.o)
    0x080001ac   0x080001ac   0x00000004   Code   RO         2958    .ARM.Collect$$$$00000001  mc_w.l(entry2.o)
    0x080001b0   0x080001b0   0x00000004   Code   RO         2961    .ARM.Collect$$$$00000004  mc_w.l(entry5.o)
    0x080001b4   0x080001b4   0x00000000   Code   RO         2963    .ARM.Collect$$$$00000008  mc_w.l(entry7b.o)
    0x080001b4   0x080001b4   0x00000000   Code   RO         2965    .ARM.Collect$$$$0000000A  mc_w.l(entry8b.o)
    0x080001b4   0x080001b4   0x00000008   Code   RO         2966    .ARM.Collect$$$$0000000B  mc_w.l(entry9a.o)
    0x080001bc   0x080001bc   0x00000004   Code   RO         2973    .ARM.Collect$$$$0000000E  mc_w.l(entry12b.o)
    0x080001c0   0x080001c0   0x00000000   Code   RO         2968    .ARM.Collect$$$$0000000F  mc_w.l(entry10a.o)
    0x080001c0   0x080001c0   0x00000000   Code   RO         2970    .ARM.Collect$$$$00000011  mc_w.l(entry11a.o)
    0x080001c0   0x080001c0   0x00000004   Code   RO         2959    .ARM.Collect$$$$00002712  mc_w.l(entry2.o)
    0x080001c4   0x080001c4   0x00000148   Code   RO          713    .emb_text           rtx_mempool.o
    0x0800030c   0x0800030c   0x00000148   Code   RO          744    .emb_text           rtx_msgqueue.o
    0x08000454   0x08000454   0x00000148   Code   RO          840    .emb_text           rtx_system.o
    0x0800059c   0x0800059c   0x00000148   Code   RO          874    .emb_text           rtx_thread.o
    0x080006e4   0x080006e4   0x00000074   Code   RO         1089    .emb_text           eventrecorder.o
    0x08000758   0x08000758   0x00000130   Code   RO            4    .text               main.o
    0x08000888   0x08000888   0x000001c8   Code   RO          377    .text               rtc.o
    0x08000a50   0x08000a50   0x00000094   Code   RO          461    .text               irq_armv7m.o
    0x08000ae4   0x08000ae4   0x00000dd8   Code   RO          567    .text               rtx_evr.o
    0x080018bc   0x080018bc   0x000008b0   Code   RO          592    .text               rtx_kernel.o
    0x0800216c   0x0800216c   0x00000018   Code   RO          640    .text               rtx_lib.o
    0x08002184   0x08002184   0x000001de   Code   RO          683    .text               rtx_memory.o
    0x08002362   0x08002362   0x00000002   PAD
    0x08002364   0x08002364   0x000007a4   Code   RO          714    .text               rtx_mempool.o
    0x08002b08   0x08002b08   0x00000b88   Code   RO          745    .text               rtx_msgqueue.o
    0x08003690   0x08003690   0x00000644   Code   RO          779    .text               rtx_mutex.o
    0x08003cd4   0x08003cd4   0x000001bc   Code   RO          841    .text               rtx_system.o
    0x08003e90   0x08003e90   0x0000156c   Code   RO          875    .text               rtx_thread.o
    0x080053fc   0x080053fc   0x00000538   Code   RO          909    .text               rtx_timer.o
    0x08005934   0x08005934   0x000000dc   Code   RO          939    .text               os_systick.o
    0x08005a10   0x08005a10   0x00000024   Code   RO          965    .text               rtx_config.o
    0x08005a34   0x08005a34   0x00000d0c   Code   RO         1013    .text               emac_stm32f4xx.o
    0x08006740   0x08006740   0x00001014   Code   RO         1054    .text               spi_stm32f4xx.o
    0x08007754   0x08007754   0x000005f8   Code   RO         1090    .text               eventrecorder.o
    0x08007d4c   0x08007d4c   0x00000210   Code   RO         1124    .text               stm32f4xx_hal.o
    0x08007f5c   0x08007f5c   0x00000384   Code   RO         1202    .text               stm32f4xx_hal_cortex.o
    0x080082e0   0x080082e0   0x000008b0   Code   RO         1230    .text               stm32f4xx_hal_dma.o
    0x08008b90   0x08008b90   0x000003e4   Code   RO         1279    .text               stm32f4xx_hal_gpio.o
    0x08008f74   0x08008f74   0x000001dc   Code   RO         1303    .text               stm32f4xx_hal_pwr.o
    0x08009150   0x08009150   0x00000934   Code   RO         1351    .text               stm32f4xx_hal_rcc.o
    0x08009a84   0x08009a84   0x00000734   Code   RO         1375    .text               stm32f4xx_hal_rcc_ex.o
    0x0800a1b8   0x0800a1b8   0x00000b78   Code   RO         1399    .text               stm32f4xx_hal_rtc.o
    0x0800ad30   0x0800ad30   0x00000de6   Code   RO         1423    .text               stm32f4xx_hal_rtc_ex.o
    0x0800bb16   0x0800bb16   0x00000002   PAD
    0x0800bb18   0x0800bb18   0x00000024   Code   RO         1567    .text               startup_stm32f429xx.o
    0x0800bb3c   0x0800bb3c   0x000000cc   Code   RO         1574    .text               system_stm32f4xx.o
    0x0800bc08   0x0800bc08   0x00000062   Code   RO         2667    .text               mc_w.l(uldiv.o)
    0x0800bc6a   0x0800bc6a   0x00000024   Code   RO         2669    .text               mc_w.l(memcpya.o)
    0x0800bc8e   0x0800bc8e   0x00000024   Code   RO         2671    .text               mc_w.l(memseta.o)
    0x0800bcb2   0x0800bcb2   0x000000e4   Code   RO         2950    .text               mf_w.l(dmul.o)
    0x0800bd96   0x0800bd96   0x0000002c   Code   RO         2977    .text               mc_w.l(uidiv.o)
    0x0800bdc2   0x0800bdc2   0x0000001e   Code   RO         2979    .text               mc_w.l(llshl.o)
    0x0800bde0   0x0800bde0   0x00000020   Code   RO         2981    .text               mc_w.l(llushr.o)
    0x0800be00   0x0800be00   0x00000000   Code   RO         2983    .text               mc_w.l(iusefp.o)
    0x0800be00   0x0800be00   0x000000ba   Code   RO         2986    .text               mf_w.l(depilogue.o)
    0x0800beba   0x0800beba   0x0000014e   Code   RO         2988    .text               mf_w.l(dadd.o)
    0x0800c008   0x0800c008   0x000000de   Code   RO         2990    .text               mf_w.l(ddiv.o)
    0x0800c0e6   0x0800c0e6   0x00000030   Code   RO         2992    .text               mf_w.l(dfixul.o)
    0x0800c116   0x0800c116   0x00000002   PAD
    0x0800c118   0x0800c118   0x00000030   Code   RO         2994    .text               mf_w.l(cdrcmple.o)
    0x0800c148   0x0800c148   0x00000024   Code   RO         2996    .text               mc_w.l(init.o)
    0x0800c16c   0x0800c16c   0x00000024   Code   RO         2999    .text               mc_w.l(llsshr.o)
    0x0800c190   0x0800c190   0x00000056   Code   RO         3009    .text               mc_w.l(__dczerorl2.o)
    0x0800c1e6   0x0800c1e6   0x00000002   PAD
    0x0800c1e8   0x0800c1e8   0x00000028   Code   RO         2920    i.__0sprintf        mc_w.l(printfa.o)
    0x0800c210   0x0800c210   0x0000000e   Code   RO         3003    i.__scatterload_copy  mc_w.l(handlers.o)
    0x0800c21e   0x0800c21e   0x00000002   Code   RO         3004    i.__scatterload_null  mc_w.l(handlers.o)
    0x0800c220   0x0800c220   0x0000000e   Code   RO         3005    i.__scatterload_zeroinit  mc_w.l(handlers.o)
    0x0800c22e   0x0800c22e   0x00000002   PAD
    0x0800c230   0x0800c230   0x00000184   Code   RO         2925    i._fp_digits        mc_w.l(printfa.o)
    0x0800c3b4   0x0800c3b4   0x000006b4   Code   RO         2926    i._printf_core      mc_w.l(printfa.o)
    0x0800ca68   0x0800ca68   0x00000024   Code   RO         2927    i._printf_post_padding  mc_w.l(printfa.o)
    0x0800ca8c   0x0800ca8c   0x0000002e   Code   RO         2928    i._printf_pre_padding  mc_w.l(printfa.o)
    0x0800caba   0x0800caba   0x0000000a   Code   RO         2930    i._sputc            mc_w.l(printfa.o)
    0x0800cac4   0x0800cac4   0x00000001   Data   RO          460    .constdata          irq_armv7m.o
    0x0800cac5   0x0800cac5   0x00000003   PAD
    0x0800cac8   0x0800cac8   0x00000068   Data   RO          647    .constdata          rtx_lib.o
    0x0800cb30   0x0800cb30   0x00000094   Data   RO         1015    .constdata          emac_stm32f4xx.o
    0x0800cbc4   0x0800cbc4   0x00000080   Data   RO         1056    .constdata          spi_stm32f4xx.o
    0x0800cc44   0x0800cc44   0x00000018   Data   RO         1092    .constdata          eventrecorder.o
    0x0800cc5c   0x0800cc5c   0x00000008   Data   RO         1231    .constdata          stm32f4xx_hal_dma.o
    0x0800cc64   0x0800cc64   0x00000018   Data   RO         1575    .constdata          system_stm32f4xx.o
    0x0800cc7c   0x0800cc7c   0x0000000b   Data   RO          593    .conststrlit        rtx_kernel.o
    0x0800cc87   0x0800cc87   0x00000001   PAD
    0x0800cc88   0x0800cc88   0x000000a8   Data   RO          648    .rodata             rtx_lib.o
    0x0800cd30   0x0800cd30   0x00000030   Data   RO         3002    Region$$Table       anon$$obj.o


    Execution Region RW_IRAM2 (Exec base: 0x10000000, Load base: 0x0800ce90, Size: 0x000004a4, Max: 0x00010000, ABSOLUTE)

    Exec Addr    Load Addr    Size         Type   Attr      Idx    E Section Name        Object

    0x10000000        -       0x000004a4   Zero   RW         1091    .bss.noinit         eventrecorder.o


    Execution Region RW_IRAM1 (Exec base: 0x20000000, Load base: 0x0800cd60, Size: 0x0000b018, Max: 0x00030000, ABSOLUTE, COMPRESSED[0x00000130])

    Exec Addr    Load Addr    Size         Type   Attr      Idx    E Section Name        Object

    0x20000000   COMPRESSED   0x00008040   Data   RW          641    .bss.os             rtx_lib.o
    0x20008040   COMPRESSED   0x00000001   Data   RW          940    .bss.os             os_systick.o
    0x20008041   COMPRESSED   0x00000003   PAD
    0x20008044   COMPRESSED   0x00000034   Data   RW          642    .bss.os.msgqueue.cb  rtx_lib.o
    0x20008078   COMPRESSED   0x00000050   Data   RW          643    .bss.os.msgqueue.mem  rtx_lib.o
    0x200080c8   COMPRESSED   0x00000088   Data   RW          644    .bss.os.thread.cb   rtx_lib.o
    0x20008150   COMPRESSED   0x00000200   Data   RW          645    .bss.os.thread.idle.stack  rtx_lib.o
    0x20008350   COMPRESSED   0x00000200   Data   RW          646    .bss.os.thread.timer.stack  rtx_lib.o
    0x20008550   COMPRESSED   0x00000004   Data   RW            5    .data               main.o
    0x20008554   COMPRESSED   0x0000003c   Data   RW          162    .data               http_server.o
    0x20008590   COMPRESSED   0x00000004   Data   RW          379    .data               rtc.o
    0x20008594   COMPRESSED   0x00000009   Data   RW         1125    .data               stm32f4xx_hal.o
    0x2000859d   COMPRESSED   0x00000003   PAD
    0x200085a0   COMPRESSED   0x00000004   Data   RW         1576    .data               system_stm32f4xx.o
    0x200085a4   COMPRESSED   0x000000a4   Data   RW          594    .data.os            rtx_kernel.o
    0x20008648        -       0x000000d4   Zero   RW          378    .bss                rtc.o
    0x2000871c        -       0x000024cc   Zero   RW         1014    .bss                emac_stm32f4xx.o
    0x2000abe8        -       0x0000002c   Zero   RW         1055    .bss                spi_stm32f4xx.o
    0x2000ac14   COMPRESSED   0x00000004   PAD
    0x2000ac18        -       0x00000400   Zero   RW         1564    STACK               startup_stm32f429xx.o


==============================================================================

Image component sizes


      Code (inc. data)   RO Data    RW Data    ZI Data      Debug   Object Name

      3340        204        148          0       9420      47094   emac_stm32f4xx.o
      1644         42         24          0       1188      16828   eventrecorder.o
         0          0          0         60          0       5717   http_server.o
       148          8          1          0          0        592   irq_armv7m.o
       304         28          0          4          0     762333   main.o
       220         14          0          1          0       1948   os_systick.o
         0          0          0          0          0        840   phy_lan8742a.o
       456         64          0          4        212       2085   rtc.o
        36          6          0          0          0        623   rtx_config.o
         0          0          0          0          0      15311   rtx_delay.o
      3544        106          0          0          0      52793   rtx_evr.o
      2224        100         11        164          0      27456   rtx_kernel.o
        24          0        272      34124          0       9867   rtx_lib.o
       478          0          0          0          0       3003   rtx_memory.o
      2284         46          0          0          0      15140   rtx_mempool.o
      3280         60          0          0          0      23496   rtx_msgqueue.o
      1604         30          0          0          0       9902   rtx_mutex.o
       772         20          0          0          0       8293   rtx_system.o
      5812        150          0          0          0      32029   rtx_thread.o
      1336         36          0          0          0      10161   rtx_timer.o
      4116        112        128          0         44      43779   spi_stm32f4xx.o
        36          8        428          0       1024        788   startup_stm32f429xx.o
       528         46          0          9          0      11407   stm32f4xx_hal.o
       900         20          0          0          0      36086   stm32f4xx_hal_cortex.o
      2224         28          8          0          0       7125   stm32f4xx_hal_dma.o
       996         52          0          0          0       3691   stm32f4xx_hal_gpio.o
       476         22          0          0          0       3579   stm32f4xx_hal_pwr.o
      2356         70          0          0          0       5427   stm32f4xx_hal_rcc.o
      1844         66          0          0          0       4113   stm32f4xx_hal_rcc_ex.o
      2936         26          0          0          0       8257   stm32f4xx_hal_rtc.o
      3558         22          0          0          0      12961   stm32f4xx_hal_rtc_ex.o
       204         24         24          4          0       1549   system_stm32f4xx.o

    ----------------------------------------------------------------------
     47684       1410       1096      34376      11892    1184273   Object Totals
         0          0         48          0          0          0   (incl. Generated)
         4          0          4          6          4          0   (incl. Padding)

    ----------------------------------------------------------------------

      Code (inc. data)   RO Data    RW Data    ZI Data      Debug   Library Member Name

        86          0          0          0          0          0   __dczerorl2.o
         0          0          0          0          0          0   entry.o
         0          0          0          0          0          0   entry10a.o
         0          0          0          0          0          0   entry11a.o
         4          0          0          0          0          0   entry12b.o
         8          4          0          0          0          0   entry2.o
         4          0          0          0          0          0   entry5.o
         0          0          0          0          0          0   entry7b.o
         0          0          0          0          0          0   entry8b.o
         8          4          0          0          0          0   entry9a.o
        30          0          0          0          0          0   handlers.o
        36          8          0          0          0         68   init.o
         0          0          0          0          0          0   iusefp.o
        30          0          0          0          0         68   llshl.o
        36          0          0          0          0         68   llsshr.o
        32          0          0          0          0         68   llushr.o
        36          0          0          0          0         68   memcpya.o
        36          0          0          0          0        108   memseta.o
      2236         86          0          0          0        532   printfa.o
        44          0          0          0          0         80   uidiv.o
        98          0          0          0          0         92   uldiv.o
        48          0          0          0          0         68   cdrcmple.o
       334          0          0          0          0        148   dadd.o
       222          0          0          0          0        100   ddiv.o
       186          0          0          0          0        176   depilogue.o
        48          0          0          0          0         68   dfixul.o
       228          0          0          0          0         96   dmul.o

    ----------------------------------------------------------------------
      3796        102          0          0          0       1808   Library Totals
         6          0          0          0          0          0   (incl. Padding)

    ----------------------------------------------------------------------

      Code (inc. data)   RO Data    RW Data    ZI Data      Debug   Library Name

      2724        102          0          0          0       1152   mc_w.l
      1066          0          0          0          0        656   mf_w.l

    ----------------------------------------------------------------------
      3796        102          0          0          0       1808   Library Totals

    ----------------------------------------------------------------------

==============================================================================


      Code (inc. data)   RO Data    RW Data    ZI Data      Debug   

     51480       1512       1096      34376      11892    1182881   Grand Totals
     51480       1512       1096        304      11892    1182881   ELF Image Totals (compressed)
     51480       1512       1096        304          0          0   ROM Totals

==============================================================================

    Total RO  Size (Code + RO Data)                52576 (  51.34kB)
    Total RW  Size (RW Data + ZI Data)             46268 (  45.18kB)
    Total ROM Size (Code + RO Data + RW Data)      52880 (  51.64kB)

==============================================================================

