<!doctype html public "-//w3c//dtd html 4.0 transitional//en">
<html><head>
<title>Static Call Graph - [.\Debug\HTTP_Server.axf]</title></head>
<body><HR>
<H1>Static Call Graph for image .\Debug\HTTP_Server.axf</H1><HR>
<BR><P>#&#060CALLGRAPH&#062# ARM Linker, 5060960: Last Updated: Sun Mar 08 20:22:29 2026
<BR><P>
<H3>Maximum Stack Usage =        304 bytes + Unknown(Cycles, Untraceable Function Pointers)</H3><H3>
Call chain for Maximum Stack Depth:</H3>
main &rArr; RTC_Init &rArr; RTC_CalenConfig &rArr; HAL_RTC_SetTime &rArr; RTC_EnterInitMode &rArr; HAL_GetTick &rArr; osKernelGetTickCount &rArr; svcRtxKernelGetTickCount &rArr; EvrRtxKernelGetTickCount &rArr; EventRecord2 &rArr; EventRecordItem
<P>
<H3>
Mutually Recursive functions
</H3> <LI><a href="#[cf]">__asm___13_rtx_mempool_c_7914b4c7__atomic_link_put</a>&nbsp;&nbsp;&nbsp;&rArr;&nbsp;&nbsp;&nbsp;<a href="#[cf]">__asm___13_rtx_mempool_c_7914b4c7__atomic_link_put</a><BR>
 <LI><a href="#[1]">NMI_Handler</a>&nbsp;&nbsp;&nbsp;&rArr;&nbsp;&nbsp;&nbsp;<a href="#[1]">NMI_Handler</a><BR>
 <LI><a href="#[2]">HardFault_Handler</a>&nbsp;&nbsp;&nbsp;&rArr;&nbsp;&nbsp;&nbsp;<a href="#[2]">HardFault_Handler</a><BR>
 <LI><a href="#[3]">MemManage_Handler</a>&nbsp;&nbsp;&nbsp;&rArr;&nbsp;&nbsp;&nbsp;<a href="#[3]">MemManage_Handler</a><BR>
 <LI><a href="#[4]">BusFault_Handler</a>&nbsp;&nbsp;&nbsp;&rArr;&nbsp;&nbsp;&nbsp;<a href="#[4]">BusFault_Handler</a><BR>
 <LI><a href="#[5]">UsageFault_Handler</a>&nbsp;&nbsp;&nbsp;&rArr;&nbsp;&nbsp;&nbsp;<a href="#[5]">UsageFault_Handler</a><BR>
 <LI><a href="#[7]">DebugMon_Handler</a>&nbsp;&nbsp;&nbsp;&rArr;&nbsp;&nbsp;&nbsp;<a href="#[7]">DebugMon_Handler</a><BR>
 <LI><a href="#[1c]">ADC_IRQHandler</a>&nbsp;&nbsp;&nbsp;&rArr;&nbsp;&nbsp;&nbsp;<a href="#[1c]">ADC_IRQHandler</a><BR>
</UL>
<P>
<H3>
Function Pointers
</H3><UL>
 <LI><a href="#[1c]">ADC_IRQHandler</a> from startup_stm32f429xx.o(.text) referenced from startup_stm32f429xx.o(RESET)
 <LI><a href="#[4]">BusFault_Handler</a> from startup_stm32f429xx.o(.text) referenced from startup_stm32f429xx.o(RESET)
 <LI><a href="#[1e]">CAN1_RX0_IRQHandler</a> from startup_stm32f429xx.o(.text) referenced from startup_stm32f429xx.o(RESET)
 <LI><a href="#[1f]">CAN1_RX1_IRQHandler</a> from startup_stm32f429xx.o(.text) referenced from startup_stm32f429xx.o(RESET)
 <LI><a href="#[20]">CAN1_SCE_IRQHandler</a> from startup_stm32f429xx.o(.text) referenced from startup_stm32f429xx.o(RESET)
 <LI><a href="#[1d]">CAN1_TX_IRQHandler</a> from startup_stm32f429xx.o(.text) referenced from startup_stm32f429xx.o(RESET)
 <LI><a href="#[4a]">CAN2_RX0_IRQHandler</a> from startup_stm32f429xx.o(.text) referenced from startup_stm32f429xx.o(RESET)
 <LI><a href="#[4b]">CAN2_RX1_IRQHandler</a> from startup_stm32f429xx.o(.text) referenced from startup_stm32f429xx.o(RESET)
 <LI><a href="#[4c]">CAN2_SCE_IRQHandler</a> from startup_stm32f429xx.o(.text) referenced from startup_stm32f429xx.o(RESET)
 <LI><a href="#[49]">CAN2_TX_IRQHandler</a> from startup_stm32f429xx.o(.text) referenced from startup_stm32f429xx.o(RESET)
 <LI><a href="#[bc]">Control</a> from emac_stm32f4xx.o(.text) referenced from emac_stm32f4xx.o(.constdata)
 <LI><a href="#[bb]">ControlTimer</a> from emac_stm32f4xx.o(.text) referenced from emac_stm32f4xx.o(.constdata)
 <LI><a href="#[58]">DCMI_IRQHandler</a> from startup_stm32f429xx.o(.text) referenced from startup_stm32f429xx.o(RESET)
 <LI><a href="#[15]">DMA1_Stream0_IRQHandler</a> from startup_stm32f429xx.o(.text) referenced from startup_stm32f429xx.o(RESET)
 <LI><a href="#[16]">DMA1_Stream1_IRQHandler</a> from startup_stm32f429xx.o(.text) referenced from startup_stm32f429xx.o(RESET)
 <LI><a href="#[17]">DMA1_Stream2_IRQHandler</a> from startup_stm32f429xx.o(.text) referenced from startup_stm32f429xx.o(RESET)
 <LI><a href="#[18]">DMA1_Stream3_IRQHandler</a> from startup_stm32f429xx.o(.text) referenced from startup_stm32f429xx.o(RESET)
 <LI><a href="#[19]">DMA1_Stream4_IRQHandler</a> from startup_stm32f429xx.o(.text) referenced from startup_stm32f429xx.o(RESET)
 <LI><a href="#[1a]">DMA1_Stream5_IRQHandler</a> from startup_stm32f429xx.o(.text) referenced from startup_stm32f429xx.o(RESET)
 <LI><a href="#[1b]">DMA1_Stream6_IRQHandler</a> from startup_stm32f429xx.o(.text) referenced from startup_stm32f429xx.o(RESET)
 <LI><a href="#[39]">DMA1_Stream7_IRQHandler</a> from startup_stm32f429xx.o(.text) referenced from startup_stm32f429xx.o(RESET)
 <LI><a href="#[63]">DMA2D_IRQHandler</a> from startup_stm32f429xx.o(.text) referenced from startup_stm32f429xx.o(RESET)
 <LI><a href="#[42]">DMA2_Stream0_IRQHandler</a> from startup_stm32f429xx.o(.text) referenced from startup_stm32f429xx.o(RESET)
 <LI><a href="#[43]">DMA2_Stream1_IRQHandler</a> from startup_stm32f429xx.o(.text) referenced from startup_stm32f429xx.o(RESET)
 <LI><a href="#[44]">DMA2_Stream2_IRQHandler</a> from startup_stm32f429xx.o(.text) referenced from startup_stm32f429xx.o(RESET)
 <LI><a href="#[45]">DMA2_Stream3_IRQHandler</a> from startup_stm32f429xx.o(.text) referenced from startup_stm32f429xx.o(RESET)
 <LI><a href="#[46]">DMA2_Stream4_IRQHandler</a> from startup_stm32f429xx.o(.text) referenced from startup_stm32f429xx.o(RESET)
 <LI><a href="#[4e]">DMA2_Stream5_IRQHandler</a> from startup_stm32f429xx.o(.text) referenced from startup_stm32f429xx.o(RESET)
 <LI><a href="#[4f]">DMA2_Stream6_IRQHandler</a> from startup_stm32f429xx.o(.text) referenced from startup_stm32f429xx.o(RESET)
 <LI><a href="#[50]">DMA2_Stream7_IRQHandler</a> from startup_stm32f429xx.o(.text) referenced from startup_stm32f429xx.o(RESET)
 <LI><a href="#[7]">DebugMon_Handler</a> from startup_stm32f429xx.o(.text) referenced from startup_stm32f429xx.o(RESET)
 <LI><a href="#[47]">ETH_IRQHandler</a> from emac_stm32f4xx.o(.text) referenced from startup_stm32f429xx.o(RESET)
 <LI><a href="#[48]">ETH_WKUP_IRQHandler</a> from startup_stm32f429xx.o(.text) referenced from startup_stm32f429xx.o(RESET)
 <LI><a href="#[10]">EXTI0_IRQHandler</a> from startup_stm32f429xx.o(.text) referenced from startup_stm32f429xx.o(RESET)
 <LI><a href="#[32]">EXTI15_10_IRQHandler</a> from startup_stm32f429xx.o(.text) referenced from startup_stm32f429xx.o(RESET)
 <LI><a href="#[11]">EXTI1_IRQHandler</a> from startup_stm32f429xx.o(.text) referenced from startup_stm32f429xx.o(RESET)
 <LI><a href="#[12]">EXTI2_IRQHandler</a> from startup_stm32f429xx.o(.text) referenced from startup_stm32f429xx.o(RESET)
 <LI><a href="#[13]">EXTI3_IRQHandler</a> from startup_stm32f429xx.o(.text) referenced from startup_stm32f429xx.o(RESET)
 <LI><a href="#[14]">EXTI4_IRQHandler</a> from startup_stm32f429xx.o(.text) referenced from startup_stm32f429xx.o(RESET)
 <LI><a href="#[21]">EXTI9_5_IRQHandler</a> from startup_stm32f429xx.o(.text) referenced from startup_stm32f429xx.o(RESET)
 <LI><a href="#[e]">FLASH_IRQHandler</a> from startup_stm32f429xx.o(.text) referenced from startup_stm32f429xx.o(RESET)
 <LI><a href="#[3a]">FMC_IRQHandler</a> from startup_stm32f429xx.o(.text) referenced from startup_stm32f429xx.o(RESET)
 <LI><a href="#[5a]">FPU_IRQHandler</a> from startup_stm32f429xx.o(.text) referenced from startup_stm32f429xx.o(RESET)
 <LI><a href="#[af]">GetCapabilities</a> from emac_stm32f4xx.o(.text) referenced from emac_stm32f4xx.o(.constdata)
 <LI><a href="#[b3]">GetMacAddress</a> from emac_stm32f4xx.o(.text) referenced from emac_stm32f4xx.o(.constdata)
 <LI><a href="#[b8]">GetRxFrameSize</a> from emac_stm32f4xx.o(.text) referenced from emac_stm32f4xx.o(.constdata)
 <LI><a href="#[b9]">GetRxFrameTime</a> from emac_stm32f4xx.o(.text) referenced from emac_stm32f4xx.o(.constdata)
 <LI><a href="#[ba]">GetTxFrameTime</a> from emac_stm32f4xx.o(.text) referenced from emac_stm32f4xx.o(.constdata)
 <LI><a href="#[ae]">GetVersion</a> from emac_stm32f4xx.o(.text) referenced from emac_stm32f4xx.o(.constdata)
 <LI><a href="#[bf]">HAL_RCC_GetPCLK2Freq</a> from stm32f4xx_hal_rcc.o(.text) referenced from spi_stm32f4xx.o(.constdata)
 <LI><a href="#[59]">HASH_RNG_IRQHandler</a> from startup_stm32f429xx.o(.text) referenced from startup_stm32f429xx.o(RESET)
 <LI><a href="#[2]">HardFault_Handler</a> from startup_stm32f429xx.o(.text) referenced from startup_stm32f429xx.o(RESET)
 <LI><a href="#[2a]">I2C1_ER_IRQHandler</a> from startup_stm32f429xx.o(.text) referenced from startup_stm32f429xx.o(RESET)
 <LI><a href="#[29]">I2C1_EV_IRQHandler</a> from startup_stm32f429xx.o(.text) referenced from startup_stm32f429xx.o(RESET)
 <LI><a href="#[2c]">I2C2_ER_IRQHandler</a> from startup_stm32f429xx.o(.text) referenced from startup_stm32f429xx.o(RESET)
 <LI><a href="#[2b]">I2C2_EV_IRQHandler</a> from startup_stm32f429xx.o(.text) referenced from startup_stm32f429xx.o(RESET)
 <LI><a href="#[53]">I2C3_ER_IRQHandler</a> from startup_stm32f429xx.o(.text) referenced from startup_stm32f429xx.o(RESET)
 <LI><a href="#[52]">I2C3_EV_IRQHandler</a> from startup_stm32f429xx.o(.text) referenced from startup_stm32f429xx.o(RESET)
 <LI><a href="#[b0]">Initialize</a> from emac_stm32f4xx.o(.text) referenced from emac_stm32f4xx.o(.constdata)
 <LI><a href="#[62]">LTDC_ER_IRQHandler</a> from startup_stm32f429xx.o(.text) referenced from startup_stm32f429xx.o(RESET)
 <LI><a href="#[61]">LTDC_IRQHandler</a> from startup_stm32f429xx.o(.text) referenced from startup_stm32f429xx.o(RESET)
 <LI><a href="#[3]">MemManage_Handler</a> from startup_stm32f429xx.o(.text) referenced from startup_stm32f429xx.o(RESET)
 <LI><a href="#[1]">NMI_Handler</a> from startup_stm32f429xx.o(.text) referenced from startup_stm32f429xx.o(RESET)
 <LI><a href="#[4d]">OTG_FS_IRQHandler</a> from startup_stm32f429xx.o(.text) referenced from startup_stm32f429xx.o(RESET)
 <LI><a href="#[34]">OTG_FS_WKUP_IRQHandler</a> from startup_stm32f429xx.o(.text) referenced from startup_stm32f429xx.o(RESET)
 <LI><a href="#[55]">OTG_HS_EP1_IN_IRQHandler</a> from startup_stm32f429xx.o(.text) referenced from startup_stm32f429xx.o(RESET)
 <LI><a href="#[54]">OTG_HS_EP1_OUT_IRQHandler</a> from startup_stm32f429xx.o(.text) referenced from startup_stm32f429xx.o(RESET)
 <LI><a href="#[57]">OTG_HS_IRQHandler</a> from startup_stm32f429xx.o(.text) referenced from startup_stm32f429xx.o(RESET)
 <LI><a href="#[56]">OTG_HS_WKUP_IRQHandler</a> from startup_stm32f429xx.o(.text) referenced from startup_stm32f429xx.o(RESET)
 <LI><a href="#[bd]">PHY_Read</a> from emac_stm32f4xx.o(.text) referenced from emac_stm32f4xx.o(.constdata)
 <LI><a href="#[be]">PHY_Write</a> from emac_stm32f4xx.o(.text) referenced from emac_stm32f4xx.o(.constdata)
 <LI><a href="#[b]">PVD_IRQHandler</a> from startup_stm32f429xx.o(.text) referenced from startup_stm32f429xx.o(RESET)
 <LI><a href="#[8]">PendSV_Handler</a> from irq_armv7m.o(.text) referenced from startup_stm32f429xx.o(RESET)
 <LI><a href="#[b2]">PowerControl</a> from emac_stm32f4xx.o(.text) referenced from emac_stm32f4xx.o(.constdata)
 <LI><a href="#[f]">RCC_IRQHandler</a> from startup_stm32f429xx.o(.text) referenced from startup_stm32f429xx.o(RESET)
 <LI><a href="#[33]">RTC_Alarm_IRQHandler</a> from rtc.o(.text) referenced from startup_stm32f429xx.o(RESET)
 <LI><a href="#[d]">RTC_WKUP_IRQHandler</a> from startup_stm32f429xx.o(.text) referenced from startup_stm32f429xx.o(RESET)
 <LI><a href="#[b7]">ReadFrame</a> from emac_stm32f4xx.o(.text) referenced from emac_stm32f4xx.o(.constdata)
 <LI><a href="#[0]">Reset_Handler</a> from startup_stm32f429xx.o(.text) referenced from startup_stm32f429xx.o(RESET)
 <LI><a href="#[60]">SAI1_IRQHandler</a> from startup_stm32f429xx.o(.text) referenced from startup_stm32f429xx.o(RESET)
 <LI><a href="#[3b]">SDIO_IRQHandler</a> from startup_stm32f429xx.o(.text) referenced from startup_stm32f429xx.o(RESET)
 <LI><a href="#[c9]">SPI1_Control</a> from spi_stm32f4xx.o(.text) referenced from spi_stm32f4xx.o(.constdata)
 <LI><a href="#[c8]">SPI1_GetDataCount</a> from spi_stm32f4xx.o(.text) referenced from spi_stm32f4xx.o(.constdata)
 <LI><a href="#[ca]">SPI1_GetStatus</a> from spi_stm32f4xx.o(.text) referenced from spi_stm32f4xx.o(.constdata)
 <LI><a href="#[2d]">SPI1_IRQHandler</a> from spi_stm32f4xx.o(.text) referenced from startup_stm32f429xx.o(RESET)
 <LI><a href="#[c2]">SPI1_Initialize</a> from spi_stm32f4xx.o(.text) referenced from spi_stm32f4xx.o(.constdata)
 <LI><a href="#[c4]">SPI1_PowerControl</a> from spi_stm32f4xx.o(.text) referenced from spi_stm32f4xx.o(.constdata)
 <LI><a href="#[c6]">SPI1_Receive</a> from spi_stm32f4xx.o(.text) referenced from spi_stm32f4xx.o(.constdata)
 <LI><a href="#[c5]">SPI1_Send</a> from spi_stm32f4xx.o(.text) referenced from spi_stm32f4xx.o(.constdata)
 <LI><a href="#[c7]">SPI1_Transfer</a> from spi_stm32f4xx.o(.text) referenced from spi_stm32f4xx.o(.constdata)
 <LI><a href="#[c3]">SPI1_Uninitialize</a> from spi_stm32f4xx.o(.text) referenced from spi_stm32f4xx.o(.constdata)
 <LI><a href="#[2e]">SPI2_IRQHandler</a> from startup_stm32f429xx.o(.text) referenced from startup_stm32f429xx.o(RESET)
 <LI><a href="#[3d]">SPI3_IRQHandler</a> from startup_stm32f429xx.o(.text) referenced from startup_stm32f429xx.o(RESET)
 <LI><a href="#[5d]">SPI4_IRQHandler</a> from startup_stm32f429xx.o(.text) referenced from startup_stm32f429xx.o(RESET)
 <LI><a href="#[5e]">SPI5_IRQHandler</a> from startup_stm32f429xx.o(.text) referenced from startup_stm32f429xx.o(RESET)
 <LI><a href="#[5f]">SPI6_IRQHandler</a> from startup_stm32f429xx.o(.text) referenced from startup_stm32f429xx.o(RESET)
 <LI><a href="#[c1]">SPIX_GetCapabilities</a> from spi_stm32f4xx.o(.text) referenced from spi_stm32f4xx.o(.constdata)
 <LI><a href="#[c0]">SPIX_GetVersion</a> from spi_stm32f4xx.o(.text) referenced from spi_stm32f4xx.o(.constdata)
 <LI><a href="#[6]">SVC_Handler</a> from irq_armv7m.o(.text) referenced from startup_stm32f429xx.o(RESET)
 <LI><a href="#[b6]">SendFrame</a> from emac_stm32f4xx.o(.text) referenced from emac_stm32f4xx.o(.constdata)
 <LI><a href="#[b5]">SetAddressFilter</a> from emac_stm32f4xx.o(.text) referenced from emac_stm32f4xx.o(.constdata)
 <LI><a href="#[b4]">SetMacAddress</a> from emac_stm32f4xx.o(.text) referenced from emac_stm32f4xx.o(.constdata)
 <LI><a href="#[9]">SysTick_Handler</a> from irq_armv7m.o(.text) referenced from rtx_kernel.o(.text)
 <LI><a href="#[9]">SysTick_Handler</a> from irq_armv7m.o(.text) referenced from startup_stm32f429xx.o(RESET)
 <LI><a href="#[ab]">SystemInit</a> from system_stm32f4xx.o(.text) referenced from startup_stm32f429xx.o(.text)
 <LI><a href="#[c]">TAMP_STAMP_IRQHandler</a> from startup_stm32f429xx.o(.text) referenced from startup_stm32f429xx.o(RESET)
 <LI><a href="#[22]">TIM1_BRK_TIM9_IRQHandler</a> from startup_stm32f429xx.o(.text) referenced from startup_stm32f429xx.o(RESET)
 <LI><a href="#[25]">TIM1_CC_IRQHandler</a> from startup_stm32f429xx.o(.text) referenced from startup_stm32f429xx.o(RESET)
 <LI><a href="#[24]">TIM1_TRG_COM_TIM11_IRQHandler</a> from startup_stm32f429xx.o(.text) referenced from startup_stm32f429xx.o(RESET)
 <LI><a href="#[23]">TIM1_UP_TIM10_IRQHandler</a> from startup_stm32f429xx.o(.text) referenced from startup_stm32f429xx.o(RESET)
 <LI><a href="#[26]">TIM2_IRQHandler</a> from startup_stm32f429xx.o(.text) referenced from startup_stm32f429xx.o(RESET)
 <LI><a href="#[27]">TIM3_IRQHandler</a> from startup_stm32f429xx.o(.text) referenced from startup_stm32f429xx.o(RESET)
 <LI><a href="#[28]">TIM4_IRQHandler</a> from startup_stm32f429xx.o(.text) referenced from startup_stm32f429xx.o(RESET)
 <LI><a href="#[3c]">TIM5_IRQHandler</a> from startup_stm32f429xx.o(.text) referenced from startup_stm32f429xx.o(RESET)
 <LI><a href="#[40]">TIM6_DAC_IRQHandler</a> from startup_stm32f429xx.o(.text) referenced from startup_stm32f429xx.o(RESET)
 <LI><a href="#[41]">TIM7_IRQHandler</a> from startup_stm32f429xx.o(.text) referenced from startup_stm32f429xx.o(RESET)
 <LI><a href="#[35]">TIM8_BRK_TIM12_IRQHandler</a> from startup_stm32f429xx.o(.text) referenced from startup_stm32f429xx.o(RESET)
 <LI><a href="#[38]">TIM8_CC_IRQHandler</a> from startup_stm32f429xx.o(.text) referenced from startup_stm32f429xx.o(RESET)
 <LI><a href="#[37]">TIM8_TRG_COM_TIM14_IRQHandler</a> from startup_stm32f429xx.o(.text) referenced from startup_stm32f429xx.o(RESET)
 <LI><a href="#[36]">TIM8_UP_TIM13_IRQHandler</a> from startup_stm32f429xx.o(.text) referenced from startup_stm32f429xx.o(RESET)
 <LI><a href="#[3e]">UART4_IRQHandler</a> from startup_stm32f429xx.o(.text) referenced from startup_stm32f429xx.o(RESET)
 <LI><a href="#[3f]">UART5_IRQHandler</a> from startup_stm32f429xx.o(.text) referenced from startup_stm32f429xx.o(RESET)
 <LI><a href="#[5b]">UART7_IRQHandler</a> from startup_stm32f429xx.o(.text) referenced from startup_stm32f429xx.o(RESET)
 <LI><a href="#[5c]">UART8_IRQHandler</a> from startup_stm32f429xx.o(.text) referenced from startup_stm32f429xx.o(RESET)
 <LI><a href="#[2f]">USART1_IRQHandler</a> from startup_stm32f429xx.o(.text) referenced from startup_stm32f429xx.o(RESET)
 <LI><a href="#[30]">USART2_IRQHandler</a> from startup_stm32f429xx.o(.text) referenced from startup_stm32f429xx.o(RESET)
 <LI><a href="#[31]">USART3_IRQHandler</a> from startup_stm32f429xx.o(.text) referenced from startup_stm32f429xx.o(RESET)
 <LI><a href="#[51]">USART6_IRQHandler</a> from startup_stm32f429xx.o(.text) referenced from startup_stm32f429xx.o(RESET)
 <LI><a href="#[b1]">Uninitialize</a> from emac_stm32f4xx.o(.text) referenced from emac_stm32f4xx.o(.constdata)
 <LI><a href="#[5]">UsageFault_Handler</a> from startup_stm32f429xx.o(.text) referenced from startup_stm32f429xx.o(RESET)
 <LI><a href="#[a]">WWDG_IRQHandler</a> from startup_stm32f429xx.o(.text) referenced from startup_stm32f429xx.o(RESET)
 <LI><a href="#[ac]">__main</a> from entry.o(.ARM.Collect$$$$00000000) referenced from startup_stm32f429xx.o(.text)
 <LI><a href="#[ad]">_sputc</a> from printfa.o(i._sputc) referenced from printfa.o(i.__0sprintf)
 <LI><a href="#[64]">main</a> from main.o(.text) referenced from entry9a.o(.ARM.Collect$$$$0000000B)
 <LI><a href="#[8f]">osRtxIdleThread</a> from rtx_config.o(.text) referenced from rtx_thread.o(.text)
 <LI><a href="#[72]">osRtxMemoryPoolPostProcess</a> from rtx_mempool.o(.text) referenced from rtx_mempool.o(.text)
 <LI><a href="#[7c]">osRtxMessageQueuePostProcess</a> from rtx_msgqueue.o(.text) referenced from rtx_msgqueue.o(.text)
 <LI><a href="#[8e]">osRtxThreadPostProcess</a> from rtx_thread.o(.text) referenced from rtx_thread.o(.text)
 <LI><a href="#[cc]">osRtxTimerSetup</a> from rtx_timer.o(.text) referenced from rtx_lib.o(.rodata)
 <LI><a href="#[cb]">osRtxTimerThread</a> from rtx_timer.o(.text) referenced from rtx_lib.o(.rodata)
 <LI><a href="#[a4]">osRtxTimerTick</a> from rtx_timer.o(.text) referenced from rtx_timer.o(.text)
 <LI><a href="#[21c]">osThreadExit</a> from rtx_thread.o(.text) referenced from rtx_thread.o(.text)
 <LI><a href="#[66]">svcRtxKernelGetInfo</a> from rtx_kernel.o(.text) referenced from rtx_kernel.o(.text)
 <LI><a href="#[67]">svcRtxKernelGetState</a> from rtx_kernel.o(.text) referenced from rtx_kernel.o(.text)
 <LI><a href="#[70]">svcRtxKernelGetSysTimerCount</a> from rtx_kernel.o(.text) referenced from rtx_kernel.o(.text)
 <LI><a href="#[71]">svcRtxKernelGetSysTimerFreq</a> from rtx_kernel.o(.text) referenced from rtx_kernel.o(.text)
 <LI><a href="#[6e]">svcRtxKernelGetTickCount</a> from rtx_kernel.o(.text) referenced from rtx_kernel.o(.text)
 <LI><a href="#[6f]">svcRtxKernelGetTickFreq</a> from rtx_kernel.o(.text) referenced from rtx_kernel.o(.text)
 <LI><a href="#[65]">svcRtxKernelInitialize</a> from rtx_kernel.o(.text) referenced from rtx_kernel.o(.text)
 <LI><a href="#[69]">svcRtxKernelLock</a> from rtx_kernel.o(.text) referenced from rtx_kernel.o(.text)
 <LI><a href="#[6b]">svcRtxKernelRestoreLock</a> from rtx_kernel.o(.text) referenced from rtx_kernel.o(.text)
 <LI><a href="#[6d]">svcRtxKernelResume</a> from rtx_kernel.o(.text) referenced from rtx_kernel.o(.text)
 <LI><a href="#[68]">svcRtxKernelStart</a> from rtx_kernel.o(.text) referenced from rtx_kernel.o(.text)
 <LI><a href="#[6c]">svcRtxKernelSuspend</a> from rtx_kernel.o(.text) referenced from rtx_kernel.o(.text)
 <LI><a href="#[6a]">svcRtxKernelUnlock</a> from rtx_kernel.o(.text) referenced from rtx_kernel.o(.text)
 <LI><a href="#[75]">svcRtxMemoryPoolAlloc</a> from rtx_mempool.o(.text) referenced from rtx_mempool.o(.text)
 <LI><a href="#[7b]">svcRtxMemoryPoolDelete</a> from rtx_mempool.o(.text) referenced from rtx_mempool.o(.text)
 <LI><a href="#[76]">svcRtxMemoryPoolFree</a> from rtx_mempool.o(.text) referenced from rtx_mempool.o(.text)
 <LI><a href="#[78]">svcRtxMemoryPoolGetBlockSize</a> from rtx_mempool.o(.text) referenced from rtx_mempool.o(.text)
 <LI><a href="#[77]">svcRtxMemoryPoolGetCapacity</a> from rtx_mempool.o(.text) referenced from rtx_mempool.o(.text)
 <LI><a href="#[79]">svcRtxMemoryPoolGetCount</a> from rtx_mempool.o(.text) referenced from rtx_mempool.o(.text)
 <LI><a href="#[74]">svcRtxMemoryPoolGetName</a> from rtx_mempool.o(.text) referenced from rtx_mempool.o(.text)
 <LI><a href="#[7a]">svcRtxMemoryPoolGetSpace</a> from rtx_mempool.o(.text) referenced from rtx_mempool.o(.text)
 <LI><a href="#[73]">svcRtxMemoryPoolNew</a> from rtx_mempool.o(.text) referenced from rtx_mempool.o(.text)
 <LI><a href="#[86]">svcRtxMessageQueueDelete</a> from rtx_msgqueue.o(.text) referenced from rtx_msgqueue.o(.text)
 <LI><a href="#[80]">svcRtxMessageQueueGet</a> from rtx_msgqueue.o(.text) referenced from rtx_msgqueue.o(.text)
 <LI><a href="#[81]">svcRtxMessageQueueGetCapacity</a> from rtx_msgqueue.o(.text) referenced from rtx_msgqueue.o(.text)
 <LI><a href="#[83]">svcRtxMessageQueueGetCount</a> from rtx_msgqueue.o(.text) referenced from rtx_msgqueue.o(.text)
 <LI><a href="#[82]">svcRtxMessageQueueGetMsgSize</a> from rtx_msgqueue.o(.text) referenced from rtx_msgqueue.o(.text)
 <LI><a href="#[7e]">svcRtxMessageQueueGetName</a> from rtx_msgqueue.o(.text) referenced from rtx_msgqueue.o(.text)
 <LI><a href="#[84]">svcRtxMessageQueueGetSpace</a> from rtx_msgqueue.o(.text) referenced from rtx_msgqueue.o(.text)
 <LI><a href="#[7d]">svcRtxMessageQueueNew</a> from rtx_msgqueue.o(.text) referenced from rtx_msgqueue.o(.text)
 <LI><a href="#[7f]">svcRtxMessageQueuePut</a> from rtx_msgqueue.o(.text) referenced from rtx_msgqueue.o(.text)
 <LI><a href="#[85]">svcRtxMessageQueueReset</a> from rtx_msgqueue.o(.text) referenced from rtx_msgqueue.o(.text)
 <LI><a href="#[89]">svcRtxMutexAcquire</a> from rtx_mutex.o(.text) referenced from rtx_mutex.o(.text)
 <LI><a href="#[8c]">svcRtxMutexDelete</a> from rtx_mutex.o(.text) referenced from rtx_mutex.o(.text)
 <LI><a href="#[88]">svcRtxMutexGetName</a> from rtx_mutex.o(.text) referenced from rtx_mutex.o(.text)
 <LI><a href="#[8b]">svcRtxMutexGetOwner</a> from rtx_mutex.o(.text) referenced from rtx_mutex.o(.text)
 <LI><a href="#[87]">svcRtxMutexNew</a> from rtx_mutex.o(.text) referenced from rtx_mutex.o(.text)
 <LI><a href="#[8a]">svcRtxMutexRelease</a> from rtx_mutex.o(.text) referenced from rtx_mutex.o(.text)
 <LI><a href="#[9b]">svcRtxThreadDetach</a> from rtx_thread.o(.text) referenced from rtx_thread.o(.text)
 <LI><a href="#[9f]">svcRtxThreadEnumerate</a> from rtx_thread.o(.text) referenced from rtx_thread.o(.text)
 <LI><a href="#[8d]">svcRtxThreadExit</a> from rtx_thread.o(.text) referenced from rtx_thread.o(.text)
 <LI><a href="#[a1]">svcRtxThreadFlagsClear</a> from rtx_thread.o(.text) referenced from rtx_thread.o(.text)
 <LI><a href="#[a2]">svcRtxThreadFlagsGet</a> from rtx_thread.o(.text) referenced from rtx_thread.o(.text)
 <LI><a href="#[a0]">svcRtxThreadFlagsSet</a> from rtx_thread.o(.text) referenced from rtx_thread.o(.text)
 <LI><a href="#[a3]">svcRtxThreadFlagsWait</a> from rtx_thread.o(.text) referenced from rtx_thread.o(.text)
 <LI><a href="#[9e]">svcRtxThreadGetCount</a> from rtx_thread.o(.text) referenced from rtx_thread.o(.text)
 <LI><a href="#[92]">svcRtxThreadGetId</a> from rtx_thread.o(.text) referenced from rtx_thread.o(.text)
 <LI><a href="#[91]">svcRtxThreadGetName</a> from rtx_thread.o(.text) referenced from rtx_thread.o(.text)
 <LI><a href="#[97]">svcRtxThreadGetPriority</a> from rtx_thread.o(.text) referenced from rtx_thread.o(.text)
 <LI><a href="#[94]">svcRtxThreadGetStackSize</a> from rtx_thread.o(.text) referenced from rtx_thread.o(.text)
 <LI><a href="#[95]">svcRtxThreadGetStackSpace</a> from rtx_thread.o(.text) referenced from rtx_thread.o(.text)
 <LI><a href="#[93]">svcRtxThreadGetState</a> from rtx_thread.o(.text) referenced from rtx_thread.o(.text)
 <LI><a href="#[9c]">svcRtxThreadJoin</a> from rtx_thread.o(.text) referenced from rtx_thread.o(.text)
 <LI><a href="#[90]">svcRtxThreadNew</a> from rtx_thread.o(.text) referenced from rtx_thread.o(.text)
 <LI><a href="#[9a]">svcRtxThreadResume</a> from rtx_thread.o(.text) referenced from rtx_thread.o(.text)
 <LI><a href="#[96]">svcRtxThreadSetPriority</a> from rtx_thread.o(.text) referenced from rtx_thread.o(.text)
 <LI><a href="#[99]">svcRtxThreadSuspend</a> from rtx_thread.o(.text) referenced from rtx_thread.o(.text)
 <LI><a href="#[9d]">svcRtxThreadTerminate</a> from rtx_thread.o(.text) referenced from rtx_thread.o(.text)
 <LI><a href="#[98]">svcRtxThreadYield</a> from rtx_thread.o(.text) referenced from rtx_thread.o(.text)
 <LI><a href="#[aa]">svcRtxTimerDelete</a> from rtx_timer.o(.text) referenced from rtx_timer.o(.text)
 <LI><a href="#[a6]">svcRtxTimerGetName</a> from rtx_timer.o(.text) referenced from rtx_timer.o(.text)
 <LI><a href="#[a9]">svcRtxTimerIsRunning</a> from rtx_timer.o(.text) referenced from rtx_timer.o(.text)
 <LI><a href="#[a5]">svcRtxTimerNew</a> from rtx_timer.o(.text) referenced from rtx_timer.o(.text)
 <LI><a href="#[a7]">svcRtxTimerStart</a> from rtx_timer.o(.text) referenced from rtx_timer.o(.text)
 <LI><a href="#[a8]">svcRtxTimerStop</a> from rtx_timer.o(.text) referenced from rtx_timer.o(.text)
</UL>
<P>
<H3>
Global Symbols
</H3>
<P><STRONG><a name="[ac]"></a>__main</STRONG> (Thumb, 0 bytes, Stack size unknown bytes, entry.o(.ARM.Collect$$$$00000000))
<BR>[Address Reference Count : 1]<UL><LI> startup_stm32f429xx.o(.text)
</UL>
<P><STRONG><a name="[2c7]"></a>_main_stk</STRONG> (Thumb, 0 bytes, Stack size unknown bytes, entry2.o(.ARM.Collect$$$$00000001))

<P><STRONG><a name="[cd]"></a>_main_scatterload</STRONG> (Thumb, 0 bytes, Stack size unknown bytes, entry5.o(.ARM.Collect$$$$00000004))
<BR><BR>[Calls]<UL><LI><a href="#[ce]">&gt;&gt;</a>&nbsp;&nbsp;&nbsp;__scatterload
</UL>

<P><STRONG><a name="[2bf]"></a>__main_after_scatterload</STRONG> (Thumb, 0 bytes, Stack size unknown bytes, entry5.o(.ARM.Collect$$$$00000004))
<BR><BR>[Called By]<UL><LI><a href="#[ce]">&gt;&gt;</a>&nbsp;&nbsp;&nbsp;__scatterload
</UL>

<P><STRONG><a name="[2c8]"></a>_main_clock</STRONG> (Thumb, 0 bytes, Stack size unknown bytes, entry7b.o(.ARM.Collect$$$$00000008))

<P><STRONG><a name="[2c9]"></a>_main_cpp_init</STRONG> (Thumb, 0 bytes, Stack size unknown bytes, entry8b.o(.ARM.Collect$$$$0000000A))

<P><STRONG><a name="[2ca]"></a>_main_init</STRONG> (Thumb, 0 bytes, Stack size unknown bytes, entry9a.o(.ARM.Collect$$$$0000000B))

<P><STRONG><a name="[2cb]"></a>__rt_lib_shutdown_fini</STRONG> (Thumb, 0 bytes, Stack size unknown bytes, entry12b.o(.ARM.Collect$$$$0000000E))

<P><STRONG><a name="[2cc]"></a>__rt_final_cpp</STRONG> (Thumb, 0 bytes, Stack size unknown bytes, entry10a.o(.ARM.Collect$$$$0000000F))

<P><STRONG><a name="[2cd]"></a>__rt_final_exit</STRONG> (Thumb, 0 bytes, Stack size unknown bytes, entry11a.o(.ARM.Collect$$$$00000011))

<P><STRONG><a name="[2ce]"></a>__asm___13_rtx_mempool_c_7914b4c7__atomic_wr8</STRONG> (Thumb, 16 bytes, Stack size 0 bytes, rtx_mempool.o(.emb_text), UNUSED)

<P><STRONG><a name="[2cf]"></a>__asm___13_rtx_mempool_c_7914b4c7__atomic_set32</STRONG> (Thumb, 20 bytes, Stack size 0 bytes, rtx_mempool.o(.emb_text), UNUSED)

<P><STRONG><a name="[2d0]"></a>__asm___13_rtx_mempool_c_7914b4c7__atomic_clr32</STRONG> (Thumb, 22 bytes, Stack size 0 bytes, rtx_mempool.o(.emb_text), UNUSED)

<P><STRONG><a name="[2d1]"></a>__asm___13_rtx_mempool_c_7914b4c7__atomic_chk32_all</STRONG> (Thumb, 38 bytes, Stack size 0 bytes, rtx_mempool.o(.emb_text), UNUSED)

<P><STRONG><a name="[2d2]"></a>__asm___13_rtx_mempool_c_7914b4c7__atomic_chk32_any</STRONG> (Thumb, 34 bytes, Stack size 0 bytes, rtx_mempool.o(.emb_text), UNUSED)

<P><STRONG><a name="[1cd]"></a>__asm___13_rtx_mempool_c_7914b4c7__atomic_inc32</STRONG> (Thumb, 18 bytes, Stack size 0 bytes, rtx_mempool.o(.emb_text))
<BR><BR>[Called By]<UL><LI><a href="#[1cb]">&gt;&gt;</a>&nbsp;&nbsp;&nbsp;osRtxMemoryPoolAlloc
</UL>

<P><STRONG><a name="[2d3]"></a>__asm___13_rtx_mempool_c_7914b4c7__atomic_inc16_lt</STRONG> (Thumb, 30 bytes, Stack size 0 bytes, rtx_mempool.o(.emb_text), UNUSED)

<P><STRONG><a name="[2d4]"></a>__asm___13_rtx_mempool_c_7914b4c7__atomic_inc16_lim</STRONG> (Thumb, 26 bytes, Stack size 0 bytes, rtx_mempool.o(.emb_text), UNUSED)

<P><STRONG><a name="[1cf]"></a>__asm___13_rtx_mempool_c_7914b4c7__atomic_dec32</STRONG> (Thumb, 18 bytes, Stack size 0 bytes, rtx_mempool.o(.emb_text))
<BR><BR>[Called By]<UL><LI><a href="#[1ce]">&gt;&gt;</a>&nbsp;&nbsp;&nbsp;osRtxMemoryPoolFree
</UL>

<P><STRONG><a name="[2d5]"></a>__asm___13_rtx_mempool_c_7914b4c7__atomic_dec32_nz</STRONG> (Thumb, 26 bytes, Stack size 0 bytes, rtx_mempool.o(.emb_text), UNUSED)

<P><STRONG><a name="[2d6]"></a>__asm___13_rtx_mempool_c_7914b4c7__atomic_dec16_nz</STRONG> (Thumb, 26 bytes, Stack size 0 bytes, rtx_mempool.o(.emb_text), UNUSED)

<P><STRONG><a name="[1cc]"></a>__asm___13_rtx_mempool_c_7914b4c7__atomic_link_get</STRONG> (Thumb, 26 bytes, Stack size 0 bytes, rtx_mempool.o(.emb_text))
<BR><BR>[Called By]<UL><LI><a href="#[1cb]">&gt;&gt;</a>&nbsp;&nbsp;&nbsp;osRtxMemoryPoolAlloc
</UL>

<P><STRONG><a name="[cf]"></a>__asm___13_rtx_mempool_c_7914b4c7__atomic_link_put</STRONG> (Thumb, 28 bytes, Stack size 0 bytes, rtx_mempool.o(.emb_text))
<BR><BR>[Calls]<UL><LI><a href="#[cf]">&gt;&gt;</a>&nbsp;&nbsp;&nbsp;__asm___13_rtx_mempool_c_7914b4c7__atomic_link_put
</UL>
<BR>[Called By]<UL><LI><a href="#[1ce]">&gt;&gt;</a>&nbsp;&nbsp;&nbsp;osRtxMemoryPoolFree
<LI><a href="#[cf]">&gt;&gt;</a>&nbsp;&nbsp;&nbsp;__asm___13_rtx_mempool_c_7914b4c7__atomic_link_put
</UL>

<P><STRONG><a name="[1e5]"></a>__asm___14_rtx_msgqueue_c_a86a7a93__atomic_wr8</STRONG> (Thumb, 16 bytes, Stack size 0 bytes, rtx_msgqueue.o(.emb_text))
<BR><BR>[Called By]<UL><LI><a href="#[1e3]">&gt;&gt;</a>&nbsp;&nbsp;&nbsp;MessageQueueGet
</UL>

<P><STRONG><a name="[2d7]"></a>__asm___14_rtx_msgqueue_c_a86a7a93__atomic_set32</STRONG> (Thumb, 20 bytes, Stack size 0 bytes, rtx_msgqueue.o(.emb_text), UNUSED)

<P><STRONG><a name="[2d8]"></a>__asm___14_rtx_msgqueue_c_a86a7a93__atomic_clr32</STRONG> (Thumb, 22 bytes, Stack size 0 bytes, rtx_msgqueue.o(.emb_text), UNUSED)

<P><STRONG><a name="[2d9]"></a>__asm___14_rtx_msgqueue_c_a86a7a93__atomic_chk32_all</STRONG> (Thumb, 38 bytes, Stack size 0 bytes, rtx_msgqueue.o(.emb_text), UNUSED)

<P><STRONG><a name="[2da]"></a>__asm___14_rtx_msgqueue_c_a86a7a93__atomic_chk32_any</STRONG> (Thumb, 34 bytes, Stack size 0 bytes, rtx_msgqueue.o(.emb_text), UNUSED)

<P><STRONG><a name="[1e2]"></a>__asm___14_rtx_msgqueue_c_a86a7a93__atomic_inc32</STRONG> (Thumb, 18 bytes, Stack size 0 bytes, rtx_msgqueue.o(.emb_text))
<BR><BR>[Called By]<UL><LI><a href="#[1e1]">&gt;&gt;</a>&nbsp;&nbsp;&nbsp;MessageQueuePut
</UL>

<P><STRONG><a name="[2db]"></a>__asm___14_rtx_msgqueue_c_a86a7a93__atomic_inc16_lt</STRONG> (Thumb, 30 bytes, Stack size 0 bytes, rtx_msgqueue.o(.emb_text), UNUSED)

<P><STRONG><a name="[2dc]"></a>__asm___14_rtx_msgqueue_c_a86a7a93__atomic_inc16_lim</STRONG> (Thumb, 26 bytes, Stack size 0 bytes, rtx_msgqueue.o(.emb_text), UNUSED)

<P><STRONG><a name="[2dd]"></a>__asm___14_rtx_msgqueue_c_a86a7a93__atomic_dec32</STRONG> (Thumb, 18 bytes, Stack size 0 bytes, rtx_msgqueue.o(.emb_text), UNUSED)

<P><STRONG><a name="[1e4]"></a>__asm___14_rtx_msgqueue_c_a86a7a93__atomic_dec32_nz</STRONG> (Thumb, 26 bytes, Stack size 0 bytes, rtx_msgqueue.o(.emb_text))
<BR><BR>[Called By]<UL><LI><a href="#[1e3]">&gt;&gt;</a>&nbsp;&nbsp;&nbsp;MessageQueueGet
</UL>

<P><STRONG><a name="[2de]"></a>__asm___14_rtx_msgqueue_c_a86a7a93__atomic_dec16_nz</STRONG> (Thumb, 26 bytes, Stack size 0 bytes, rtx_msgqueue.o(.emb_text), UNUSED)

<P><STRONG><a name="[2df]"></a>__asm___14_rtx_msgqueue_c_a86a7a93__atomic_link_get</STRONG> (Thumb, 26 bytes, Stack size 0 bytes, rtx_msgqueue.o(.emb_text), UNUSED)

<P><STRONG><a name="[d0]"></a>__asm___14_rtx_msgqueue_c_a86a7a93__atomic_link_put</STRONG> (Thumb, 28 bytes, Stack size 0 bytes, rtx_msgqueue.o(.emb_text), UNUSED)
<BR><BR>[Calls]<UL><LI><a href="#[d0]">&gt;&gt;</a>&nbsp;&nbsp;&nbsp;__asm___14_rtx_msgqueue_c_a86a7a93__atomic_link_put
</UL>
<BR>[Called By]<UL><LI><a href="#[d0]">&gt;&gt;</a>&nbsp;&nbsp;&nbsp;__asm___14_rtx_msgqueue_c_a86a7a93__atomic_link_put
</UL>

<P><STRONG><a name="[2e0]"></a>__asm___12_rtx_system_c_024f2f18__atomic_wr8</STRONG> (Thumb, 16 bytes, Stack size 0 bytes, rtx_system.o(.emb_text), UNUSED)

<P><STRONG><a name="[2e1]"></a>__asm___12_rtx_system_c_024f2f18__atomic_set32</STRONG> (Thumb, 20 bytes, Stack size 0 bytes, rtx_system.o(.emb_text), UNUSED)

<P><STRONG><a name="[2e2]"></a>__asm___12_rtx_system_c_024f2f18__atomic_clr32</STRONG> (Thumb, 22 bytes, Stack size 0 bytes, rtx_system.o(.emb_text), UNUSED)

<P><STRONG><a name="[2e3]"></a>__asm___12_rtx_system_c_024f2f18__atomic_chk32_all</STRONG> (Thumb, 38 bytes, Stack size 0 bytes, rtx_system.o(.emb_text), UNUSED)

<P><STRONG><a name="[2e4]"></a>__asm___12_rtx_system_c_024f2f18__atomic_chk32_any</STRONG> (Thumb, 34 bytes, Stack size 0 bytes, rtx_system.o(.emb_text), UNUSED)

<P><STRONG><a name="[2e5]"></a>__asm___12_rtx_system_c_024f2f18__atomic_inc32</STRONG> (Thumb, 18 bytes, Stack size 0 bytes, rtx_system.o(.emb_text), UNUSED)

<P><STRONG><a name="[203]"></a>__asm___12_rtx_system_c_024f2f18__atomic_inc16_lt</STRONG> (Thumb, 30 bytes, Stack size 0 bytes, rtx_system.o(.emb_text))
<BR><BR>[Called By]<UL><LI><a href="#[202]">&gt;&gt;</a>&nbsp;&nbsp;&nbsp;isr_queue_put
</UL>

<P><STRONG><a name="[204]"></a>__asm___12_rtx_system_c_024f2f18__atomic_inc16_lim</STRONG> (Thumb, 26 bytes, Stack size 0 bytes, rtx_system.o(.emb_text))
<BR><BR>[Called By]<UL><LI><a href="#[205]">&gt;&gt;</a>&nbsp;&nbsp;&nbsp;isr_queue_get
<LI><a href="#[202]">&gt;&gt;</a>&nbsp;&nbsp;&nbsp;isr_queue_put
</UL>

<P><STRONG><a name="[2e6]"></a>__asm___12_rtx_system_c_024f2f18__atomic_dec32</STRONG> (Thumb, 18 bytes, Stack size 0 bytes, rtx_system.o(.emb_text), UNUSED)

<P><STRONG><a name="[2e7]"></a>__asm___12_rtx_system_c_024f2f18__atomic_dec32_nz</STRONG> (Thumb, 26 bytes, Stack size 0 bytes, rtx_system.o(.emb_text), UNUSED)

<P><STRONG><a name="[206]"></a>__asm___12_rtx_system_c_024f2f18__atomic_dec16_nz</STRONG> (Thumb, 26 bytes, Stack size 0 bytes, rtx_system.o(.emb_text))
<BR><BR>[Called By]<UL><LI><a href="#[205]">&gt;&gt;</a>&nbsp;&nbsp;&nbsp;isr_queue_get
</UL>

<P><STRONG><a name="[2e8]"></a>__asm___12_rtx_system_c_024f2f18__atomic_link_get</STRONG> (Thumb, 26 bytes, Stack size 0 bytes, rtx_system.o(.emb_text), UNUSED)

<P><STRONG><a name="[d1]"></a>__asm___12_rtx_system_c_024f2f18__atomic_link_put</STRONG> (Thumb, 28 bytes, Stack size 0 bytes, rtx_system.o(.emb_text), UNUSED)
<BR><BR>[Calls]<UL><LI><a href="#[d1]">&gt;&gt;</a>&nbsp;&nbsp;&nbsp;__asm___12_rtx_system_c_024f2f18__atomic_link_put
</UL>
<BR>[Called By]<UL><LI><a href="#[d1]">&gt;&gt;</a>&nbsp;&nbsp;&nbsp;__asm___12_rtx_system_c_024f2f18__atomic_link_put
</UL>

<P><STRONG><a name="[2e9]"></a>__asm___12_rtx_thread_c_add96be5__atomic_wr8</STRONG> (Thumb, 16 bytes, Stack size 0 bytes, rtx_thread.o(.emb_text), UNUSED)

<P><STRONG><a name="[20b]"></a>__asm___12_rtx_thread_c_add96be5__atomic_set32</STRONG> (Thumb, 20 bytes, Stack size 0 bytes, rtx_thread.o(.emb_text))
<BR><BR>[Called By]<UL><LI><a href="#[20a]">&gt;&gt;</a>&nbsp;&nbsp;&nbsp;ThreadFlagsSet
</UL>

<P><STRONG><a name="[20d]"></a>__asm___12_rtx_thread_c_add96be5__atomic_clr32</STRONG> (Thumb, 22 bytes, Stack size 0 bytes, rtx_thread.o(.emb_text))
<BR><BR>[Called By]<UL><LI><a href="#[20c]">&gt;&gt;</a>&nbsp;&nbsp;&nbsp;ThreadFlagsClear
</UL>

<P><STRONG><a name="[20f]"></a>__asm___12_rtx_thread_c_add96be5__atomic_chk32_all</STRONG> (Thumb, 38 bytes, Stack size 0 bytes, rtx_thread.o(.emb_text))
<BR><BR>[Called By]<UL><LI><a href="#[20e]">&gt;&gt;</a>&nbsp;&nbsp;&nbsp;ThreadFlagsCheck
</UL>

<P><STRONG><a name="[210]"></a>__asm___12_rtx_thread_c_add96be5__atomic_chk32_any</STRONG> (Thumb, 34 bytes, Stack size 0 bytes, rtx_thread.o(.emb_text))
<BR><BR>[Called By]<UL><LI><a href="#[20e]">&gt;&gt;</a>&nbsp;&nbsp;&nbsp;ThreadFlagsCheck
</UL>

<P><STRONG><a name="[2ea]"></a>__asm___12_rtx_thread_c_add96be5__atomic_inc32</STRONG> (Thumb, 18 bytes, Stack size 0 bytes, rtx_thread.o(.emb_text), UNUSED)

<P><STRONG><a name="[2eb]"></a>__asm___12_rtx_thread_c_add96be5__atomic_inc16_lt</STRONG> (Thumb, 30 bytes, Stack size 0 bytes, rtx_thread.o(.emb_text), UNUSED)

<P><STRONG><a name="[2ec]"></a>__asm___12_rtx_thread_c_add96be5__atomic_inc16_lim</STRONG> (Thumb, 26 bytes, Stack size 0 bytes, rtx_thread.o(.emb_text), UNUSED)

<P><STRONG><a name="[2ed]"></a>__asm___12_rtx_thread_c_add96be5__atomic_dec32</STRONG> (Thumb, 18 bytes, Stack size 0 bytes, rtx_thread.o(.emb_text), UNUSED)

<P><STRONG><a name="[2ee]"></a>__asm___12_rtx_thread_c_add96be5__atomic_dec32_nz</STRONG> (Thumb, 26 bytes, Stack size 0 bytes, rtx_thread.o(.emb_text), UNUSED)

<P><STRONG><a name="[2ef]"></a>__asm___12_rtx_thread_c_add96be5__atomic_dec16_nz</STRONG> (Thumb, 26 bytes, Stack size 0 bytes, rtx_thread.o(.emb_text), UNUSED)

<P><STRONG><a name="[2f0]"></a>__asm___12_rtx_thread_c_add96be5__atomic_link_get</STRONG> (Thumb, 26 bytes, Stack size 0 bytes, rtx_thread.o(.emb_text), UNUSED)

<P><STRONG><a name="[d2]"></a>__asm___12_rtx_thread_c_add96be5__atomic_link_put</STRONG> (Thumb, 28 bytes, Stack size 0 bytes, rtx_thread.o(.emb_text), UNUSED)
<BR><BR>[Calls]<UL><LI><a href="#[d2]">&gt;&gt;</a>&nbsp;&nbsp;&nbsp;__asm___12_rtx_thread_c_add96be5__atomic_link_put
</UL>
<BR>[Called By]<UL><LI><a href="#[d2]">&gt;&gt;</a>&nbsp;&nbsp;&nbsp;__asm___12_rtx_thread_c_add96be5__atomic_link_put
</UL>

<P><STRONG><a name="[26c]"></a>__asm___15_EventRecorder_c_e8d3082c__atomic_inc8</STRONG> (Thumb, 18 bytes, Stack size 0 bytes, eventrecorder.o(.emb_text))
<BR><BR>[Called By]<UL><LI><a href="#[26b]">&gt;&gt;</a>&nbsp;&nbsp;&nbsp;GetContext
</UL>

<P><STRONG><a name="[25d]"></a>__asm___15_EventRecorder_c_e8d3082c__atomic_inc32</STRONG> (Thumb, 18 bytes, Stack size 0 bytes, eventrecorder.o(.emb_text))
<BR><BR>[Called By]<UL><LI><a href="#[260]">&gt;&gt;</a>&nbsp;&nbsp;&nbsp;EventGetTS
<LI><a href="#[25c]">&gt;&gt;</a>&nbsp;&nbsp;&nbsp;EventRecordItem
</UL>

<P><STRONG><a name="[262]"></a>__asm___15_EventRecorder_c_e8d3082c__atomic_xch32</STRONG> (Thumb, 16 bytes, Stack size 0 bytes, eventrecorder.o(.emb_text))
<BR><BR>[Called By]<UL><LI><a href="#[260]">&gt;&gt;</a>&nbsp;&nbsp;&nbsp;EventGetTS
</UL>

<P><STRONG><a name="[25e]"></a>__asm___15_EventRecorder_c_e8d3082c__LockRecord</STRONG> (Thumb, 34 bytes, Stack size 0 bytes, eventrecorder.o(.emb_text))
<BR><BR>[Called By]<UL><LI><a href="#[25c]">&gt;&gt;</a>&nbsp;&nbsp;&nbsp;EventRecordItem
</UL>

<P><STRONG><a name="[25f]"></a>__asm___15_EventRecorder_c_e8d3082c__UnlockRecord</STRONG> (Thumb, 30 bytes, Stack size 0 bytes, eventrecorder.o(.emb_text))
<BR><BR>[Called By]<UL><LI><a href="#[25c]">&gt;&gt;</a>&nbsp;&nbsp;&nbsp;EventRecordItem
</UL>

<P><STRONG><a name="[d3]"></a>HAL_GetTick</STRONG> (Thumb, 66 bytes, Stack size 8 bytes, main.o(.text))
<BR><BR>[Stack]<UL><LI>Max Depth = 112<LI>Call Chain = HAL_GetTick &rArr; osKernelGetTickCount &rArr; svcRtxKernelGetTickCount &rArr; EvrRtxKernelGetTickCount &rArr; EventRecord2 &rArr; EventRecordItem
</UL>
<BR>[Calls]<UL><LI><a href="#[d5]">&gt;&gt;</a>&nbsp;&nbsp;&nbsp;osKernelGetTickCount
<LI><a href="#[d4]">&gt;&gt;</a>&nbsp;&nbsp;&nbsp;osKernelGetState
</UL>
<BR>[Called By]<UL><LI><a href="#[e4]">&gt;&gt;</a>&nbsp;&nbsp;&nbsp;HAL_RCCEx_PeriphCLKConfig
<LI><a href="#[d7]">&gt;&gt;</a>&nbsp;&nbsp;&nbsp;HAL_RCC_OscConfig
<LI><a href="#[d9]">&gt;&gt;</a>&nbsp;&nbsp;&nbsp;HAL_RCC_ClockConfig
<LI><a href="#[2b1]">&gt;&gt;</a>&nbsp;&nbsp;&nbsp;HAL_RTCEx_PollForAlarmBEvent
<LI><a href="#[2ae]">&gt;&gt;</a>&nbsp;&nbsp;&nbsp;HAL_RTCEx_SetSynchroShift
<LI><a href="#[2ad]">&gt;&gt;</a>&nbsp;&nbsp;&nbsp;HAL_RTCEx_SetSmoothCalib
<LI><a href="#[2aa]">&gt;&gt;</a>&nbsp;&nbsp;&nbsp;HAL_RTCEx_PollForWakeUpTimerEvent
<LI><a href="#[2a7]">&gt;&gt;</a>&nbsp;&nbsp;&nbsp;HAL_RTCEx_DeactivateWakeUpTimer
<LI><a href="#[2a6]">&gt;&gt;</a>&nbsp;&nbsp;&nbsp;HAL_RTCEx_SetWakeUpTimer
<LI><a href="#[2a5]">&gt;&gt;</a>&nbsp;&nbsp;&nbsp;HAL_RTCEx_PollForTamper2Event
<LI><a href="#[2a4]">&gt;&gt;</a>&nbsp;&nbsp;&nbsp;HAL_RTCEx_PollForTamper1Event
<LI><a href="#[2a3]">&gt;&gt;</a>&nbsp;&nbsp;&nbsp;HAL_RTCEx_PollForTimeStampEvent
<LI><a href="#[29d]">&gt;&gt;</a>&nbsp;&nbsp;&nbsp;HAL_RTC_PollForAlarmAEvent
<LI><a href="#[29a]">&gt;&gt;</a>&nbsp;&nbsp;&nbsp;HAL_RTC_DeactivateAlarm
<LI><a href="#[299]">&gt;&gt;</a>&nbsp;&nbsp;&nbsp;HAL_RTC_SetAlarm
<LI><a href="#[295]">&gt;&gt;</a>&nbsp;&nbsp;&nbsp;HAL_RTC_DeInit
<LI><a href="#[293]">&gt;&gt;</a>&nbsp;&nbsp;&nbsp;RTC_EnterInitMode
<LI><a href="#[292]">&gt;&gt;</a>&nbsp;&nbsp;&nbsp;HAL_RTC_WaitForSynchro
<LI><a href="#[291]">&gt;&gt;</a>&nbsp;&nbsp;&nbsp;HAL_RCC_DeInit
<LI><a href="#[290]">&gt;&gt;</a>&nbsp;&nbsp;&nbsp;HAL_RCCEx_DisablePLLSAI
<LI><a href="#[28f]">&gt;&gt;</a>&nbsp;&nbsp;&nbsp;HAL_RCCEx_EnablePLLSAI
<LI><a href="#[28e]">&gt;&gt;</a>&nbsp;&nbsp;&nbsp;HAL_RCCEx_DisablePLLI2S
<LI><a href="#[28d]">&gt;&gt;</a>&nbsp;&nbsp;&nbsp;HAL_RCCEx_EnablePLLI2S
<LI><a href="#[282]">&gt;&gt;</a>&nbsp;&nbsp;&nbsp;HAL_DMA_PollForTransfer
<LI><a href="#[27a]">&gt;&gt;</a>&nbsp;&nbsp;&nbsp;HAL_DMA_Init
<LI><a href="#[281]">&gt;&gt;</a>&nbsp;&nbsp;&nbsp;HAL_DMA_Abort
<LI><a href="#[274]">&gt;&gt;</a>&nbsp;&nbsp;&nbsp;HAL_Delay
<LI><a href="#[be]">&gt;&gt;</a>&nbsp;&nbsp;&nbsp;PHY_Write
<LI><a href="#[bd]">&gt;&gt;</a>&nbsp;&nbsp;&nbsp;PHY_Read
</UL>

<P><STRONG><a name="[64]"></a>main</STRONG> (Thumb, 28 bytes, Stack size 0 bytes, main.o(.text))
<BR><BR>[Stack]<UL><LI>Max Depth = 304<LI>Call Chain = main &rArr; RTC_Init &rArr; RTC_CalenConfig &rArr; HAL_RTC_SetTime &rArr; RTC_EnterInitMode &rArr; HAL_GetTick &rArr; osKernelGetTickCount &rArr; svcRtxKernelGetTickCount &rArr; EvrRtxKernelGetTickCount &rArr; EventRecord2 &rArr; EventRecordItem
</UL>
<BR>[Calls]<UL><LI><a href="#[dc]">&gt;&gt;</a>&nbsp;&nbsp;&nbsp;SystemCoreClockUpdate
<LI><a href="#[de]">&gt;&gt;</a>&nbsp;&nbsp;&nbsp;RTC_WEB
<LI><a href="#[dd]">&gt;&gt;</a>&nbsp;&nbsp;&nbsp;RTC_Init
<LI><a href="#[db]">&gt;&gt;</a>&nbsp;&nbsp;&nbsp;HAL_Init
<LI><a href="#[d6]">&gt;&gt;</a>&nbsp;&nbsp;&nbsp;SystemClock_Config
</UL>
<BR>[Address Reference Count : 1]<UL><LI> entry9a.o(.ARM.Collect$$$$0000000B)
</UL>
<P><STRONG><a name="[df]"></a>RTC_CalenConfig</STRONG> (Thumb, 84 bytes, Stack size 8 bytes, rtc.o(.text))
<BR><BR>[Stack]<UL><LI>Max Depth = 160<LI>Call Chain = RTC_CalenConfig &rArr; HAL_RTC_SetTime &rArr; RTC_EnterInitMode &rArr; HAL_GetTick &rArr; osKernelGetTickCount &rArr; svcRtxKernelGetTickCount &rArr; EvrRtxKernelGetTickCount &rArr; EventRecord2 &rArr; EventRecordItem
</UL>
<BR>[Calls]<UL><LI><a href="#[e1]">&gt;&gt;</a>&nbsp;&nbsp;&nbsp;HAL_RTC_SetTime
<LI><a href="#[e0]">&gt;&gt;</a>&nbsp;&nbsp;&nbsp;HAL_RTC_SetDate
<LI><a href="#[e2]">&gt;&gt;</a>&nbsp;&nbsp;&nbsp;HAL_RTCEx_BKUPWrite
</UL>
<BR>[Called By]<UL><LI><a href="#[dd]">&gt;&gt;</a>&nbsp;&nbsp;&nbsp;RTC_Init
</UL>

<P><STRONG><a name="[dd]"></a>RTC_Init</STRONG> (Thumb, 210 bytes, Stack size 144 bytes, rtc.o(.text))
<BR><BR>[Stack]<UL><LI>Max Depth = 304<LI>Call Chain = RTC_Init &rArr; RTC_CalenConfig &rArr; HAL_RTC_SetTime &rArr; RTC_EnterInitMode &rArr; HAL_GetTick &rArr; osKernelGetTickCount &rArr; svcRtxKernelGetTickCount &rArr; EvrRtxKernelGetTickCount &rArr; EventRecord2 &rArr; EventRecordItem
</UL>
<BR>[Calls]<UL><LI><a href="#[e8]">&gt;&gt;</a>&nbsp;&nbsp;&nbsp;HAL_RTC_SetAlarm_IT
<LI><a href="#[e5]">&gt;&gt;</a>&nbsp;&nbsp;&nbsp;HAL_RTC_Init
<LI><a href="#[e6]">&gt;&gt;</a>&nbsp;&nbsp;&nbsp;HAL_RTCEx_BKUPRead
<LI><a href="#[e4]">&gt;&gt;</a>&nbsp;&nbsp;&nbsp;HAL_RCCEx_PeriphCLKConfig
<LI><a href="#[e3]">&gt;&gt;</a>&nbsp;&nbsp;&nbsp;HAL_PWR_EnableBkUpAccess
<LI><a href="#[e9]">&gt;&gt;</a>&nbsp;&nbsp;&nbsp;HAL_NVIC_SetPriority
<LI><a href="#[ea]">&gt;&gt;</a>&nbsp;&nbsp;&nbsp;HAL_NVIC_EnableIRQ
<LI><a href="#[df]">&gt;&gt;</a>&nbsp;&nbsp;&nbsp;RTC_CalenConfig
<LI><a href="#[d7]">&gt;&gt;</a>&nbsp;&nbsp;&nbsp;HAL_RCC_OscConfig
<LI><a href="#[e7]">&gt;&gt;</a>&nbsp;&nbsp;&nbsp;__aeabi_memclr4
</UL>
<BR>[Called By]<UL><LI><a href="#[64]">&gt;&gt;</a>&nbsp;&nbsp;&nbsp;main
</UL>

<P><STRONG><a name="[33]"></a>RTC_Alarm_IRQHandler</STRONG> (Thumb, 10 bytes, Stack size 8 bytes, rtc.o(.text))
<BR><BR>[Stack]<UL><LI>Max Depth = 184<LI>Call Chain = RTC_Alarm_IRQHandler &rArr; HAL_RTC_AlarmIRQHandler &rArr; HAL_RTC_AlarmAEventCallback &rArr; osThreadFlagsSet &rArr; isrRtxThreadFlagsSet &rArr; osRtxPostProcess &rArr; osRtxKernelErrorNotify &rArr; EvrRtxKernelErrorNotify &rArr; EventRecord2 &rArr; EventRecordItem
</UL>
<BR>[Calls]<UL><LI><a href="#[eb]">&gt;&gt;</a>&nbsp;&nbsp;&nbsp;HAL_RTC_AlarmIRQHandler
</UL>
<BR>[Address Reference Count : 1]<UL><LI> startup_stm32f429xx.o(RESET)
</UL>
<P><STRONG><a name="[ec]"></a>HAL_RTC_AlarmAEventCallback</STRONG> (Thumb, 16 bytes, Stack size 8 bytes, rtc.o(.text))
<BR><BR>[Stack]<UL><LI>Max Depth = 168<LI>Call Chain = HAL_RTC_AlarmAEventCallback &rArr; osThreadFlagsSet &rArr; isrRtxThreadFlagsSet &rArr; osRtxPostProcess &rArr; osRtxKernelErrorNotify &rArr; EvrRtxKernelErrorNotify &rArr; EventRecord2 &rArr; EventRecordItem
</UL>
<BR>[Calls]<UL><LI><a href="#[ed]">&gt;&gt;</a>&nbsp;&nbsp;&nbsp;osThreadFlagsSet
</UL>
<BR>[Called By]<UL><LI><a href="#[eb]">&gt;&gt;</a>&nbsp;&nbsp;&nbsp;HAL_RTC_AlarmIRQHandler
</UL>

<P><STRONG><a name="[de]"></a>RTC_WEB</STRONG> (Thumb, 72 bytes, Stack size 16 bytes, rtc.o(.text))
<BR><BR>[Stack]<UL><LI>Max Depth = 40<LI>Call Chain = RTC_WEB &rArr; __2sprintf
</UL>
<BR>[Calls]<UL><LI><a href="#[ee]">&gt;&gt;</a>&nbsp;&nbsp;&nbsp;HAL_RTC_GetTime
<LI><a href="#[ef]">&gt;&gt;</a>&nbsp;&nbsp;&nbsp;HAL_RTC_GetDate
<LI><a href="#[f0]">&gt;&gt;</a>&nbsp;&nbsp;&nbsp;__2sprintf
</UL>
<BR>[Called By]<UL><LI><a href="#[64]">&gt;&gt;</a>&nbsp;&nbsp;&nbsp;main
</UL>

<P><STRONG><a name="[6]"></a>SVC_Handler</STRONG> (Thumb, 108 bytes, Stack size 0 bytes, irq_armv7m.o(.text))
<BR>[Address Reference Count : 1]<UL><LI> startup_stm32f429xx.o(RESET)
</UL>
<P><STRONG><a name="[8]"></a>PendSV_Handler</STRONG> (Thumb, 16 bytes, Stack size 0 bytes, irq_armv7m.o(.text))
<BR><BR>[Stack]<UL><LI>Max Depth = 152<LI>Call Chain = PendSV_Handler &rArr; osRtxPendSV_Handler &rArr; osRtxThreadDispatch &rArr; osRtxThreadBlock &rArr; EvrRtxThreadPreempted &rArr; EventRecord2 &rArr; EventRecordItem
</UL>
<BR>[Calls]<UL><LI><a href="#[f1]">&gt;&gt;</a>&nbsp;&nbsp;&nbsp;osRtxPendSV_Handler
</UL>
<BR>[Address Reference Count : 1]<UL><LI> startup_stm32f429xx.o(RESET)
</UL>
<P><STRONG><a name="[9]"></a>SysTick_Handler</STRONG> (Thumb, 16 bytes, Stack size 0 bytes, irq_armv7m.o(.text))
<BR><BR>[Stack]<UL><LI>Max Depth = 144<LI>Call Chain = SysTick_Handler &rArr; osRtxTick_Handler &rArr; osRtxThreadDispatch &rArr; osRtxThreadBlock &rArr; EvrRtxThreadPreempted &rArr; EventRecord2 &rArr; EventRecordItem
</UL>
<BR>[Calls]<UL><LI><a href="#[f2]">&gt;&gt;</a>&nbsp;&nbsp;&nbsp;osRtxTick_Handler
</UL>
<BR>[Address Reference Count : 2]<UL><LI> rtx_kernel.o(.text)
<LI> startup_stm32f429xx.o(RESET)
</UL>
<P><STRONG><a name="[f3]"></a>EvrRtxMemoryInit</STRONG> (Thumb, 28 bytes, Stack size 24 bytes, rtx_evr.o(.text))
<BR><BR>[Stack]<UL><LI>Max Depth = 120<LI>Call Chain = EvrRtxMemoryInit &rArr; EventRecord4 &rArr; EventRecordItem
</UL>
<BR>[Calls]<UL><LI><a href="#[f4]">&gt;&gt;</a>&nbsp;&nbsp;&nbsp;EventRecord4
</UL>
<BR>[Called By]<UL><LI><a href="#[1a6]">&gt;&gt;</a>&nbsp;&nbsp;&nbsp;osRtxMemoryInit
</UL>

<P><STRONG><a name="[f5]"></a>EvrRtxMemoryAlloc</STRONG> (Thumb, 26 bytes, Stack size 24 bytes, rtx_evr.o(.text))
<BR><BR>[Stack]<UL><LI>Max Depth = 120<LI>Call Chain = EvrRtxMemoryAlloc &rArr; EventRecord4 &rArr; EventRecordItem
</UL>
<BR>[Calls]<UL><LI><a href="#[f4]">&gt;&gt;</a>&nbsp;&nbsp;&nbsp;EventRecord4
</UL>
<BR>[Called By]<UL><LI><a href="#[1c9]">&gt;&gt;</a>&nbsp;&nbsp;&nbsp;osRtxMemoryAlloc
</UL>

<P><STRONG><a name="[f6]"></a>EvrRtxMemoryFree</STRONG> (Thumb, 28 bytes, Stack size 24 bytes, rtx_evr.o(.text))
<BR><BR>[Stack]<UL><LI>Max Depth = 120<LI>Call Chain = EvrRtxMemoryFree &rArr; EventRecord4 &rArr; EventRecordItem
</UL>
<BR>[Calls]<UL><LI><a href="#[f4]">&gt;&gt;</a>&nbsp;&nbsp;&nbsp;EventRecord4
</UL>
<BR>[Called By]<UL><LI><a href="#[1ca]">&gt;&gt;</a>&nbsp;&nbsp;&nbsp;osRtxMemoryFree
</UL>

<P><STRONG><a name="[f7]"></a>EvrRtxMemoryBlockInit</STRONG> (Thumb, 28 bytes, Stack size 24 bytes, rtx_evr.o(.text))
<BR><BR>[Stack]<UL><LI>Max Depth = 120<LI>Call Chain = EvrRtxMemoryBlockInit &rArr; EventRecord4 &rArr; EventRecordItem
</UL>
<BR>[Calls]<UL><LI><a href="#[f4]">&gt;&gt;</a>&nbsp;&nbsp;&nbsp;EventRecord4
</UL>
<BR>[Called By]<UL><LI><a href="#[1a7]">&gt;&gt;</a>&nbsp;&nbsp;&nbsp;osRtxMemoryPoolInit
</UL>

<P><STRONG><a name="[f8]"></a>EvrRtxMemoryBlockAlloc</STRONG> (Thumb, 20 bytes, Stack size 16 bytes, rtx_evr.o(.text))
<BR><BR>[Stack]<UL><LI>Max Depth = 96<LI>Call Chain = EvrRtxMemoryBlockAlloc &rArr; EventRecord2 &rArr; EventRecordItem
</UL>
<BR>[Calls]<UL><LI><a href="#[f9]">&gt;&gt;</a>&nbsp;&nbsp;&nbsp;EventRecord2
</UL>
<BR>[Called By]<UL><LI><a href="#[1cb]">&gt;&gt;</a>&nbsp;&nbsp;&nbsp;osRtxMemoryPoolAlloc
</UL>

<P><STRONG><a name="[fa]"></a>EvrRtxMemoryBlockFree</STRONG> (Thumb, 28 bytes, Stack size 24 bytes, rtx_evr.o(.text))
<BR><BR>[Stack]<UL><LI>Max Depth = 120<LI>Call Chain = EvrRtxMemoryBlockFree &rArr; EventRecord4 &rArr; EventRecordItem
</UL>
<BR>[Calls]<UL><LI><a href="#[f4]">&gt;&gt;</a>&nbsp;&nbsp;&nbsp;EventRecord4
</UL>
<BR>[Called By]<UL><LI><a href="#[1ce]">&gt;&gt;</a>&nbsp;&nbsp;&nbsp;osRtxMemoryPoolFree
</UL>

<P><STRONG><a name="[fb]"></a>EvrRtxKernelError</STRONG> (Thumb, 18 bytes, Stack size 8 bytes, rtx_evr.o(.text))
<BR><BR>[Stack]<UL><LI>Max Depth = 88<LI>Call Chain = EvrRtxKernelError &rArr; EventRecord2 &rArr; EventRecordItem
</UL>
<BR>[Calls]<UL><LI><a href="#[f9]">&gt;&gt;</a>&nbsp;&nbsp;&nbsp;EventRecord2
</UL>
<BR>[Called By]<UL><LI><a href="#[1c3]">&gt;&gt;</a>&nbsp;&nbsp;&nbsp;osKernelResume
<LI><a href="#[1c2]">&gt;&gt;</a>&nbsp;&nbsp;&nbsp;osKernelSuspend
<LI><a href="#[1c1]">&gt;&gt;</a>&nbsp;&nbsp;&nbsp;osKernelRestoreLock
<LI><a href="#[1c0]">&gt;&gt;</a>&nbsp;&nbsp;&nbsp;osKernelUnlock
<LI><a href="#[1bf]">&gt;&gt;</a>&nbsp;&nbsp;&nbsp;osKernelLock
<LI><a href="#[1be]">&gt;&gt;</a>&nbsp;&nbsp;&nbsp;osKernelStart
<LI><a href="#[1b8]">&gt;&gt;</a>&nbsp;&nbsp;&nbsp;osKernelInitialize
<LI><a href="#[6c]">&gt;&gt;</a>&nbsp;&nbsp;&nbsp;svcRtxKernelSuspend
<LI><a href="#[6b]">&gt;&gt;</a>&nbsp;&nbsp;&nbsp;svcRtxKernelRestoreLock
<LI><a href="#[6a]">&gt;&gt;</a>&nbsp;&nbsp;&nbsp;svcRtxKernelUnlock
<LI><a href="#[69]">&gt;&gt;</a>&nbsp;&nbsp;&nbsp;svcRtxKernelLock
<LI><a href="#[68]">&gt;&gt;</a>&nbsp;&nbsp;&nbsp;svcRtxKernelStart
<LI><a href="#[65]">&gt;&gt;</a>&nbsp;&nbsp;&nbsp;svcRtxKernelInitialize
</UL>

<P><STRONG><a name="[fc]"></a>EvrRtxKernelInitialize</STRONG> (Thumb, 14 bytes, Stack size 8 bytes, rtx_evr.o(.text), UNUSED)
<BR><BR>[Calls]<UL><LI><a href="#[f9]">&gt;&gt;</a>&nbsp;&nbsp;&nbsp;EventRecord2
</UL>
<BR>[Called By]<UL><LI><a href="#[1b8]">&gt;&gt;</a>&nbsp;&nbsp;&nbsp;osKernelInitialize
</UL>

<P><STRONG><a name="[fd]"></a>EvrRtxKernelInitialized</STRONG> (Thumb, 14 bytes, Stack size 8 bytes, rtx_evr.o(.text))
<BR><BR>[Stack]<UL><LI>Max Depth = 88<LI>Call Chain = EvrRtxKernelInitialized &rArr; EventRecord2 &rArr; EventRecordItem
</UL>
<BR>[Calls]<UL><LI><a href="#[f9]">&gt;&gt;</a>&nbsp;&nbsp;&nbsp;EventRecord2
</UL>
<BR>[Called By]<UL><LI><a href="#[65]">&gt;&gt;</a>&nbsp;&nbsp;&nbsp;svcRtxKernelInitialize
</UL>

<P><STRONG><a name="[fe]"></a>EvrRtxKernelGetInfo</STRONG> (Thumb, 28 bytes, Stack size 24 bytes, rtx_evr.o(.text), UNUSED)
<BR><BR>[Calls]<UL><LI><a href="#[f4]">&gt;&gt;</a>&nbsp;&nbsp;&nbsp;EventRecord4
</UL>
<BR>[Called By]<UL><LI><a href="#[1bc]">&gt;&gt;</a>&nbsp;&nbsp;&nbsp;osKernelGetInfo
</UL>

<P><STRONG><a name="[ff]"></a>EvrRtxKernelInfoRetrieved</STRONG> (Thumb, 36 bytes, Stack size 16 bytes, rtx_evr.o(.text))
<BR><BR>[Stack]<UL><LI>Max Depth = 112<LI>Call Chain = EvrRtxKernelInfoRetrieved &rArr; EventRecordData &rArr; EventRecordItem
</UL>
<BR>[Calls]<UL><LI><a href="#[100]">&gt;&gt;</a>&nbsp;&nbsp;&nbsp;EventRecordData
<LI><a href="#[f9]">&gt;&gt;</a>&nbsp;&nbsp;&nbsp;EventRecord2
</UL>
<BR>[Called By]<UL><LI><a href="#[66]">&gt;&gt;</a>&nbsp;&nbsp;&nbsp;svcRtxKernelGetInfo
</UL>

<P><STRONG><a name="[101]"></a>EvrRtxKernelStart</STRONG> (Thumb, 16 bytes, Stack size 8 bytes, rtx_evr.o(.text), UNUSED)
<BR><BR>[Calls]<UL><LI><a href="#[f9]">&gt;&gt;</a>&nbsp;&nbsp;&nbsp;EventRecord2
</UL>
<BR>[Called By]<UL><LI><a href="#[1be]">&gt;&gt;</a>&nbsp;&nbsp;&nbsp;osKernelStart
</UL>

<P><STRONG><a name="[102]"></a>EvrRtxKernelStarted</STRONG> (Thumb, 16 bytes, Stack size 8 bytes, rtx_evr.o(.text))
<BR><BR>[Stack]<UL><LI>Max Depth = 88<LI>Call Chain = EvrRtxKernelStarted &rArr; EventRecord2 &rArr; EventRecordItem
</UL>
<BR>[Calls]<UL><LI><a href="#[f9]">&gt;&gt;</a>&nbsp;&nbsp;&nbsp;EventRecord2
</UL>
<BR>[Called By]<UL><LI><a href="#[68]">&gt;&gt;</a>&nbsp;&nbsp;&nbsp;svcRtxKernelStart
</UL>

<P><STRONG><a name="[103]"></a>EvrRtxKernelLock</STRONG> (Thumb, 16 bytes, Stack size 8 bytes, rtx_evr.o(.text), UNUSED)
<BR><BR>[Calls]<UL><LI><a href="#[f9]">&gt;&gt;</a>&nbsp;&nbsp;&nbsp;EventRecord2
</UL>
<BR>[Called By]<UL><LI><a href="#[1bf]">&gt;&gt;</a>&nbsp;&nbsp;&nbsp;osKernelLock
</UL>

<P><STRONG><a name="[104]"></a>EvrRtxKernelLocked</STRONG> (Thumb, 18 bytes, Stack size 8 bytes, rtx_evr.o(.text))
<BR><BR>[Stack]<UL><LI>Max Depth = 88<LI>Call Chain = EvrRtxKernelLocked &rArr; EventRecord2 &rArr; EventRecordItem
</UL>
<BR>[Calls]<UL><LI><a href="#[f9]">&gt;&gt;</a>&nbsp;&nbsp;&nbsp;EventRecord2
</UL>
<BR>[Called By]<UL><LI><a href="#[69]">&gt;&gt;</a>&nbsp;&nbsp;&nbsp;svcRtxKernelLock
</UL>

<P><STRONG><a name="[105]"></a>EvrRtxKernelUnlock</STRONG> (Thumb, 16 bytes, Stack size 8 bytes, rtx_evr.o(.text), UNUSED)
<BR><BR>[Calls]<UL><LI><a href="#[f9]">&gt;&gt;</a>&nbsp;&nbsp;&nbsp;EventRecord2
</UL>
<BR>[Called By]<UL><LI><a href="#[1c0]">&gt;&gt;</a>&nbsp;&nbsp;&nbsp;osKernelUnlock
</UL>

<P><STRONG><a name="[106]"></a>EvrRtxKernelUnlocked</STRONG> (Thumb, 18 bytes, Stack size 8 bytes, rtx_evr.o(.text))
<BR><BR>[Stack]<UL><LI>Max Depth = 88<LI>Call Chain = EvrRtxKernelUnlocked &rArr; EventRecord2 &rArr; EventRecordItem
</UL>
<BR>[Calls]<UL><LI><a href="#[f9]">&gt;&gt;</a>&nbsp;&nbsp;&nbsp;EventRecord2
</UL>
<BR>[Called By]<UL><LI><a href="#[6a]">&gt;&gt;</a>&nbsp;&nbsp;&nbsp;svcRtxKernelUnlock
</UL>

<P><STRONG><a name="[107]"></a>EvrRtxKernelRestoreLock</STRONG> (Thumb, 18 bytes, Stack size 8 bytes, rtx_evr.o(.text), UNUSED)
<BR><BR>[Calls]<UL><LI><a href="#[f9]">&gt;&gt;</a>&nbsp;&nbsp;&nbsp;EventRecord2
</UL>
<BR>[Called By]<UL><LI><a href="#[1c1]">&gt;&gt;</a>&nbsp;&nbsp;&nbsp;osKernelRestoreLock
</UL>

<P><STRONG><a name="[108]"></a>EvrRtxKernelLockRestored</STRONG> (Thumb, 18 bytes, Stack size 8 bytes, rtx_evr.o(.text))
<BR><BR>[Stack]<UL><LI>Max Depth = 88<LI>Call Chain = EvrRtxKernelLockRestored &rArr; EventRecord2 &rArr; EventRecordItem
</UL>
<BR>[Calls]<UL><LI><a href="#[f9]">&gt;&gt;</a>&nbsp;&nbsp;&nbsp;EventRecord2
</UL>
<BR>[Called By]<UL><LI><a href="#[6b]">&gt;&gt;</a>&nbsp;&nbsp;&nbsp;svcRtxKernelRestoreLock
</UL>

<P><STRONG><a name="[109]"></a>EvrRtxKernelSuspend</STRONG> (Thumb, 16 bytes, Stack size 8 bytes, rtx_evr.o(.text), UNUSED)
<BR><BR>[Calls]<UL><LI><a href="#[f9]">&gt;&gt;</a>&nbsp;&nbsp;&nbsp;EventRecord2
</UL>
<BR>[Called By]<UL><LI><a href="#[1c2]">&gt;&gt;</a>&nbsp;&nbsp;&nbsp;osKernelSuspend
</UL>

<P><STRONG><a name="[10a]"></a>EvrRtxKernelSuspended</STRONG> (Thumb, 18 bytes, Stack size 8 bytes, rtx_evr.o(.text))
<BR><BR>[Stack]<UL><LI>Max Depth = 88<LI>Call Chain = EvrRtxKernelSuspended &rArr; EventRecord2 &rArr; EventRecordItem
</UL>
<BR>[Calls]<UL><LI><a href="#[f9]">&gt;&gt;</a>&nbsp;&nbsp;&nbsp;EventRecord2
</UL>
<BR>[Called By]<UL><LI><a href="#[6c]">&gt;&gt;</a>&nbsp;&nbsp;&nbsp;svcRtxKernelSuspend
</UL>

<P><STRONG><a name="[10b]"></a>EvrRtxKernelResume</STRONG> (Thumb, 18 bytes, Stack size 8 bytes, rtx_evr.o(.text), UNUSED)
<BR><BR>[Calls]<UL><LI><a href="#[f9]">&gt;&gt;</a>&nbsp;&nbsp;&nbsp;EventRecord2
</UL>
<BR>[Called By]<UL><LI><a href="#[1c3]">&gt;&gt;</a>&nbsp;&nbsp;&nbsp;osKernelResume
</UL>

<P><STRONG><a name="[10c]"></a>EvrRtxKernelResumed</STRONG> (Thumb, 16 bytes, Stack size 8 bytes, rtx_evr.o(.text))
<BR><BR>[Stack]<UL><LI>Max Depth = 88<LI>Call Chain = EvrRtxKernelResumed &rArr; EventRecord2 &rArr; EventRecordItem
</UL>
<BR>[Calls]<UL><LI><a href="#[f9]">&gt;&gt;</a>&nbsp;&nbsp;&nbsp;EventRecord2
</UL>
<BR>[Called By]<UL><LI><a href="#[6d]">&gt;&gt;</a>&nbsp;&nbsp;&nbsp;svcRtxKernelResume
</UL>

<P><STRONG><a name="[10d]"></a>EvrRtxKernelGetTickCount</STRONG> (Thumb, 18 bytes, Stack size 8 bytes, rtx_evr.o(.text))
<BR><BR>[Stack]<UL><LI>Max Depth = 88<LI>Call Chain = EvrRtxKernelGetTickCount &rArr; EventRecord2 &rArr; EventRecordItem
</UL>
<BR>[Calls]<UL><LI><a href="#[f9]">&gt;&gt;</a>&nbsp;&nbsp;&nbsp;EventRecord2
</UL>
<BR>[Called By]<UL><LI><a href="#[6e]">&gt;&gt;</a>&nbsp;&nbsp;&nbsp;svcRtxKernelGetTickCount
</UL>

<P><STRONG><a name="[10e]"></a>EvrRtxKernelGetTickFreq</STRONG> (Thumb, 18 bytes, Stack size 8 bytes, rtx_evr.o(.text))
<BR><BR>[Stack]<UL><LI>Max Depth = 88<LI>Call Chain = EvrRtxKernelGetTickFreq &rArr; EventRecord2 &rArr; EventRecordItem
</UL>
<BR>[Calls]<UL><LI><a href="#[f9]">&gt;&gt;</a>&nbsp;&nbsp;&nbsp;EventRecord2
</UL>
<BR>[Called By]<UL><LI><a href="#[6f]">&gt;&gt;</a>&nbsp;&nbsp;&nbsp;svcRtxKernelGetTickFreq
</UL>

<P><STRONG><a name="[10f]"></a>EvrRtxKernelGetSysTimerCount</STRONG> (Thumb, 18 bytes, Stack size 8 bytes, rtx_evr.o(.text))
<BR><BR>[Stack]<UL><LI>Max Depth = 88<LI>Call Chain = EvrRtxKernelGetSysTimerCount &rArr; EventRecord2 &rArr; EventRecordItem
</UL>
<BR>[Calls]<UL><LI><a href="#[f9]">&gt;&gt;</a>&nbsp;&nbsp;&nbsp;EventRecord2
</UL>
<BR>[Called By]<UL><LI><a href="#[70]">&gt;&gt;</a>&nbsp;&nbsp;&nbsp;svcRtxKernelGetSysTimerCount
</UL>

<P><STRONG><a name="[110]"></a>EvrRtxKernelGetSysTimerFreq</STRONG> (Thumb, 18 bytes, Stack size 8 bytes, rtx_evr.o(.text))
<BR><BR>[Stack]<UL><LI>Max Depth = 88<LI>Call Chain = EvrRtxKernelGetSysTimerFreq &rArr; EventRecord2 &rArr; EventRecordItem
</UL>
<BR>[Calls]<UL><LI><a href="#[f9]">&gt;&gt;</a>&nbsp;&nbsp;&nbsp;EventRecord2
</UL>
<BR>[Called By]<UL><LI><a href="#[71]">&gt;&gt;</a>&nbsp;&nbsp;&nbsp;svcRtxKernelGetSysTimerFreq
</UL>

<P><STRONG><a name="[111]"></a>EvrRtxKernelErrorNotify</STRONG> (Thumb, 20 bytes, Stack size 16 bytes, rtx_evr.o(.text))
<BR><BR>[Stack]<UL><LI>Max Depth = 96<LI>Call Chain = EvrRtxKernelErrorNotify &rArr; EventRecord2 &rArr; EventRecordItem
</UL>
<BR>[Calls]<UL><LI><a href="#[f9]">&gt;&gt;</a>&nbsp;&nbsp;&nbsp;EventRecord2
</UL>
<BR>[Called By]<UL><LI><a href="#[1b6]">&gt;&gt;</a>&nbsp;&nbsp;&nbsp;osRtxKernelErrorNotify
</UL>

<P><STRONG><a name="[112]"></a>EvrRtxThreadError</STRONG> (Thumb, 20 bytes, Stack size 16 bytes, rtx_evr.o(.text))
<BR><BR>[Stack]<UL><LI>Max Depth = 96<LI>Call Chain = EvrRtxThreadError &rArr; EventRecord2 &rArr; EventRecordItem
</UL>
<BR>[Calls]<UL><LI><a href="#[f9]">&gt;&gt;</a>&nbsp;&nbsp;&nbsp;EventRecord2
</UL>
<BR>[Called By]<UL><LI><a href="#[228]">&gt;&gt;</a>&nbsp;&nbsp;&nbsp;osThreadYield
<LI><a href="#[21e]">&gt;&gt;</a>&nbsp;&nbsp;&nbsp;osThreadNew
<LI><a href="#[21c]">&gt;&gt;</a>&nbsp;&nbsp;&nbsp;osThreadExit
<LI><a href="#[22d]">&gt;&gt;</a>&nbsp;&nbsp;&nbsp;osThreadTerminate
<LI><a href="#[22c]">&gt;&gt;</a>&nbsp;&nbsp;&nbsp;osThreadJoin
<LI><a href="#[22b]">&gt;&gt;</a>&nbsp;&nbsp;&nbsp;osThreadDetach
<LI><a href="#[22a]">&gt;&gt;</a>&nbsp;&nbsp;&nbsp;osThreadResume
<LI><a href="#[229]">&gt;&gt;</a>&nbsp;&nbsp;&nbsp;osThreadSuspend
<LI><a href="#[226]">&gt;&gt;</a>&nbsp;&nbsp;&nbsp;osThreadSetPriority
<LI><a href="#[9d]">&gt;&gt;</a>&nbsp;&nbsp;&nbsp;svcRtxThreadTerminate
<LI><a href="#[9c]">&gt;&gt;</a>&nbsp;&nbsp;&nbsp;svcRtxThreadJoin
<LI><a href="#[9b]">&gt;&gt;</a>&nbsp;&nbsp;&nbsp;svcRtxThreadDetach
<LI><a href="#[9a]">&gt;&gt;</a>&nbsp;&nbsp;&nbsp;svcRtxThreadResume
<LI><a href="#[99]">&gt;&gt;</a>&nbsp;&nbsp;&nbsp;svcRtxThreadSuspend
<LI><a href="#[96]">&gt;&gt;</a>&nbsp;&nbsp;&nbsp;svcRtxThreadSetPriority
<LI><a href="#[90]">&gt;&gt;</a>&nbsp;&nbsp;&nbsp;svcRtxThreadNew
</UL>

<P><STRONG><a name="[113]"></a>EvrRtxThreadNew</STRONG> (Thumb, 26 bytes, Stack size 24 bytes, rtx_evr.o(.text), UNUSED)
<BR><BR>[Calls]<UL><LI><a href="#[f4]">&gt;&gt;</a>&nbsp;&nbsp;&nbsp;EventRecord4
</UL>
<BR>[Called By]<UL><LI><a href="#[21e]">&gt;&gt;</a>&nbsp;&nbsp;&nbsp;osThreadNew
</UL>

<P><STRONG><a name="[114]"></a>EvrRtxThreadCreated</STRONG> (Thumb, 36 bytes, Stack size 16 bytes, rtx_evr.o(.text))
<BR><BR>[Stack]<UL><LI>Max Depth = 96<LI>Call Chain = EvrRtxThreadCreated &rArr; EventRecord2 &rArr; EventRecordItem
</UL>
<BR>[Calls]<UL><LI><a href="#[f9]">&gt;&gt;</a>&nbsp;&nbsp;&nbsp;EventRecord2
</UL>
<BR>[Called By]<UL><LI><a href="#[90]">&gt;&gt;</a>&nbsp;&nbsp;&nbsp;svcRtxThreadNew
</UL>

<P><STRONG><a name="[115]"></a>EvrRtxThreadGetName</STRONG> (Thumb, 20 bytes, Stack size 16 bytes, rtx_evr.o(.text))
<BR><BR>[Stack]<UL><LI>Max Depth = 96<LI>Call Chain = EvrRtxThreadGetName &rArr; EventRecord2 &rArr; EventRecordItem
</UL>
<BR>[Calls]<UL><LI><a href="#[f9]">&gt;&gt;</a>&nbsp;&nbsp;&nbsp;EventRecord2
</UL>
<BR>[Called By]<UL><LI><a href="#[221]">&gt;&gt;</a>&nbsp;&nbsp;&nbsp;osThreadGetName
<LI><a href="#[91]">&gt;&gt;</a>&nbsp;&nbsp;&nbsp;svcRtxThreadGetName
</UL>

<P><STRONG><a name="[116]"></a>EvrRtxThreadGetId</STRONG> (Thumb, 18 bytes, Stack size 8 bytes, rtx_evr.o(.text))
<BR><BR>[Stack]<UL><LI>Max Depth = 88<LI>Call Chain = EvrRtxThreadGetId &rArr; EventRecord2 &rArr; EventRecordItem
</UL>
<BR>[Calls]<UL><LI><a href="#[f9]">&gt;&gt;</a>&nbsp;&nbsp;&nbsp;EventRecord2
</UL>
<BR>[Called By]<UL><LI><a href="#[92]">&gt;&gt;</a>&nbsp;&nbsp;&nbsp;svcRtxThreadGetId
</UL>

<P><STRONG><a name="[117]"></a>EvrRtxThreadGetState</STRONG> (Thumb, 20 bytes, Stack size 16 bytes, rtx_evr.o(.text))
<BR><BR>[Stack]<UL><LI>Max Depth = 96<LI>Call Chain = EvrRtxThreadGetState &rArr; EventRecord2 &rArr; EventRecordItem
</UL>
<BR>[Calls]<UL><LI><a href="#[f9]">&gt;&gt;</a>&nbsp;&nbsp;&nbsp;EventRecord2
</UL>
<BR>[Called By]<UL><LI><a href="#[223]">&gt;&gt;</a>&nbsp;&nbsp;&nbsp;osThreadGetState
<LI><a href="#[93]">&gt;&gt;</a>&nbsp;&nbsp;&nbsp;svcRtxThreadGetState
</UL>

<P><STRONG><a name="[118]"></a>EvrRtxThreadGetStackSize</STRONG> (Thumb, 20 bytes, Stack size 16 bytes, rtx_evr.o(.text))
<BR><BR>[Stack]<UL><LI>Max Depth = 96<LI>Call Chain = EvrRtxThreadGetStackSize &rArr; EventRecord2 &rArr; EventRecordItem
</UL>
<BR>[Calls]<UL><LI><a href="#[f9]">&gt;&gt;</a>&nbsp;&nbsp;&nbsp;EventRecord2
</UL>
<BR>[Called By]<UL><LI><a href="#[224]">&gt;&gt;</a>&nbsp;&nbsp;&nbsp;osThreadGetStackSize
<LI><a href="#[94]">&gt;&gt;</a>&nbsp;&nbsp;&nbsp;svcRtxThreadGetStackSize
</UL>

<P><STRONG><a name="[119]"></a>EvrRtxThreadGetStackSpace</STRONG> (Thumb, 20 bytes, Stack size 16 bytes, rtx_evr.o(.text))
<BR><BR>[Stack]<UL><LI>Max Depth = 96<LI>Call Chain = EvrRtxThreadGetStackSpace &rArr; EventRecord2 &rArr; EventRecordItem
</UL>
<BR>[Calls]<UL><LI><a href="#[f9]">&gt;&gt;</a>&nbsp;&nbsp;&nbsp;EventRecord2
</UL>
<BR>[Called By]<UL><LI><a href="#[225]">&gt;&gt;</a>&nbsp;&nbsp;&nbsp;osThreadGetStackSpace
<LI><a href="#[95]">&gt;&gt;</a>&nbsp;&nbsp;&nbsp;svcRtxThreadGetStackSpace
</UL>

<P><STRONG><a name="[11a]"></a>EvrRtxThreadSetPriority</STRONG> (Thumb, 20 bytes, Stack size 16 bytes, rtx_evr.o(.text), UNUSED)
<BR><BR>[Calls]<UL><LI><a href="#[f9]">&gt;&gt;</a>&nbsp;&nbsp;&nbsp;EventRecord2
</UL>
<BR>[Called By]<UL><LI><a href="#[226]">&gt;&gt;</a>&nbsp;&nbsp;&nbsp;osThreadSetPriority
</UL>

<P><STRONG><a name="[11b]"></a>EvrRtxThreadPriorityUpdated</STRONG> (Thumb, 20 bytes, Stack size 16 bytes, rtx_evr.o(.text))
<BR><BR>[Stack]<UL><LI>Max Depth = 96<LI>Call Chain = EvrRtxThreadPriorityUpdated &rArr; EventRecord2 &rArr; EventRecordItem
</UL>
<BR>[Calls]<UL><LI><a href="#[f9]">&gt;&gt;</a>&nbsp;&nbsp;&nbsp;EventRecord2
</UL>
<BR>[Called By]<UL><LI><a href="#[96]">&gt;&gt;</a>&nbsp;&nbsp;&nbsp;svcRtxThreadSetPriority
</UL>

<P><STRONG><a name="[11c]"></a>EvrRtxThreadGetPriority</STRONG> (Thumb, 20 bytes, Stack size 16 bytes, rtx_evr.o(.text))
<BR><BR>[Stack]<UL><LI>Max Depth = 96<LI>Call Chain = EvrRtxThreadGetPriority &rArr; EventRecord2 &rArr; EventRecordItem
</UL>
<BR>[Calls]<UL><LI><a href="#[f9]">&gt;&gt;</a>&nbsp;&nbsp;&nbsp;EventRecord2
</UL>
<BR>[Called By]<UL><LI><a href="#[227]">&gt;&gt;</a>&nbsp;&nbsp;&nbsp;osThreadGetPriority
<LI><a href="#[97]">&gt;&gt;</a>&nbsp;&nbsp;&nbsp;svcRtxThreadGetPriority
</UL>

<P><STRONG><a name="[11d]"></a>EvrRtxThreadYield</STRONG> (Thumb, 16 bytes, Stack size 8 bytes, rtx_evr.o(.text), UNUSED)
<BR><BR>[Calls]<UL><LI><a href="#[f9]">&gt;&gt;</a>&nbsp;&nbsp;&nbsp;EventRecord2
</UL>
<BR>[Called By]<UL><LI><a href="#[228]">&gt;&gt;</a>&nbsp;&nbsp;&nbsp;osThreadYield
</UL>

<P><STRONG><a name="[11e]"></a>EvrRtxThreadSuspend</STRONG> (Thumb, 18 bytes, Stack size 8 bytes, rtx_evr.o(.text), UNUSED)
<BR><BR>[Calls]<UL><LI><a href="#[f9]">&gt;&gt;</a>&nbsp;&nbsp;&nbsp;EventRecord2
</UL>
<BR>[Called By]<UL><LI><a href="#[229]">&gt;&gt;</a>&nbsp;&nbsp;&nbsp;osThreadSuspend
</UL>

<P><STRONG><a name="[11f]"></a>EvrRtxThreadSuspended</STRONG> (Thumb, 18 bytes, Stack size 8 bytes, rtx_evr.o(.text))
<BR><BR>[Stack]<UL><LI>Max Depth = 88<LI>Call Chain = EvrRtxThreadSuspended &rArr; EventRecord2 &rArr; EventRecordItem
</UL>
<BR>[Calls]<UL><LI><a href="#[f9]">&gt;&gt;</a>&nbsp;&nbsp;&nbsp;EventRecord2
</UL>
<BR>[Called By]<UL><LI><a href="#[99]">&gt;&gt;</a>&nbsp;&nbsp;&nbsp;svcRtxThreadSuspend
</UL>

<P><STRONG><a name="[120]"></a>EvrRtxThreadResume</STRONG> (Thumb, 18 bytes, Stack size 8 bytes, rtx_evr.o(.text), UNUSED)
<BR><BR>[Calls]<UL><LI><a href="#[f9]">&gt;&gt;</a>&nbsp;&nbsp;&nbsp;EventRecord2
</UL>
<BR>[Called By]<UL><LI><a href="#[22a]">&gt;&gt;</a>&nbsp;&nbsp;&nbsp;osThreadResume
</UL>

<P><STRONG><a name="[121]"></a>EvrRtxThreadResumed</STRONG> (Thumb, 18 bytes, Stack size 8 bytes, rtx_evr.o(.text))
<BR><BR>[Stack]<UL><LI>Max Depth = 88<LI>Call Chain = EvrRtxThreadResumed &rArr; EventRecord2 &rArr; EventRecordItem
</UL>
<BR>[Calls]<UL><LI><a href="#[f9]">&gt;&gt;</a>&nbsp;&nbsp;&nbsp;EventRecord2
</UL>
<BR>[Called By]<UL><LI><a href="#[9a]">&gt;&gt;</a>&nbsp;&nbsp;&nbsp;svcRtxThreadResume
</UL>

<P><STRONG><a name="[122]"></a>EvrRtxThreadDetach</STRONG> (Thumb, 18 bytes, Stack size 8 bytes, rtx_evr.o(.text), UNUSED)
<BR><BR>[Calls]<UL><LI><a href="#[f9]">&gt;&gt;</a>&nbsp;&nbsp;&nbsp;EventRecord2
</UL>
<BR>[Called By]<UL><LI><a href="#[22b]">&gt;&gt;</a>&nbsp;&nbsp;&nbsp;osThreadDetach
</UL>

<P><STRONG><a name="[123]"></a>EvrRtxThreadDetached</STRONG> (Thumb, 18 bytes, Stack size 8 bytes, rtx_evr.o(.text))
<BR><BR>[Stack]<UL><LI>Max Depth = 88<LI>Call Chain = EvrRtxThreadDetached &rArr; EventRecord2 &rArr; EventRecordItem
</UL>
<BR>[Calls]<UL><LI><a href="#[f9]">&gt;&gt;</a>&nbsp;&nbsp;&nbsp;EventRecord2
</UL>
<BR>[Called By]<UL><LI><a href="#[9b]">&gt;&gt;</a>&nbsp;&nbsp;&nbsp;svcRtxThreadDetach
</UL>

<P><STRONG><a name="[124]"></a>EvrRtxThreadJoin</STRONG> (Thumb, 18 bytes, Stack size 8 bytes, rtx_evr.o(.text), UNUSED)
<BR><BR>[Calls]<UL><LI><a href="#[f9]">&gt;&gt;</a>&nbsp;&nbsp;&nbsp;EventRecord2
</UL>
<BR>[Called By]<UL><LI><a href="#[22c]">&gt;&gt;</a>&nbsp;&nbsp;&nbsp;osThreadJoin
</UL>

<P><STRONG><a name="[125]"></a>EvrRtxThreadJoinPending</STRONG> (Thumb, 18 bytes, Stack size 8 bytes, rtx_evr.o(.text))
<BR><BR>[Stack]<UL><LI>Max Depth = 88<LI>Call Chain = EvrRtxThreadJoinPending &rArr; EventRecord2 &rArr; EventRecordItem
</UL>
<BR>[Calls]<UL><LI><a href="#[f9]">&gt;&gt;</a>&nbsp;&nbsp;&nbsp;EventRecord2
</UL>
<BR>[Called By]<UL><LI><a href="#[9c]">&gt;&gt;</a>&nbsp;&nbsp;&nbsp;svcRtxThreadJoin
</UL>

<P><STRONG><a name="[126]"></a>EvrRtxThreadJoined</STRONG> (Thumb, 18 bytes, Stack size 8 bytes, rtx_evr.o(.text))
<BR><BR>[Stack]<UL><LI>Max Depth = 88<LI>Call Chain = EvrRtxThreadJoined &rArr; EventRecord2 &rArr; EventRecordItem
</UL>
<BR>[Calls]<UL><LI><a href="#[f9]">&gt;&gt;</a>&nbsp;&nbsp;&nbsp;EventRecord2
</UL>
<BR>[Called By]<UL><LI><a href="#[9c]">&gt;&gt;</a>&nbsp;&nbsp;&nbsp;svcRtxThreadJoin
<LI><a href="#[219]">&gt;&gt;</a>&nbsp;&nbsp;&nbsp;osRtxThreadJoinWakeup
</UL>

<P><STRONG><a name="[127]"></a>EvrRtxThreadBlocked</STRONG> (Thumb, 18 bytes, Stack size 16 bytes, rtx_evr.o(.text))
<BR><BR>[Stack]<UL><LI>Max Depth = 96<LI>Call Chain = EvrRtxThreadBlocked &rArr; EventRecord2 &rArr; EventRecordItem
</UL>
<BR>[Calls]<UL><LI><a href="#[f9]">&gt;&gt;</a>&nbsp;&nbsp;&nbsp;EventRecord2
</UL>
<BR>[Called By]<UL><LI><a href="#[1d2]">&gt;&gt;</a>&nbsp;&nbsp;&nbsp;osRtxThreadWaitEnter
</UL>

<P><STRONG><a name="[128]"></a>EvrRtxThreadUnblocked</STRONG> (Thumb, 20 bytes, Stack size 16 bytes, rtx_evr.o(.text))
<BR><BR>[Stack]<UL><LI>Max Depth = 96<LI>Call Chain = EvrRtxThreadUnblocked &rArr; EventRecord2 &rArr; EventRecordItem
</UL>
<BR>[Calls]<UL><LI><a href="#[f9]">&gt;&gt;</a>&nbsp;&nbsp;&nbsp;EventRecord2
</UL>
<BR>[Called By]<UL><LI><a href="#[1d0]">&gt;&gt;</a>&nbsp;&nbsp;&nbsp;osRtxThreadWaitExit
<LI><a href="#[1b0]">&gt;&gt;</a>&nbsp;&nbsp;&nbsp;osRtxThreadDelayTick
</UL>

<P><STRONG><a name="[129]"></a>EvrRtxThreadPreempted</STRONG> (Thumb, 48 bytes, Stack size 8 bytes, rtx_evr.o(.text))
<BR><BR>[Stack]<UL><LI>Max Depth = 88<LI>Call Chain = EvrRtxThreadPreempted &rArr; EventRecord2 &rArr; EventRecordItem
</UL>
<BR>[Calls]<UL><LI><a href="#[f9]">&gt;&gt;</a>&nbsp;&nbsp;&nbsp;EventRecord2
</UL>
<BR>[Called By]<UL><LI><a href="#[f2]">&gt;&gt;</a>&nbsp;&nbsp;&nbsp;osRtxTick_Handler
<LI><a href="#[98]">&gt;&gt;</a>&nbsp;&nbsp;&nbsp;svcRtxThreadYield
<LI><a href="#[212]">&gt;&gt;</a>&nbsp;&nbsp;&nbsp;osRtxThreadBlock
</UL>

<P><STRONG><a name="[12a]"></a>EvrRtxThreadSwitched</STRONG> (Thumb, 16 bytes, Stack size 8 bytes, rtx_evr.o(.text))
<BR><BR>[Stack]<UL><LI>Max Depth = 88<LI>Call Chain = EvrRtxThreadSwitched &rArr; EventRecord2 &rArr; EventRecordItem
</UL>
<BR>[Calls]<UL><LI><a href="#[f9]">&gt;&gt;</a>&nbsp;&nbsp;&nbsp;EventRecord2
</UL>
<BR>[Called By]<UL><LI><a href="#[1ad]">&gt;&gt;</a>&nbsp;&nbsp;&nbsp;osRtxThreadSwitch
</UL>

<P><STRONG><a name="[12b]"></a>EvrRtxThreadExit</STRONG> (Thumb, 14 bytes, Stack size 8 bytes, rtx_evr.o(.text))
<BR><BR>[Stack]<UL><LI>Max Depth = 88<LI>Call Chain = EvrRtxThreadExit &rArr; EventRecord2 &rArr; EventRecordItem
</UL>
<BR>[Calls]<UL><LI><a href="#[f9]">&gt;&gt;</a>&nbsp;&nbsp;&nbsp;EventRecord2
</UL>
<BR>[Called By]<UL><LI><a href="#[21c]">&gt;&gt;</a>&nbsp;&nbsp;&nbsp;osThreadExit
</UL>

<P><STRONG><a name="[12c]"></a>EvrRtxThreadTerminate</STRONG> (Thumb, 18 bytes, Stack size 8 bytes, rtx_evr.o(.text), UNUSED)
<BR><BR>[Calls]<UL><LI><a href="#[f9]">&gt;&gt;</a>&nbsp;&nbsp;&nbsp;EventRecord2
</UL>
<BR>[Called By]<UL><LI><a href="#[22d]">&gt;&gt;</a>&nbsp;&nbsp;&nbsp;osThreadTerminate
</UL>

<P><STRONG><a name="[12d]"></a>EvrRtxThreadDestroyed</STRONG> (Thumb, 18 bytes, Stack size 8 bytes, rtx_evr.o(.text))
<BR><BR>[Stack]<UL><LI>Max Depth = 88<LI>Call Chain = EvrRtxThreadDestroyed &rArr; EventRecord2 &rArr; EventRecordItem
</UL>
<BR>[Calls]<UL><LI><a href="#[f9]">&gt;&gt;</a>&nbsp;&nbsp;&nbsp;EventRecord2
</UL>
<BR>[Called By]<UL><LI><a href="#[218]">&gt;&gt;</a>&nbsp;&nbsp;&nbsp;osRtxThreadDestroy
</UL>

<P><STRONG><a name="[12e]"></a>EvrRtxThreadGetCount</STRONG> (Thumb, 18 bytes, Stack size 8 bytes, rtx_evr.o(.text))
<BR><BR>[Stack]<UL><LI>Max Depth = 88<LI>Call Chain = EvrRtxThreadGetCount &rArr; EventRecord2 &rArr; EventRecordItem
</UL>
<BR>[Calls]<UL><LI><a href="#[f9]">&gt;&gt;</a>&nbsp;&nbsp;&nbsp;EventRecord2
</UL>
<BR>[Called By]<UL><LI><a href="#[22e]">&gt;&gt;</a>&nbsp;&nbsp;&nbsp;osThreadGetCount
<LI><a href="#[9e]">&gt;&gt;</a>&nbsp;&nbsp;&nbsp;svcRtxThreadGetCount
</UL>

<P><STRONG><a name="[12f]"></a>EvrRtxThreadEnumerate</STRONG> (Thumb, 28 bytes, Stack size 24 bytes, rtx_evr.o(.text))
<BR><BR>[Stack]<UL><LI>Max Depth = 120<LI>Call Chain = EvrRtxThreadEnumerate &rArr; EventRecord4 &rArr; EventRecordItem
</UL>
<BR>[Calls]<UL><LI><a href="#[f4]">&gt;&gt;</a>&nbsp;&nbsp;&nbsp;EventRecord4
</UL>
<BR>[Called By]<UL><LI><a href="#[22f]">&gt;&gt;</a>&nbsp;&nbsp;&nbsp;osThreadEnumerate
<LI><a href="#[9f]">&gt;&gt;</a>&nbsp;&nbsp;&nbsp;svcRtxThreadEnumerate
</UL>

<P><STRONG><a name="[130]"></a>EvrRtxThreadFlagsError</STRONG> (Thumb, 20 bytes, Stack size 16 bytes, rtx_evr.o(.text))
<BR><BR>[Stack]<UL><LI>Max Depth = 96<LI>Call Chain = EvrRtxThreadFlagsError &rArr; EventRecord2 &rArr; EventRecordItem
</UL>
<BR>[Calls]<UL><LI><a href="#[f9]">&gt;&gt;</a>&nbsp;&nbsp;&nbsp;EventRecord2
</UL>
<BR>[Called By]<UL><LI><a href="#[233]">&gt;&gt;</a>&nbsp;&nbsp;&nbsp;osThreadFlagsWait
<LI><a href="#[231]">&gt;&gt;</a>&nbsp;&nbsp;&nbsp;osThreadFlagsClear
<LI><a href="#[230]">&gt;&gt;</a>&nbsp;&nbsp;&nbsp;isrRtxThreadFlagsSet
<LI><a href="#[a3]">&gt;&gt;</a>&nbsp;&nbsp;&nbsp;svcRtxThreadFlagsWait
<LI><a href="#[a1]">&gt;&gt;</a>&nbsp;&nbsp;&nbsp;svcRtxThreadFlagsClear
<LI><a href="#[a0]">&gt;&gt;</a>&nbsp;&nbsp;&nbsp;svcRtxThreadFlagsSet
</UL>

<P><STRONG><a name="[131]"></a>EvrRtxThreadFlagsSet</STRONG> (Thumb, 18 bytes, Stack size 16 bytes, rtx_evr.o(.text))
<BR><BR>[Stack]<UL><LI>Max Depth = 96<LI>Call Chain = EvrRtxThreadFlagsSet &rArr; EventRecord2 &rArr; EventRecordItem
</UL>
<BR>[Calls]<UL><LI><a href="#[f9]">&gt;&gt;</a>&nbsp;&nbsp;&nbsp;EventRecord2
</UL>
<BR>[Called By]<UL><LI><a href="#[ed]">&gt;&gt;</a>&nbsp;&nbsp;&nbsp;osThreadFlagsSet
</UL>

<P><STRONG><a name="[132]"></a>EvrRtxThreadFlagsSetDone</STRONG> (Thumb, 18 bytes, Stack size 16 bytes, rtx_evr.o(.text))
<BR><BR>[Stack]<UL><LI>Max Depth = 96<LI>Call Chain = EvrRtxThreadFlagsSetDone &rArr; EventRecord2 &rArr; EventRecordItem
</UL>
<BR>[Calls]<UL><LI><a href="#[f9]">&gt;&gt;</a>&nbsp;&nbsp;&nbsp;EventRecord2
</UL>
<BR>[Called By]<UL><LI><a href="#[230]">&gt;&gt;</a>&nbsp;&nbsp;&nbsp;isrRtxThreadFlagsSet
<LI><a href="#[a0]">&gt;&gt;</a>&nbsp;&nbsp;&nbsp;svcRtxThreadFlagsSet
</UL>

<P><STRONG><a name="[133]"></a>EvrRtxThreadFlagsClear</STRONG> (Thumb, 18 bytes, Stack size 8 bytes, rtx_evr.o(.text), UNUSED)
<BR><BR>[Calls]<UL><LI><a href="#[f9]">&gt;&gt;</a>&nbsp;&nbsp;&nbsp;EventRecord2
</UL>
<BR>[Called By]<UL><LI><a href="#[231]">&gt;&gt;</a>&nbsp;&nbsp;&nbsp;osThreadFlagsClear
</UL>

<P><STRONG><a name="[134]"></a>EvrRtxThreadFlagsClearDone</STRONG> (Thumb, 18 bytes, Stack size 8 bytes, rtx_evr.o(.text))
<BR><BR>[Stack]<UL><LI>Max Depth = 88<LI>Call Chain = EvrRtxThreadFlagsClearDone &rArr; EventRecord2 &rArr; EventRecordItem
</UL>
<BR>[Calls]<UL><LI><a href="#[f9]">&gt;&gt;</a>&nbsp;&nbsp;&nbsp;EventRecord2
</UL>
<BR>[Called By]<UL><LI><a href="#[a1]">&gt;&gt;</a>&nbsp;&nbsp;&nbsp;svcRtxThreadFlagsClear
</UL>

<P><STRONG><a name="[135]"></a>EvrRtxThreadFlagsGet</STRONG> (Thumb, 18 bytes, Stack size 8 bytes, rtx_evr.o(.text))
<BR><BR>[Stack]<UL><LI>Max Depth = 88<LI>Call Chain = EvrRtxThreadFlagsGet &rArr; EventRecord2 &rArr; EventRecordItem
</UL>
<BR>[Calls]<UL><LI><a href="#[f9]">&gt;&gt;</a>&nbsp;&nbsp;&nbsp;EventRecord2
</UL>
<BR>[Called By]<UL><LI><a href="#[232]">&gt;&gt;</a>&nbsp;&nbsp;&nbsp;osThreadFlagsGet
<LI><a href="#[a2]">&gt;&gt;</a>&nbsp;&nbsp;&nbsp;svcRtxThreadFlagsGet
</UL>

<P><STRONG><a name="[136]"></a>EvrRtxThreadFlagsWait</STRONG> (Thumb, 28 bytes, Stack size 24 bytes, rtx_evr.o(.text), UNUSED)
<BR><BR>[Calls]<UL><LI><a href="#[f4]">&gt;&gt;</a>&nbsp;&nbsp;&nbsp;EventRecord4
</UL>
<BR>[Called By]<UL><LI><a href="#[233]">&gt;&gt;</a>&nbsp;&nbsp;&nbsp;osThreadFlagsWait
</UL>

<P><STRONG><a name="[137]"></a>EvrRtxThreadFlagsWaitPending</STRONG> (Thumb, 28 bytes, Stack size 24 bytes, rtx_evr.o(.text))
<BR><BR>[Stack]<UL><LI>Max Depth = 120<LI>Call Chain = EvrRtxThreadFlagsWaitPending &rArr; EventRecord4 &rArr; EventRecordItem
</UL>
<BR>[Calls]<UL><LI><a href="#[f4]">&gt;&gt;</a>&nbsp;&nbsp;&nbsp;EventRecord4
</UL>
<BR>[Called By]<UL><LI><a href="#[a3]">&gt;&gt;</a>&nbsp;&nbsp;&nbsp;svcRtxThreadFlagsWait
</UL>

<P><STRONG><a name="[138]"></a>EvrRtxThreadFlagsWaitTimeout</STRONG> (Thumb, 18 bytes, Stack size 8 bytes, rtx_evr.o(.text))
<BR><BR>[Stack]<UL><LI>Max Depth = 88<LI>Call Chain = EvrRtxThreadFlagsWaitTimeout &rArr; EventRecord2 &rArr; EventRecordItem
</UL>
<BR>[Calls]<UL><LI><a href="#[f9]">&gt;&gt;</a>&nbsp;&nbsp;&nbsp;EventRecord2
</UL>
<BR>[Called By]<UL><LI><a href="#[a3]">&gt;&gt;</a>&nbsp;&nbsp;&nbsp;svcRtxThreadFlagsWait
<LI><a href="#[1b0]">&gt;&gt;</a>&nbsp;&nbsp;&nbsp;osRtxThreadDelayTick
</UL>

<P><STRONG><a name="[139]"></a>EvrRtxThreadFlagsWaitCompleted</STRONG> (Thumb, 28 bytes, Stack size 24 bytes, rtx_evr.o(.text))
<BR><BR>[Stack]<UL><LI>Max Depth = 120<LI>Call Chain = EvrRtxThreadFlagsWaitCompleted &rArr; EventRecord4 &rArr; EventRecordItem
</UL>
<BR>[Calls]<UL><LI><a href="#[f4]">&gt;&gt;</a>&nbsp;&nbsp;&nbsp;EventRecord4
</UL>
<BR>[Called By]<UL><LI><a href="#[a3]">&gt;&gt;</a>&nbsp;&nbsp;&nbsp;svcRtxThreadFlagsWait
<LI><a href="#[a0]">&gt;&gt;</a>&nbsp;&nbsp;&nbsp;svcRtxThreadFlagsSet
<LI><a href="#[8e]">&gt;&gt;</a>&nbsp;&nbsp;&nbsp;osRtxThreadPostProcess
</UL>

<P><STRONG><a name="[13a]"></a>EvrRtxThreadFlagsWaitNotCompleted</STRONG> (Thumb, 20 bytes, Stack size 16 bytes, rtx_evr.o(.text))
<BR><BR>[Stack]<UL><LI>Max Depth = 96<LI>Call Chain = EvrRtxThreadFlagsWaitNotCompleted &rArr; EventRecord2 &rArr; EventRecordItem
</UL>
<BR>[Calls]<UL><LI><a href="#[f9]">&gt;&gt;</a>&nbsp;&nbsp;&nbsp;EventRecord2
</UL>
<BR>[Called By]<UL><LI><a href="#[a3]">&gt;&gt;</a>&nbsp;&nbsp;&nbsp;svcRtxThreadFlagsWait
</UL>

<P><STRONG><a name="[13b]"></a>EvrRtxDelayError</STRONG> (Thumb, 18 bytes, Stack size 8 bytes, rtx_evr.o(.text), UNUSED)
<BR><BR>[Calls]<UL><LI><a href="#[f9]">&gt;&gt;</a>&nbsp;&nbsp;&nbsp;EventRecord2
</UL>

<P><STRONG><a name="[13c]"></a>EvrRtxDelay</STRONG> (Thumb, 18 bytes, Stack size 8 bytes, rtx_evr.o(.text), UNUSED)
<BR><BR>[Calls]<UL><LI><a href="#[f9]">&gt;&gt;</a>&nbsp;&nbsp;&nbsp;EventRecord2
</UL>

<P><STRONG><a name="[13d]"></a>EvrRtxDelayUntil</STRONG> (Thumb, 18 bytes, Stack size 8 bytes, rtx_evr.o(.text), UNUSED)
<BR><BR>[Calls]<UL><LI><a href="#[f9]">&gt;&gt;</a>&nbsp;&nbsp;&nbsp;EventRecord2
</UL>

<P><STRONG><a name="[13e]"></a>EvrRtxDelayStarted</STRONG> (Thumb, 18 bytes, Stack size 8 bytes, rtx_evr.o(.text), UNUSED)
<BR><BR>[Calls]<UL><LI><a href="#[f9]">&gt;&gt;</a>&nbsp;&nbsp;&nbsp;EventRecord2
</UL>

<P><STRONG><a name="[13f]"></a>EvrRtxDelayUntilStarted</STRONG> (Thumb, 18 bytes, Stack size 8 bytes, rtx_evr.o(.text), UNUSED)
<BR><BR>[Calls]<UL><LI><a href="#[f9]">&gt;&gt;</a>&nbsp;&nbsp;&nbsp;EventRecord2
</UL>

<P><STRONG><a name="[140]"></a>EvrRtxDelayCompleted</STRONG> (Thumb, 18 bytes, Stack size 8 bytes, rtx_evr.o(.text))
<BR><BR>[Stack]<UL><LI>Max Depth = 88<LI>Call Chain = EvrRtxDelayCompleted &rArr; EventRecord2 &rArr; EventRecordItem
</UL>
<BR>[Calls]<UL><LI><a href="#[f9]">&gt;&gt;</a>&nbsp;&nbsp;&nbsp;EventRecord2
</UL>
<BR>[Called By]<UL><LI><a href="#[1b0]">&gt;&gt;</a>&nbsp;&nbsp;&nbsp;osRtxThreadDelayTick
</UL>

<P><STRONG><a name="[141]"></a>EvrRtxTimerError</STRONG> (Thumb, 20 bytes, Stack size 16 bytes, rtx_evr.o(.text))
<BR><BR>[Stack]<UL><LI>Max Depth = 96<LI>Call Chain = EvrRtxTimerError &rArr; EventRecord2 &rArr; EventRecordItem
</UL>
[...]
</UL>
<BR>[Address Reference Count : 1]<UL><LI> emac_stm32f4xx.o(.constdata)
</UL>
<P><STRONG><a name="[b6]"></a>SendFrame</STRONG> (Thumb, 378 bytes, Stack size 20 bytes, emac_stm32f4xx.o(.text))
<BR><BR>[Stack]<UL><LI>Max Depth = 20<LI>Call Chain = SendFrame
</UL>
<BR>[Address Reference Count : 1]<UL><LI> emac_stm32f4xx.o(.constdata)
</UL>
<P><STRONG><a name="[b7]"></a>ReadFrame</STRONG> (Thumb, 148 bytes, Stack size 16 bytes, emac_stm32f4xx.o(.text))
<BR><BR>[Stack]<UL><LI>Max Depth = 16<LI>Call Chain = ReadFrame
</UL>
<BR>[Address Reference Count : 1]<UL><LI> emac_stm32f4xx.o(.constdata)
</UL>
<P><STRONG><a name="[b8]"></a>GetRxFrameSize</STRONG> (Thumb, 68 bytes, Stack size 0 bytes, emac_stm32f4xx.o(.text))
<BR>[Address Reference Count : 1]<UL><LI> emac_stm32f4xx.o(.constdata)
</UL>
<P><STRONG><a name="[b9]"></a>GetRxFrameTime</STRONG> (Thumb, 8 bytes, Stack size 0 bytes, emac_stm32f4xx.o(.text))
<BR>[Address Reference Count : 1]<UL><LI> emac_stm32f4xx.o(.constdata)
</UL>
<P><STRONG><a name="[ba]"></a>GetTxFrameTime</STRONG> (Thumb, 8 bytes, Stack size 0 bytes, emac_stm32f4xx.o(.text))
<BR>[Address Reference Count : 1]<UL><LI> emac_stm32f4xx.o(.constdata)
</UL>
<P><STRONG><a name="[bb]"></a>ControlTimer</STRONG> (Thumb, 8 bytes, Stack size 0 bytes, emac_stm32f4xx.o(.text))
<BR>[Address Reference Count : 1]<UL><LI> emac_stm32f4xx.o(.constdata)
</UL>
<P><STRONG><a name="[bc]"></a>Control</STRONG> (Thumb, 358 bytes, Stack size 24 bytes, emac_stm32f4xx.o(.text))
<BR><BR>[Stack]<UL><LI>Max Depth = 32<LI>Call Chain = Control &rArr; init_dma
</UL>
<BR>[Calls]<UL><LI><a href="#[240]">&gt;&gt;</a>&nbsp;&nbsp;&nbsp;init_dma
</UL>
<BR>[Address Reference Count : 1]<UL><LI> emac_stm32f4xx.o(.constdata)
</UL>
<P><STRONG><a name="[bd]"></a>PHY_Read</STRONG> (Thumb, 110 bytes, Stack size 24 bytes, emac_stm32f4xx.o(.text))
<BR><BR>[Stack]<UL><LI>Max Depth = 136<LI>Call Chain = PHY_Read &rArr; HAL_GetTick &rArr; osKernelGetTickCount &rArr; svcRtxKernelGetTickCount &rArr; EvrRtxKernelGetTickCount &rArr; EventRecord2 &rArr; EventRecordItem
</UL>
<BR>[Calls]<UL><LI><a href="#[d3]">&gt;&gt;</a>&nbsp;&nbsp;&nbsp;HAL_GetTick
</UL>
<BR>[Address Reference Count : 1]<UL><LI> emac_stm32f4xx.o(.constdata)
</UL>
<P><STRONG><a name="[be]"></a>PHY_Write</STRONG> (Thumb, 126 bytes, Stack size 24 bytes, emac_stm32f4xx.o(.text))
<BR><BR>[Stack]<UL><LI>Max Depth = 136<LI>Call Chain = PHY_Write &rArr; HAL_GetTick &rArr; osKernelGetTickCount &rArr; svcRtxKernelGetTickCount &rArr; EvrRtxKernelGetTickCount &rArr; EventRecord2 &rArr; EventRecordItem
</UL>
<BR>[Calls]<UL><LI><a href="#[d3]">&gt;&gt;</a>&nbsp;&nbsp;&nbsp;HAL_GetTick
</UL>
<BR>[Address Reference Count : 1]<UL><LI> emac_stm32f4xx.o(.constdata)
</UL>
<P><STRONG><a name="[24a]"></a>Enable_GPIO_Clock</STRONG> (Thumb, 422 bytes, Stack size 8 bytes, spi_stm32f4xx.o(.text))
<BR><BR>[Stack]<UL><LI>Max Depth = 8<LI>Call Chain = Enable_GPIO_Clock
</UL>
<BR>[Called By]<UL><LI><a href="#[24b]">&gt;&gt;</a>&nbsp;&nbsp;&nbsp;SPI_Control
<LI><a href="#[249]">&gt;&gt;</a>&nbsp;&nbsp;&nbsp;SPI_Initialize
</UL>

<P><STRONG><a name="[252]"></a>Enable_SPI_Clock</STRONG> (Thumb, 256 bytes, Stack size 8 bytes, spi_stm32f4xx.o(.text))
<BR><BR>[Stack]<UL><LI>Max Depth = 8<LI>Call Chain = Enable_SPI_Clock
</UL>
<BR>[Called By]<UL><LI><a href="#[24f]">&gt;&gt;</a>&nbsp;&nbsp;&nbsp;SPI_PowerControl
</UL>

<P><STRONG><a name="[251]"></a>Disable_SPI_Clock</STRONG> (Thumb, 144 bytes, Stack size 0 bytes, spi_stm32f4xx.o(.text))
<BR><BR>[Called By]<UL><LI><a href="#[24f]">&gt;&gt;</a>&nbsp;&nbsp;&nbsp;SPI_PowerControl
</UL>

<P><STRONG><a name="[24d]"></a>SPI_PeripheralReset</STRONG> (Thumb, 358 bytes, Stack size 0 bytes, spi_stm32f4xx.o(.text))
<BR><BR>[Called By]<UL><LI><a href="#[24f]">&gt;&gt;</a>&nbsp;&nbsp;&nbsp;SPI_PowerControl
<LI><a href="#[24b]">&gt;&gt;</a>&nbsp;&nbsp;&nbsp;SPI_Control
</UL>

<P><STRONG><a name="[c0]"></a>SPIX_GetVersion</STRONG> (Thumb, 10 bytes, Stack size 8 bytes, spi_stm32f4xx.o(.text))
<BR><BR>[Stack]<UL><LI>Max Depth = 8<LI>Call Chain = SPIX_GetVersion
</UL>
<BR>[Address Reference Count : 1]<UL><LI> spi_stm32f4xx.o(.constdata)
</UL>
<P><STRONG><a name="[c1]"></a>SPIX_GetCapabilities</STRONG> (Thumb, 6 bytes, Stack size 0 bytes, spi_stm32f4xx.o(.text))
<BR>[Address Reference Count : 1]<UL><LI> spi_stm32f4xx.o(.constdata)
</UL>
<P><STRONG><a name="[249]"></a>SPI_Initialize</STRONG> (Thumb, 212 bytes, Stack size 32 bytes, spi_stm32f4xx.o(.text))
<BR><BR>[Stack]<UL><LI>Max Depth = 56<LI>Call Chain = SPI_Initialize &rArr; HAL_GPIO_Init
</UL>
<BR>[Calls]<UL><LI><a href="#[246]">&gt;&gt;</a>&nbsp;&nbsp;&nbsp;HAL_GPIO_Init
<LI><a href="#[24a]">&gt;&gt;</a>&nbsp;&nbsp;&nbsp;Enable_GPIO_Clock
<LI><a href="#[e7]">&gt;&gt;</a>&nbsp;&nbsp;&nbsp;__aeabi_memclr4
</UL>
<BR>[Called By]<UL><LI><a href="#[c2]">&gt;&gt;</a>&nbsp;&nbsp;&nbsp;SPI1_Initialize
</UL>

<P><STRONG><a name="[24b]"></a>SPI_Control</STRONG> (Thumb, 1322 bytes, Stack size 64 bytes, spi_stm32f4xx.o(.text))
<BR><BR>[Stack]<UL><LI>Max Depth = 88<LI>Call Chain = SPI_Control &rArr; HAL_GPIO_Init
</UL>
<BR>[Calls]<UL><LI><a href="#[24e]">&gt;&gt;</a>&nbsp;&nbsp;&nbsp;HAL_GPIO_WritePin
<LI><a href="#[246]">&gt;&gt;</a>&nbsp;&nbsp;&nbsp;HAL_GPIO_Init
<LI><a href="#[247]">&gt;&gt;</a>&nbsp;&nbsp;&nbsp;HAL_GPIO_DeInit
<LI><a href="#[24c]">&gt;&gt;</a>&nbsp;&nbsp;&nbsp;HAL_DMA_Abort_IT
<LI><a href="#[24d]">&gt;&gt;</a>&nbsp;&nbsp;&nbsp;SPI_PeripheralReset
<LI><a href="#[24a]">&gt;&gt;</a>&nbsp;&nbsp;&nbsp;Enable_GPIO_Clock
<LI><a href="#[e7]">&gt;&gt;</a>&nbsp;&nbsp;&nbsp;__aeabi_memclr4
</UL>
<BR>[Called By]<UL><LI><a href="#[c9]">&gt;&gt;</a>&nbsp;&nbsp;&nbsp;SPI1_Control
<LI><a href="#[24f]">&gt;&gt;</a>&nbsp;&nbsp;&nbsp;SPI_PowerControl
</UL>

<P><STRONG><a name="[24f]"></a>SPI_PowerControl</STRONG> (Thumb, 254 bytes, Stack size 16 bytes, spi_stm32f4xx.o(.text))
<BR><BR>[Stack]<UL><LI>Max Depth = 104<LI>Call Chain = SPI_PowerControl &rArr; SPI_Control &rArr; HAL_GPIO_Init
</UL>
<BR>[Calls]<UL><LI><a href="#[250]">&gt;&gt;</a>&nbsp;&nbsp;&nbsp;HAL_NVIC_DisableIRQ
<LI><a href="#[24b]">&gt;&gt;</a>&nbsp;&nbsp;&nbsp;SPI_Control
<LI><a href="#[24d]">&gt;&gt;</a>&nbsp;&nbsp;&nbsp;SPI_PeripheralReset
<LI><a href="#[251]">&gt;&gt;</a>&nbsp;&nbsp;&nbsp;Disable_SPI_Clock
<LI><a href="#[252]">&gt;&gt;</a>&nbsp;&nbsp;&nbsp;Enable_SPI_Clock
</UL>
<BR>[Called By]<UL><LI><a href="#[c4]">&gt;&gt;</a>&nbsp;&nbsp;&nbsp;SPI1_PowerControl
<LI><a href="#[253]">&gt;&gt;</a>&nbsp;&nbsp;&nbsp;SPI_Uninitialize
</UL>

<P><STRONG><a name="[253]"></a>SPI_Uninitialize</STRONG> (Thumb, 102 bytes, Stack size 8 bytes, spi_stm32f4xx.o(.text))
<BR><BR>[Stack]<UL><LI>Max Depth = 112<LI>Call Chain = SPI_Uninitialize &rArr; SPI_PowerControl &rArr; SPI_Control &rArr; HAL_GPIO_Init
</UL>
<BR>[Calls]<UL><LI><a href="#[247]">&gt;&gt;</a>&nbsp;&nbsp;&nbsp;HAL_GPIO_DeInit
<LI><a href="#[24f]">&gt;&gt;</a>&nbsp;&nbsp;&nbsp;SPI_PowerControl
</UL>
<BR>[Called By]<UL><LI><a href="#[c3]">&gt;&gt;</a>&nbsp;&nbsp;&nbsp;SPI1_Uninitialize
</UL>

<P><STRONG><a name="[255]"></a>SPI_TxData</STRONG> (Thumb, 84 bytes, Stack size 16 bytes, spi_stm32f4xx.o(.text))
<BR><BR>[Stack]<UL><LI>Max Depth = 16<LI>Call Chain = SPI_TxData
</UL>
<BR>[Called By]<UL><LI><a href="#[258]">&gt;&gt;</a>&nbsp;&nbsp;&nbsp;SPI_IRQHandler
<LI><a href="#[257]">&gt;&gt;</a>&nbsp;&nbsp;&nbsp;SPI_Transfer
<LI><a href="#[256]">&gt;&gt;</a>&nbsp;&nbsp;&nbsp;SPI_Receive
<LI><a href="#[254]">&gt;&gt;</a>&nbsp;&nbsp;&nbsp;SPI_Send
</UL>

<P><STRONG><a name="[254]"></a>SPI_Send</STRONG> (Thumb, 136 bytes, Stack size 16 bytes, spi_stm32f4xx.o(.text))
<BR><BR>[Stack]<UL><LI>Max Depth = 32<LI>Call Chain = SPI_Send &rArr; SPI_TxData
</UL>
<BR>[Calls]<UL><LI><a href="#[255]">&gt;&gt;</a>&nbsp;&nbsp;&nbsp;SPI_TxData
</UL>
<BR>[Called By]<UL><LI><a href="#[c5]">&gt;&gt;</a>&nbsp;&nbsp;&nbsp;SPI1_Send
</UL>

<P><STRONG><a name="[256]"></a>SPI_Receive</STRONG> (Thumb, 136 bytes, Stack size 16 bytes, spi_stm32f4xx.o(.text))
<BR><BR>[Stack]<UL><LI>Max Depth = 32<LI>Call Chain = SPI_Receive &rArr; SPI_TxData
</UL>
<BR>[Calls]<UL><LI><a href="#[255]">&gt;&gt;</a>&nbsp;&nbsp;&nbsp;SPI_TxData
</UL>
<BR>[Called By]<UL><LI><a href="#[c6]">&gt;&gt;</a>&nbsp;&nbsp;&nbsp;SPI1_Receive
</UL>

<P><STRONG><a name="[257]"></a>SPI_Transfer</STRONG> (Thumb, 118 bytes, Stack size 24 bytes, spi_stm32f4xx.o(.text))
<BR><BR>[Stack]<UL><LI>Max Depth = 40<LI>Call Chain = SPI_Transfer &rArr; SPI_TxData
</UL>
<BR>[Calls]<UL><LI><a href="#[255]">&gt;&gt;</a>&nbsp;&nbsp;&nbsp;SPI_TxData
</UL>
<BR>[Called By]<UL><LI><a href="#[c7]">&gt;&gt;</a>&nbsp;&nbsp;&nbsp;SPI1_Transfer
</UL>

<P><STRONG><a name="[25a]"></a>SPI_GetDataCount</STRONG> (Thumb, 8 bytes, Stack size 0 bytes, spi_stm32f4xx.o(.text))
<BR><BR>[Called By]<UL><LI><a href="#[c8]">&gt;&gt;</a>&nbsp;&nbsp;&nbsp;SPI1_GetDataCount
</UL>

<P><STRONG><a name="[25b]"></a>SPI_GetStatus</STRONG> (Thumb, 44 bytes, Stack size 8 bytes, spi_stm32f4xx.o(.text))
<BR><BR>[Stack]<UL><LI>Max Depth = 8<LI>Call Chain = SPI_GetStatus
</UL>
<BR>[Called By]<UL><LI><a href="#[ca]">&gt;&gt;</a>&nbsp;&nbsp;&nbsp;SPI1_GetStatus
</UL>

<P><STRONG><a name="[259]"></a>SPI_RxData</STRONG> (Thumb, 86 bytes, Stack size 20 bytes, spi_stm32f4xx.o(.text))
<BR><BR>[Stack]<UL><LI>Max Depth = 20<LI>Call Chain = SPI_RxData
</UL>
<BR>[Called By]<UL><LI><a href="#[258]">&gt;&gt;</a>&nbsp;&nbsp;&nbsp;SPI_IRQHandler
</UL>

<P><STRONG><a name="[258]"></a>SPI_IRQHandler</STRONG> (Thumb, 268 bytes, Stack size 24 bytes, spi_stm32f4xx.o(.text))
<BR><BR>[Stack]<UL><LI>Max Depth = 44<LI>Call Chain = SPI_IRQHandler &rArr; SPI_RxData
</UL>
<BR>[Calls]<UL><LI><a href="#[259]">&gt;&gt;</a>&nbsp;&nbsp;&nbsp;SPI_RxData
<LI><a href="#[255]">&gt;&gt;</a>&nbsp;&nbsp;&nbsp;SPI_TxData
</UL>
<BR>[Called By]<UL><LI><a href="#[2d]">&gt;&gt;</a>&nbsp;&nbsp;&nbsp;SPI1_IRQHandler
</UL>

<P><STRONG><a name="[c2]"></a>SPI1_Initialize</STRONG> (Thumb, 14 bytes, Stack size 8 bytes, spi_stm32f4xx.o(.text))
<BR><BR>[Stack]<UL><LI>Max Depth = 64<LI>Call Chain = SPI1_Initialize &rArr; SPI_Initialize &rArr; HAL_GPIO_Init
</UL>
<BR>[Calls]<UL><LI><a href="#[249]">&gt;&gt;</a>&nbsp;&nbsp;&nbsp;SPI_Initialize
</UL>
<BR>[Address Reference Count : 1]<UL><LI> spi_stm32f4xx.o(.constdata)
</UL>
<P><STRONG><a name="[c3]"></a>SPI1_Uninitialize</STRONG> (Thumb, 10 bytes, Stack size 8 bytes, spi_stm32f4xx.o(.text))
<BR><BR>[Stack]<UL><LI>Max Depth = 120<LI>Call Chain = SPI1_Uninitialize &rArr; SPI_Uninitialize &rArr; SPI_PowerControl &rArr; SPI_Control &rArr; HAL_GPIO_Init
</UL>
<BR>[Calls]<UL><LI><a href="#[253]">&gt;&gt;</a>&nbsp;&nbsp;&nbsp;SPI_Uninitialize
</UL>
<BR>[Address Reference Count : 1]<UL><LI> spi_stm32f4xx.o(.constdata)
</UL>
<P><STRONG><a name="[c4]"></a>SPI1_PowerControl</STRONG> (Thumb, 14 bytes, Stack size 8 bytes, spi_stm32f4xx.o(.text))
<BR><BR>[Stack]<UL><LI>Max Depth = 112<LI>Call Chain = SPI1_PowerControl &rArr; SPI_PowerControl &rArr; SPI_Control &rArr; HAL_GPIO_Init
</UL>
<BR>[Calls]<UL><LI><a href="#[24f]">&gt;&gt;</a>&nbsp;&nbsp;&nbsp;SPI_PowerControl
</UL>
<BR>[Address Reference Count : 1]<UL><LI> spi_stm32f4xx.o(.constdata)
</UL>
<P><STRONG><a name="[c5]"></a>SPI1_Send</STRONG> (Thumb, 18 bytes, Stack size 16 bytes, spi_stm32f4xx.o(.text))
<BR><BR>[Stack]<UL><LI>Max Depth = 48<LI>Call Chain = SPI1_Send &rArr; SPI_Send &rArr; SPI_TxData
</UL>
<BR>[Calls]<UL><LI><a href="#[254]">&gt;&gt;</a>&nbsp;&nbsp;&nbsp;SPI_Send
</UL>
<BR>[Address Reference Count : 1]<UL><LI> spi_stm32f4xx.o(.constdata)
</UL>
<P><STRONG><a name="[c6]"></a>SPI1_Receive</STRONG> (Thumb, 18 bytes, Stack size 16 bytes, spi_stm32f4xx.o(.text))
<BR><BR>[Stack]<UL><LI>Max Depth = 48<LI>Call Chain = SPI1_Receive &rArr; SPI_Receive &rArr; SPI_TxData
</UL>
<BR>[Calls]<UL><LI><a href="#[256]">&gt;&gt;</a>&nbsp;&nbsp;&nbsp;SPI_Receive
</UL>
<BR>[Address Reference Count : 1]<UL><LI> spi_stm32f4xx.o(.constdata)
</UL>
<P><STRONG><a name="[c7]"></a>SPI1_Transfer</STRONG> (Thumb, 22 bytes, Stack size 16 bytes, spi_stm32f4xx.o(.text))
<BR><BR>[Stack]<UL><LI>Max Depth = 56<LI>Call Chain = SPI1_Transfer &rArr; SPI_Transfer &rArr; SPI_TxData
</UL>
<BR>[Calls]<UL><LI><a href="#[257]">&gt;&gt;</a>&nbsp;&nbsp;&nbsp;SPI_Transfer
</UL>
<BR>[Address Reference Count : 1]<UL><LI> spi_stm32f4xx.o(.constdata)
</UL>
<P><STRONG><a name="[c8]"></a>SPI1_GetDataCount</STRONG> (Thumb, 10 bytes, Stack size 8 bytes, spi_stm32f4xx.o(.text))
<BR><BR>[Stack]<UL><LI>Max Depth = 8<LI>Call Chain = SPI1_GetDataCount
</UL>
<BR>[Calls]<UL><LI><a href="#[25a]">&gt;&gt;</a>&nbsp;&nbsp;&nbsp;SPI_GetDataCount
</UL>
<BR>[Address Reference Count : 1]<UL><LI> spi_stm32f4xx.o(.constdata)
</UL>
<P><STRONG><a name="[c9]"></a>SPI1_Control</STRONG> (Thumb, 18 bytes, Stack size 16 bytes, spi_stm32f4xx.o(.text))
<BR><BR>[Stack]<UL><LI>Max Depth = 104<LI>Call Chain = SPI1_Control &rArr; SPI_Control &rArr; HAL_GPIO_Init
</UL>
<BR>[Calls]<UL><LI><a href="#[24b]">&gt;&gt;</a>&nbsp;&nbsp;&nbsp;SPI_Control
</UL>
<BR>[Address Reference Count : 1]<UL><LI> spi_stm32f4xx.o(.constdata)
</UL>
<P><STRONG><a name="[ca]"></a>SPI1_GetStatus</STRONG> (Thumb, 12 bytes, Stack size 8 bytes, spi_stm32f4xx.o(.text))
<BR><BR>[Stack]<UL><LI>Max Depth = 16<LI>Call Chain = SPI1_GetStatus &rArr; SPI_GetStatus
</UL>
<BR>[Calls]<UL><LI><a href="#[25b]">&gt;&gt;</a>&nbsp;&nbsp;&nbsp;SPI_GetStatus
</UL>
<BR>[Address Reference Count : 1]<UL><LI> spi_stm32f4xx.o(.constdata)
</UL>
<P><STRONG><a name="[25c]"></a>EventRecordItem</STRONG> (Thumb, 206 bytes, Stack size 56 bytes, eventrecorder.o(.text))
<BR><BR>[Stack]<UL><LI>Max Depth = 56<LI>Call Chain = EventRecordItem
</UL>
<BR>[Calls]<UL><LI><a href="#[25f]">&gt;&gt;</a>&nbsp;&nbsp;&nbsp;__asm___15_EventRecorder_c_e8d3082c__UnlockRecord
<LI><a href="#[25e]">&gt;&gt;</a>&nbsp;&nbsp;&nbsp;__asm___15_EventRecorder_c_e8d3082c__LockRecord
<LI><a href="#[25d]">&gt;&gt;</a>&nbsp;&nbsp;&nbsp;__asm___15_EventRecorder_c_e8d3082c__atomic_inc32
</UL>
<BR>[Called By]<UL><LI><a href="#[269]">&gt;&gt;</a>&nbsp;&nbsp;&nbsp;EventRecorderClockUpdate
<LI><a href="#[268]">&gt;&gt;</a>&nbsp;&nbsp;&nbsp;EventRecorderStop
<LI><a href="#[263]">&gt;&gt;</a>&nbsp;&nbsp;&nbsp;EventRecorderStart
<LI><a href="#[1c7]">&gt;&gt;</a>&nbsp;&nbsp;&nbsp;EventRecorderInitialize
<LI><a href="#[100]">&gt;&gt;</a>&nbsp;&nbsp;&nbsp;EventRecordData
<LI><a href="#[f4]">&gt;&gt;</a>&nbsp;&nbsp;&nbsp;EventRecord4
<LI><a href="#[f9]">&gt;&gt;</a>&nbsp;&nbsp;&nbsp;EventRecord2
</UL>

<P><STRONG><a name="[260]"></a>EventGetTS</STRONG> (Thumb, 58 bytes, Stack size 16 bytes, eventrecorder.o(.text))
<BR><BR>[Stack]<UL><LI>Max Depth = 16<LI>Call Chain = EventGetTS
</UL>
<BR>[Calls]<UL><LI><a href="#[261]">&gt;&gt;</a>&nbsp;&nbsp;&nbsp;EventRecorderTimerGetCount
<LI><a href="#[262]">&gt;&gt;</a>&nbsp;&nbsp;&nbsp;__asm___15_EventRecorder_c_e8d3082c__atomic_xch32
<LI><a href="#[25d]">&gt;&gt;</a>&nbsp;&nbsp;&nbsp;__asm___15_EventRecorder_c_e8d3082c__atomic_inc32
</UL>
<BR>[Called By]<UL><LI><a href="#[269]">&gt;&gt;</a>&nbsp;&nbsp;&nbsp;EventRecorderClockUpdate
<LI><a href="#[268]">&gt;&gt;</a>&nbsp;&nbsp;&nbsp;EventRecorderStop
<LI><a href="#[263]">&gt;&gt;</a>&nbsp;&nbsp;&nbsp;EventRecorderStart
<LI><a href="#[1c7]">&gt;&gt;</a>&nbsp;&nbsp;&nbsp;EventRecorderInitialize
<LI><a href="#[100]">&gt;&gt;</a>&nbsp;&nbsp;&nbsp;EventRecordData
<LI><a href="#[f4]">&gt;&gt;</a>&nbsp;&nbsp;&nbsp;EventRecord4
<LI><a href="#[f9]">&gt;&gt;</a>&nbsp;&nbsp;&nbsp;EventRecord2
</UL>

<P><STRONG><a name="[26a]"></a>EventCheckFilter</STRONG> (Thumb, 34 bytes, Stack size 0 bytes, eventrecorder.o(.text))
<BR><BR>[Called By]<UL><LI><a href="#[100]">&gt;&gt;</a>&nbsp;&nbsp;&nbsp;EventRecordData
<LI><a href="#[f4]">&gt;&gt;</a>&nbsp;&nbsp;&nbsp;EventRecord4
<LI><a href="#[f9]">&gt;&gt;</a>&nbsp;&nbsp;&nbsp;EventRecord2
</UL>

<P><STRONG><a name="[264]"></a>crc16_ccitt</STRONG> (Thumb, 66 bytes, Stack size 12 bytes, eventrecorder.o(.text), UNUSED)
<BR><BR>[Called By]<UL><LI><a href="#[1c7]">&gt;&gt;</a>&nbsp;&nbsp;&nbsp;EventRecorderInitialize
</UL>

<P><STRONG><a name="[26b]"></a>GetContext</STRONG> (Thumb, 10 bytes, Stack size 8 bytes, eventrecorder.o(.text))
<BR><BR>[Stack]<UL><LI>Max Depth = 8<LI>Call Chain = GetContext
</UL>
<BR>[Calls]<UL><LI><a href="#[26c]">&gt;&gt;</a>&nbsp;&nbsp;&nbsp;__asm___15_EventRecorder_c_e8d3082c__atomic_inc8
</UL>
<BR>[Called By]<UL><LI><a href="#[100]">&gt;&gt;</a>&nbsp;&nbsp;&nbsp;EventRecordData
<LI><a href="#[f4]">&gt;&gt;</a>&nbsp;&nbsp;&nbsp;EventRecord4
</UL>

<P><STRONG><a name="[276]"></a>__NVIC_SetPriority</STRONG> (Thumb, 32 bytes, Stack size 8 bytes, stm32f4xx_hal_cortex.o(.text))
<BR><BR>[Stack]<UL><LI>Max Depth = 8<LI>Call Chain = __NVIC_SetPriority
</UL>
<BR>[Called By]<UL><LI><a href="#[e9]">&gt;&gt;</a>&nbsp;&nbsp;&nbsp;HAL_NVIC_SetPriority
<LI><a href="#[26e]">&gt;&gt;</a>&nbsp;&nbsp;&nbsp;HAL_SYSTICK_Config
</UL>

<P><STRONG><a name="[275]"></a>__NVIC_GetPriorityGrouping</STRONG> (Thumb, 12 bytes, Stack size 0 bytes, stm32f4xx_hal_cortex.o(.text))
<BR><BR>[Called By]<UL><LI><a href="#[e9]">&gt;&gt;</a>&nbsp;&nbsp;&nbsp;HAL_NVIC_SetPriority
<LI><a href="#[277]">&gt;&gt;</a>&nbsp;&nbsp;&nbsp;HAL_NVIC_GetPriorityGrouping
</UL>

<P><STRONG><a name="[27c]"></a>DMA_CalcBaseAndBitshift</STRONG> (Thumb, 46 bytes, Stack size 0 bytes, stm32f4xx_hal_dma.o(.text), UNUSED)
<BR><BR>[Called By]<UL><LI><a href="#[27d]">&gt;&gt;</a>&nbsp;&nbsp;&nbsp;HAL_DMA_DeInit
<LI><a href="#[27a]">&gt;&gt;</a>&nbsp;&nbsp;&nbsp;HAL_DMA_Init
</UL>

<P><STRONG><a name="[27b]"></a>DMA_CheckFifoParam</STRONG> (Thumb, 170 bytes, Stack size 0 bytes, stm32f4xx_hal_dma.o(.text), UNUSED)
<BR><BR>[Called By]<UL><LI><a href="#[27a]">&gt;&gt;</a>&nbsp;&nbsp;&nbsp;HAL_DMA_Init
</UL>

<P><STRONG><a name="[27f]"></a>DMA_SetConfig</STRONG> (Thumb, 44 bytes, Stack size 12 bytes, stm32f4xx_hal_dma.o(.text), UNUSED)
<BR><BR>[Called By]<UL><LI><a href="#[27e]">&gt;&gt;</a>&nbsp;&nbsp;&nbsp;HAL_DMA_Start
<LI><a href="#[280]">&gt;&gt;</a>&nbsp;&nbsp;&nbsp;HAL_DMA_Start_IT
</UL>

<P><STRONG><a name="[2c2]"></a>_fp_digits</STRONG> (Thumb, 366 bytes, Stack size 64 bytes, printfa.o(i._fp_digits), UNUSED)
<BR><BR>[Calls]<UL><LI><a href="#[2b6]">&gt;&gt;</a>&nbsp;&nbsp;&nbsp;__aeabi_dmul
<LI><a href="#[2bd]">&gt;&gt;</a>&nbsp;&nbsp;&nbsp;__aeabi_ddiv
<LI><a href="#[2b9]">&gt;&gt;</a>&nbsp;&nbsp;&nbsp;__aeabi_dadd
<LI><a href="#[2be]">&gt;&gt;</a>&nbsp;&nbsp;&nbsp;__aeabi_d2ulz
<LI><a href="#[2c3]">&gt;&gt;</a>&nbsp;&nbsp;&nbsp;__aeabi_cdrcmple
<LI><a href="#[288]">&gt;&gt;</a>&nbsp;&nbsp;&nbsp;__aeabi_uldivmod
</UL>
<BR>[Called By]<UL><LI><a href="#[2c1]">&gt;&gt;</a>&nbsp;&nbsp;&nbsp;_printf_core
</UL>

<P><STRONG><a name="[2c1]"></a>_printf_core</STRONG> (Thumb, 1704 bytes, Stack size 136 bytes, printfa.o(i._printf_core), UNUSED)
<BR><BR>[Calls]<UL><LI><a href="#[2c4]">&gt;&gt;</a>&nbsp;&nbsp;&nbsp;_printf_pre_padding
<LI><a href="#[2c5]">&gt;&gt;</a>&nbsp;&nbsp;&nbsp;_printf_post_padding
<LI><a href="#[2c2]">&gt;&gt;</a>&nbsp;&nbsp;&nbsp;_fp_digits
<LI><a href="#[288]">&gt;&gt;</a>&nbsp;&nbsp;&nbsp;__aeabi_uldivmod
<LI><a href="#[2c6]">&gt;&gt;</a>&nbsp;&nbsp;&nbsp;__aeabi_uidivmod
</UL>
<BR>[Called By]<UL><LI><a href="#[2c0]">&gt;&gt;</a>&nbsp;&nbsp;&nbsp;__0sprintf
</UL>

<P><STRONG><a name="[2c5]"></a>_printf_post_padding</STRONG> (Thumb, 36 bytes, Stack size 24 bytes, printfa.o(i._printf_post_padding), UNUSED)
<BR><BR>[Called By]<UL><LI><a href="#[2c1]">&gt;&gt;</a>&nbsp;&nbsp;&nbsp;_printf_core
</UL>

<P><STRONG><a name="[2c4]"></a>_printf_pre_padding</STRONG> (Thumb, 46 bytes, Stack size 24 bytes, printfa.o(i._printf_pre_padding), UNUSED)
<BR><BR>[Called By]<UL><LI><a href="#[2c1]">&gt;&gt;</a>&nbsp;&nbsp;&nbsp;_printf_core
</UL>

<P><STRONG><a name="[ad]"></a>_sputc</STRONG> (Thumb, 10 bytes, Stack size 0 bytes, printfa.o(i._sputc))
<BR><BR>[Called By]<UL><LI><a href="#[2c0]">&gt;&gt;</a>&nbsp;&nbsp;&nbsp;__0sprintf
</UL>
<BR>[Address Reference Count : 1]<UL><LI> printfa.o(i.__0sprintf)
</UL><P>
<H3>
Undefined Global Symbols
</H3><HR></body></html>
