Component: ARM Compiler 5.06 update 7 (build 960) Tool: armlink [4d3601]

==============================================================================

Section Cross References

    main.o(.text) refers to rtx_kernel.o(.text) for osKernelGetState
    main.o(.text) refers to stm32f4xx_hal_rcc.o(.text) for HAL_RCC_OscConfig
    main.o(.text) refers to stm32f4xx_hal.o(.text) for HAL_GetREVID
    main.o(.text) refers to system_stm32f4xx.o(.text) for SystemCoreClockUpdate
    main.o(.text) refers to rtx_thread.o(.text) for osThreadNew
    main.o(.text) refers to system_stm32f4xx.o(.data) for SystemCoreClock
    main.o(.text) refers to main.o(.data) for ticks
    main.o(.text) refers to http_server.o(.constdata) for app_main_attr
    main.o(.text) refers to http_server.o(.text) for app_main
    http_server.o(.text) refers to adc.o(.text) for ADC_getVoltage
    http_server.o(.text) refers to rtx_thread.o(.text) for osThreadFlagsSet
    http_server.o(.text) refers to lcd_1.o(.text) for LCD_reset
    http_server.o(.text) refers to leds_1.o(.text) for LED_Expo
    http_server.o(.text) refers to rtx_delay.o(.text) for osDelay
    http_server.o(.text) refers to rtc_1.o(.text) for RTC_Init
    http_server.o(.text) refers to rtx_msgqueue.o(.text) for osMessageQueueNew
    http_server.o(.text) refers to net_sys.o(i.netInitialize) for netInitialize
    http_server.o(.text) refers to http_server.o(.bss) for adchandle
    http_server.o(.text) refers to http_server.o(.data) for voltage
    http_server.o(.text) refers to rtc_1.o(.bss) for aShowDate
    http_server.o(.text) refers to lcd_1.o(.data) for colaLCD_L1
    http_server.o(.constdata) refers to http_server.o(.bss) for app_main_stk
    http_server_cgi.o(.text) refers to net_http_server.o(i.netCGI_GetEnvVar) for netCGI_GetEnvVar
    http_server_cgi.o(.text) refers to net_addr.o(i.netIP_aton) for netIP_aton
    http_server_cgi.o(.text) refers to net_sys.o(i.netIF_SetOption) for netIF_SetOption
    http_server_cgi.o(.text) refers to leds_1.o(.text) for LED_Expo
    http_server_cgi.o(.text) refers to strcmp.o(.text) for strcmp
    http_server_cgi.o(.text) refers to strncmp.o(.text) for strncmp
    http_server_cgi.o(.text) refers to net_http_server.o(i.netHTTPs_LoginActive) for netHTTPs_LoginActive
    http_server_cgi.o(.text) refers to strcpy.o(.text) for strcpy
    http_server_cgi.o(.text) refers to net_http_server.o(i.netHTTPs_SetPassword) for netHTTPs_SetPassword
    http_server_cgi.o(.text) refers to rtx_thread.o(.text) for osThreadFlagsSet
    http_server_cgi.o(.text) refers to net_sys.o(i.netIF_GetOption) for netIF_GetOption
    http_server_cgi.o(.text) refers to net_addr.o(i.netIP_ntoa) for netIP_ntoa
    http_server_cgi.o(.text) refers to printfa.o(i.__0sprintf) for __2sprintf
    http_server_cgi.o(.text) refers to net_tcp.o(i.netTCP_GetState) for netTCP_GetState
    http_server_cgi.o(.text) refers to net_tcp.o(i.netTCP_GetLocalPort) for netTCP_GetLocalPort
    http_server_cgi.o(.text) refers to net_tcp.o(i.netTCP_GetPeer) for netTCP_GetPeer
    http_server_cgi.o(.text) refers to net_tcp.o(i.netTCP_GetTimer) for netTCP_GetTimer
    http_server_cgi.o(.text) refers to http_server_cgi.o(.bss) for ip_addr
    http_server_cgi.o(.text) refers to http_server_cgi.o(.data) for P2
    http_server_cgi.o(.text) refers to http_server.o(.data) for modo_leds
    http_server_cgi.o(.text) refers to http_server_cgi.o(.conststring) for .conststring
    http_server_cgi.o(.text) refers to net_http_server.o(i.netHTTPs_GetPassword) for netHTTPs_GetPassword
    http_server_cgi.o(.text) refers to net_http_server.o(i.netHTTPs_GetLanguage) for netHTTPs_GetLanguage
    http_server_cgi.o(.text) refers to http_server.o(.text) for AD_in
    http_server_cgi.o(.text) refers to ffltui.o(.text) for __aeabi_ui2f
    http_server_cgi.o(.text) refers to fmul.o(.text) for __aeabi_fmul
    http_server_cgi.o(.text) refers to fdiv.o(.text) for __aeabi_fdiv
    http_server_cgi.o(.text) refers to f2d.o(.text) for __aeabi_f2d
    http_server_cgi.o(.text) refers to rtc_1.o(.bss) for aShowDate
    web.o(.text) refers to web.o(.constdata) for imageFileTable
    leds_1.o(.text) refers to stm32f4xx_hal_gpio.o(.text) for HAL_GPIO_Init
    leds_1.o(.text) refers to leds_1.o(.constdata) for LED_PIN
    lcd_1.o(.text) refers to stm32f4xx_hal_gpio.o(.text) for HAL_GPIO_WritePin
    lcd_1.o(.text) refers to stm32f4xx_hal_tim.o(.text) for HAL_TIM_Base_Init
    lcd_1.o(.text) refers to lcd_1.o(.data) for SPIdrv
    lcd_1.o(.text) refers to lcd_1.o(.bss) for buffer
    lcd_1.o(.text) refers to lcd_1.o(.constdata) for Arial12x12
    lcd_1.o(.text) refers to memcpya.o(.text) for __aeabi_memcpy4
    lcd_1.o(.text) refers to rtx_msgqueue.o(.text) for osMessageQueueGet
    lcd_1.o(.text) refers to strcpy.o(.text) for strcpy
    lcd_1.o(.text) refers to memseta.o(.text) for __aeabi_memclr4
    lcd_1.o(.text) refers to rtx_delay.o(.text) for osDelay
    lcd_1.o(.text) refers to rtx_thread.o(.text) for osThreadNew
[...]
    __aeabi_memcpy4                          0x08012b47   Thumb Code     0  memcpya.o(.text)
    __aeabi_memcpy8                          0x08012b47   Thumb Code     0  memcpya.o(.text)
    __aeabi_memset                           0x08012b6b   Thumb Code    14  memseta.o(.text)
    __aeabi_memset4                          0x08012b6b   Thumb Code     0  memseta.o(.text)
    __aeabi_memset8                          0x08012b6b   Thumb Code     0  memseta.o(.text)
    __aeabi_memclr                           0x08012b79   Thumb Code     4  memseta.o(.text)
    __aeabi_memclr4                          0x08012b79   Thumb Code     0  memseta.o(.text)
    __aeabi_memclr8                          0x08012b79   Thumb Code     0  memseta.o(.text)
    _memset$wrapper                          0x08012b7d   Thumb Code    18  memseta.o(.text)
    strlen                                   0x08012b8f   Thumb Code    14  strlen.o(.text)
    strcmp                                   0x08012b9d   Thumb Code    28  strcmp.o(.text)
    memcmp                                   0x08012bb9   Thumb Code    26  memcmp.o(.text)
    strcpy                                   0x08012bd3   Thumb Code    18  strcpy.o(.text)
    strncmp                                  0x08012be5   Thumb Code    30  strncmp.o(.text)
    __aeabi_fmul                             0x08012c03   Thumb Code   100  fmul.o(.text)
    __aeabi_fdiv                             0x08012c67   Thumb Code   124  fdiv.o(.text)
    __aeabi_dmul                             0x08012ce3   Thumb Code   228  dmul.o(.text)
    __aeabi_ui2f                             0x08012dc7   Thumb Code    10  ffltui.o(.text)
    __aeabi_d2iz                             0x08012dd1   Thumb Code    62  dfixi.o(.text)
    __aeabi_f2d                              0x08012e0f   Thumb Code    38  f2d.o(.text)
    __aeabi_uidiv                            0x08012e35   Thumb Code     0  uidiv.o(.text)
    __aeabi_uidivmod                         0x08012e35   Thumb Code    44  uidiv.o(.text)
    __aeabi_llsl                             0x08012e61   Thumb Code    30  llshl.o(.text)
    _ll_shift_l                              0x08012e61   Thumb Code     0  llshl.o(.text)
    __aeabi_llsr                             0x08012e7f   Thumb Code    32  llushr.o(.text)
    _ll_ushift_r                             0x08012e7f   Thumb Code     0  llushr.o(.text)
    __I$use$fp                               0x08012e9f   Thumb Code     0  iusefp.o(.text)
    _float_round                             0x08012e9f   Thumb Code    18  fepilogue.o(.text)
    _float_epilogue                          0x08012eb1   Thumb Code    92  fepilogue.o(.text)
    _double_round                            0x08012f0d   Thumb Code    30  depilogue.o(.text)
    _double_epilogue                         0x08012f2b   Thumb Code   156  depilogue.o(.text)
    __aeabi_dadd                             0x08012fc7   Thumb Code   322  dadd.o(.text)
    __aeabi_dsub                             0x08013109   Thumb Code     6  dadd.o(.text)
    __aeabi_drsub                            0x0801310f   Thumb Code     6  dadd.o(.text)
    __aeabi_ddiv                             0x08013115   Thumb Code   222  ddiv.o(.text)
    __aeabi_d2ulz                            0x080131f3   Thumb Code    48  dfixul.o(.text)
    __aeabi_cdrcmple                         0x08013225   Thumb Code    48  cdrcmple.o(.text)
    __scatterload                            0x08013255   Thumb Code    28  init.o(.text)
    __scatterload_rt2                        0x08013255   Thumb Code     0  init.o(.text)
    __aeabi_lasr                             0x08013279   Thumb Code    36  llsshr.o(.text)
    _ll_sshift_r                             0x08013279   Thumb Code     0  llsshr.o(.text)
    __decompress                             0x0801329d   Thumb Code     0  __dczerorl2.o(.text)
    __decompress1                            0x0801329d   Thumb Code    86  __dczerorl2.o(.text)
    __0sprintf                               0x080132f5   Thumb Code    34  printfa.o(i.__0sprintf)
    __1sprintf                               0x080132f5   Thumb Code     0  printfa.o(i.__0sprintf)
    __2sprintf                               0x080132f5   Thumb Code     0  printfa.o(i.__0sprintf)
    __c89sprintf                             0x080132f5   Thumb Code     0  printfa.o(i.__0sprintf)
    sprintf                                  0x080132f5   Thumb Code     0  printfa.o(i.__0sprintf)
    __scatterload_copy                       0x0801331d   Thumb Code    14  handlers.o(i.__scatterload_copy)
    __scatterload_null                       0x0801332b   Thumb Code     2  handlers.o(i.__scatterload_null)
    __scatterload_zeroinit                   0x0801332d   Thumb Code    14  handlers.o(i.__scatterload_zeroinit)
    netCGI_Charset                           0x08016a69   Thumb Code     4  net_http_server.o(i.netCGI_Charset)
    netCGI_ContentType                       0x08016a6d   Thumb Code     4  net_http_server.o(i.netCGI_ContentType)
    netCGI_CustomHeader                      0x08016a71   Thumb Code     4  net_http_server.o(i.netCGI_CustomHeader)
    netCGI_GetEnvVar                         0x08016a75   Thumb Code   104  net_http_server.o(i.netCGI_GetEnvVar)
    netCGI_Redirect                          0x08016ae1   Thumb Code     4  net_http_server.o(i.netCGI_Redirect)
    netCGX_ContentType                       0x08016ae5   Thumb Code     4  net_http_server.o(i.netCGX_ContentType)
    netCore_Thread                           0x08016ae9   Thumb Code    90  net_sys.o(i.netCore_Thread)
    netETH_Notify                            0x08016b4d   Thumb Code     2  net_eth.o(i.netETH_Notify)
    netETH_ReceiveRaw                        0x08016b4f   Thumb Code     2  net_eth.o(i.netETH_ReceiveRaw)
    netETH_Thread                            0x08016b51   Thumb Code   114  net_eth.o(i.netETH_Thread)
    netHTTPs_AcceptClient                    0x08016bc3   Thumb Code     4  net_http_server.o(i.netHTTPs_AcceptClient)
    netHTTPs_CheckAccount                    0x08016bc7   Thumb Code     4  net_http_server_auth.o(i.netHTTPs_CheckAccount)
    netHTTPs_FileAccess                      0x08016bcb   Thumb Code     4  net_http_server.o(i.netHTTPs_FileAccess)
    netHTTPs_GetLanguage                     0x08016bd1   Thumb Code    24  net_http_server.o(i.netHTTPs_GetLanguage)
    netHTTPs_GetPassword                     0x08016bf1   Thumb Code     6  net_http_server.o(i.netHTTPs_GetPassword)
    netHTTPs_LoginActive                     0x08016bfd   Thumb Code     6  net_http_server.o(i.netHTTPs_LoginActive)
    netHTTPs_SetPassword                     0x08016c09   Thumb Code    78  net_http_server.o(i.netHTTPs_SetPassword)
    netIF_GetOption                          0x08016c61   Thumb Code   128  net_sys.o(i.netIF_GetOption)
    netIF_SetOption                          0x08016ce9   Thumb Code   124  net_sys.o(i.netIF_SetOption)
    netIP_aton                               0x08016d6d   Thumb Code    26  net_addr.o(i.netIP_aton)
    netIP_ntoa                               0x08016d87   Thumb Code    50  net_addr.o(i.netIP_ntoa)
    netInitialize                            0x08016db9   Thumb Code   156  net_sys.o(i.netInitialize)
    netMAC_aton                              0x08016e65   Thumb Code   140  net_addr.o(i.netMAC_aton)
    netTCP_GetLocalPort                      0x08016ef1   Thumb Code     4  net_tcp.o(i.netTCP_GetLocalPort)
    netTCP_GetPeer                           0x08016ef5   Thumb Code    32  net_tcp.o(i.netTCP_GetPeer)
    netTCP_GetState                          0x08016f15   Thumb Code     4  net_tcp.o(i.netTCP_GetState)
    netTCP_GetTimer                          0x08016f19   Thumb Code     4  net_tcp.o(i.netTCP_GetTimer)
    net_addr4_aton                           0x08016f1d   Thumb Code   124  net_addr.o(i.net_addr4_aton)
    net_addr4_to_mac                         0x08016f99   Thumb Code    30  net_addr.o(i.net_addr4_to_mac)
    net_addr6_aton                           0x08016fb9   Thumb Code   230  net_addr.o(i.net_addr6_aton)
    net_addr6_comp                           0x0801709f   Thumb Code    40  net_addr.o(i.net_addr6_comp)
    net_addr6_copy                           0x080170c7   Thumb Code    18  net_addr.o(i.net_addr6_copy)
    net_addr6_create                         0x080170d9   Thumb Code    70  net_addr.o(i.net_addr6_create)
    net_addr6_get_solicited                  0x08017125   Thumb Code    34  net_addr.o(i.net_addr6_get_solicited)
    net_addr6_is_linklocal                   0x0801714d   Thumb Code    24  net_addr.o(i.net_addr6_is_linklocal)
    net_addr6_is_onlink                      0x08017165   Thumb Code   110  net_addr.o(i.net_addr6_is_onlink)
    net_addr6_is_solicited                   0x080171d3   Thumb Code    72  net_addr.o(i.net_addr6_is_solicited)
    net_addr6_is_unspec                      0x0801721b   Thumb Code    24  net_addr.o(i.net_addr6_is_unspec)
    net_addr6_to_mac                         0x08017233   Thumb Code    14  net_addr.o(i.net_addr6_to_mac)
    net_addr_copy                            0x08017241   Thumb Code    38  net_addr.o(i.net_addr_copy)
    net_addr_find_route                      0x08017267   Thumb Code    26  net_addr.o(i.net_addr_find_route)
    net_addr_get_local                       0x08017281   Thumb Code    26  net_addr.o(i.net_addr_get_local)
    net_addr_is_unspec                       0x080172a1   Thumb Code    34  net_addr.o(i.net_addr_is_unspec)
    net_arp_cache_add                        0x080172c5   Thumb Code   276  net_arp.o(i.net_arp_cache_add)
    net_arp_cache_early                      0x080173e1   Thumb Code   180  net_arp.o(i.net_arp_cache_early)
    net_arp_cache_find                       0x0801749d   Thumb Code   224  net_arp.o(i.net_arp_cache_find)
    net_arp_cache_init                       0x08017589   Thumb Code    64  net_arp.o(i.net_arp_cache_init)
    net_arp_cache_run                        0x080175d1   Thumb Code    22  net_arp.o(i.net_arp_cache_run)
    net_arp_cache_uninit                     0x080175ed   Thumb Code    56  net_arp.o(i.net_arp_cache_uninit)
    net_arp_enqueue                          0x0801762d   Thumb Code   114  net_arp.o(i.net_arp_enqueue)
    net_arp_notify                           0x080176a5   Thumb Code    32  net_arp.o(i.net_arp_notify)
    net_arp_process                          0x080176c5   Thumb Code   536  net_arp.o(i.net_arp_process)
    net_atoi                                 0x080178e9   Thumb Code    66  net_common.o(i.net_atoi)
    net_base64_decode                        0x0801792d   Thumb Code   114  net_base64.o(i.net_base64_decode)
    net_chksum_buf                           0x080179a5   Thumb Code    48  net_common.o(i.net_chksum_buf)
    net_crc_buf                              0x080179d5   Thumb Code    30  net_common.o(i.net_crc_buf)
    net_eth_callback                         0x080179f3   Thumb Code    14  net_eth.o(i.net_eth_callback)
    net_eth_config_mcast                     0x08017a01   Thumb Code   104  net_eth.o(i.net_eth_config_mcast)
    net_eth_get_option                       0x08017a69   Thumb Code   234  net_eth.o(i.net_eth_get_option)
    net_eth_iface_init                       0x08017b55   Thumb Code    22  net_eth.o(i.net_eth_iface_init)
    net_eth_iface_run                        0x08017b71   Thumb Code    22  net_eth.o(i.net_eth_iface_run)
    net_eth_iface_uninit                     0x08017b8d   Thumb Code    22  net_eth.o(i.net_eth_iface_uninit)
    net_eth_output                           0x08017ba9   Thumb Code   164  net_eth.o(i.net_eth_output)
    net_eth_send_frame                       0x08017c51   Thumb Code   462  net_eth.o(i.net_eth_send_frame)
    net_eth_set_option                       0x08017e31   Thumb Code   610  net_eth.o(i.net_eth_set_option)
    net_http_server_init                     0x080180a1   Thumb Code   212  net_http_server.o(i.net_http_server_init)
    net_http_server_run                      0x08018189   Thumb Code    30  net_http_server.o(i.net_http_server_run)
    net_http_server_uninit                   0x080181b1   Thumb Code    98  net_http_server.o(i.net_http_server_uninit)
    net_icmp6_init                           0x08018221   Thumb Code    20  net_icmp6.o(i.net_icmp6_init)
    net_icmp6_process                        0x08018239   Thumb Code   542  net_icmp6.o(i.net_icmp6_process)
    net_icmp6_send                           0x08018471   Thumb Code   122  net_icmp6.o(i.net_icmp6_send)
    net_icmp6_send_echo                      0x080184f5   Thumb Code    78  net_icmp6.o(i.net_icmp6_send_echo)
    net_icmp_init                            0x0801854d   Thumb Code    20  net_icmp.o(i.net_icmp_init)
    net_icmp_process                         0x08018565   Thumb Code   430  net_icmp.o(i.net_icmp_process)
    net_icmp_send_echo                       0x0801872d   Thumb Code   142  net_icmp.o(i.net_icmp_send_echo)
    net_if_map_all                           0x080187cd   Thumb Code     6  net_sys.o(i.net_if_map_all)
    net_igmp_collect_mcast                   0x080187d9   Thumb Code   104  net_igmp.o(i.net_igmp_collect_mcast)
    net_igmp_host_init                       0x08018845   Thumb Code    68  net_igmp.o(i.net_igmp_host_init)
    net_igmp_host_run                        0x0801888d   Thumb Code    22  net_igmp.o(i.net_igmp_host_run)
    net_igmp_host_uninit                     0x080188a9   Thumb Code    48  net_igmp.o(i.net_igmp_host_uninit)
    net_igmp_is_member                       0x080188e1   Thumb Code    28  net_igmp.o(i.net_igmp_is_member)
    net_igmp_process                         0x08018901   Thumb Code   414  net_igmp.o(i.net_igmp_process)
    net_ip4_chk_frame                        0x08018aad   Thumb Code   372  net_ip4.o(i.net_ip4_chk_frame)
    net_ip4_chksum                           0x08018c39   Thumb Code    44  net_ip4.o(i.net_ip4_chksum)
    net_ip4_chksum_buf                       0x08018c65   Thumb Code     6  net_ip4.o(i.net_ip4_chksum_buf)
    net_ip4_find_route                       0x08018c6d   Thumb Code   104  net_ip4.o(i.net_ip4_find_route)
    net_ip4_get_local                        0x08018ced   Thumb Code    40  net_ip4.o(i.net_ip4_get_local)
    net_ip4_init                             0x08018d19   Thumb Code    22  net_ip4.o(i.net_ip4_init)
    net_ip4_is_onlink                        0x08018d3d   Thumb Code    32  net_ip4.o(i.net_ip4_is_onlink)
    net_ip4_is_subcast                       0x08018d5d   Thumb Code    38  net_ip4.o(i.net_ip4_is_subcast)
    net_ip4_reass_frame                      0x08018d83   Thumb Code    14  net_ip4.o(i.net_ip4_reass_frame)
    net_ip4_send_frame                       0x08018d91   Thumb Code   340  net_ip4.o(i.net_ip4_send_frame)
    net_ip4_tx_offl_hl                       0x08018ef5   Thumb Code    42  net_ip4.o(i.net_ip4_tx_offl_hl)
    net_ip4_uninit                           0x08018f21   Thumb Code    22  net_ip4.o(i.net_ip4_uninit)
    net_ip6_chk_frame                        0x08018f41   Thumb Code   236  net_ip6.o(i.net_ip6_chk_frame)
    net_ip6_chksum                           0x08019041   Thumb Code    50  net_ip6.o(i.net_ip6_chksum)
    net_ip6_collect_mcast                    0x08019075   Thumb Code   118  net_ip6.o(i.net_ip6_collect_mcast)
    net_ip6_find_route                       0x080190f1   Thumb Code    56  net_ip6.o(i.net_ip6_find_route)
    net_ip6_get_local                        0x08019139   Thumb Code    74  net_ip6.o(i.net_ip6_get_local)
    net_ip6_init                             0x0801918d   Thumb Code    20  net_ip6.o(i.net_ip6_init)
    net_ip6_send_frame                       0x080191a9   Thumb Code   192  net_ip6.o(i.net_ip6_send_frame)
    net_ip6_tx_offl_hl                       0x08019275   Thumb Code    30  net_ip6.o(i.net_ip6_tx_offl_hl)
    net_ip6_uninit                           0x08019295   Thumb Code    20  net_ip6.o(i.net_ip6_uninit)
    net_itoa                                 0x080192b1   Thumb Code     8  net_common.o(i.net_itoa)
    net_itoa_n0                              0x080192b9   Thumb Code     6  net_common.o(i.net_itoa_n0)
    net_loop_iface_init                      0x080192c1   Thumb Code    40  net_loopback.o(i.net_loop_iface_init)
    net_loop_iface_run                       0x080192f1   Thumb Code   176  net_loopback.o(i.net_loop_iface_run)
    net_loop_iface_uninit                    0x080193ad   Thumb Code    32  net_loopback.o(i.net_loop_iface_uninit)
    net_loop_send_frame                      0x080193d5   Thumb Code   104  net_loopback.o(i.net_loop_send_frame)
    net_mem_alloc                            0x08019445   Thumb Code   178  net_mem.o(i.net_mem_alloc)
    net_mem_avail                            0x08019505   Thumb Code    22  net_mem.o(i.net_mem_avail)
    net_mem_free                             0x08019521   Thumb Code   152  net_mem.o(i.net_mem_free)
    net_mem_init                             0x080195c5   Thumb Code    98  net_mem.o(i.net_mem_init)
    net_mem_shrink                           0x08019635   Thumb Code    62  net_mem.o(i.net_mem_shrink)
    net_nbns_client_init                     0x0801967d   Thumb Code    82  net_nbns_client.o(i.net_nbns_client_init)
    net_nbns_client_uninit                   0x080196e1   Thumb Code    42  net_nbns_client.o(i.net_nbns_client_uninit)
    net_ndp_cache_find                       0x08019719   Thumb Code   438  net_ndp.o(i.net_ndp_cache_find)
    net_ndp_cache_refresh                    0x080198dd   Thumb Code   112  net_ndp.o(i.net_ndp_cache_refresh)
    net_ndp_enqueue                          0x08019955   Thumb Code   108  net_ndp.o(i.net_ndp_enqueue)
    net_ndp_process                          0x080199c5   Thumb Code   872  net_ndp.o(i.net_ndp_process)
    net_path                                 0x08019d39   Thumb Code    52  net_sys.o(i.net_path)
    net_ping_client_init                     0x08019d71   Thumb Code    22  net_ping_core.o(i.net_ping_client_init)
    net_ping_client_run                      0x08019d91   Thumb Code   110  net_ping_core.o(i.net_ping_client_run)
    net_ping_client_uninit                   0x08019e11   Thumb Code    24  net_ping_core.o(i.net_ping_client_uninit)
    net_rand32                               0x08019e31   Thumb Code    18  net_sys.o(i.net_rand32)
    net_strcasecmp                           0x08019e4d   Thumb Code    46  net_common.o(i.net_strcasecmp)
    net_strchr                               0x08019e7b   Thumb Code    22  net_common.o(i.net_strchr)
    net_strcmp                               0x08019e91   Thumb Code    26  net_common.o(i.net_strcmp)
    net_strcpy                               0x08019eab   Thumb Code    18  net_common.o(i.net_strcpy)
    net_strnchr                              0x08019ebd   Thumb Code    28  net_common.o(i.net_strnchr)
    net_strncpy                              0x08019ed9   Thumb Code    26  net_common.o(i.net_strncpy)
    net_strtoupper                           0x08019ef3   Thumb Code    32  net_common.o(i.net_strtoupper)
    net_sys_lock                             0x08019f15   Thumb Code     8  net_sys.o(i.net_sys_lock)
    net_sys_resume                           0x08019f21   Thumb Code    22  net_sys.o(i.net_sys_resume)
    net_sys_tick                             0x08019f39   Thumb Code    16  net_sys.o(i.net_sys_tick)
    net_sys_unlock                           0x08019f4d   Thumb Code     8  net_sys.o(i.net_sys_unlock)
    net_sys_wakeup                           0x08019f59   Thumb Code    26  net_sys.o(i.net_sys_wakeup)
    net_tcp_abort                            0x08019f79   Thumb Code   122  net_tcp.o(i.net_tcp_abort)
    net_tcp_close                            0x08019ffd   Thumb Code   218  net_tcp.o(i.net_tcp_close)
    net_tcp_get_buf                          0x0801a0e1   Thumb Code    46  net_tcp.o(i.net_tcp_get_buf)
    net_tcp_get_local_port                   0x0801a111   Thumb Code    48  net_tcp.o(i.net_tcp_get_local_port)
    net_tcp_get_mss                          0x0801a145   Thumb Code    34  net_tcp.o(i.net_tcp_get_mss)
    net_tcp_get_peer                         0x0801a16d   Thumb Code    80  net_tcp.o(i.net_tcp_get_peer)
    net_tcp_get_socket                       0x0801a1c1   Thumb Code   104  net_tcp.o(i.net_tcp_get_socket)
    net_tcp_get_state                        0x0801a231   Thumb Code    40  net_tcp.o(i.net_tcp_get_state)
    net_tcp_get_timer                        0x0801a25d   Thumb Code    48  net_tcp.o(i.net_tcp_get_timer)
    net_tcp_listen                           0x0801a291   Thumb Code   168  net_tcp.o(i.net_tcp_listen)
    net_tcp_process                          0x0801a341   Thumb Code  1956  net_tcp.o(i.net_tcp_process)
    net_tcp_send                             0x0801aae9   Thumb Code   336  net_tcp.o(i.net_tcp_send)
    net_tcp_set_option                       0x0801ac45   Thumb Code   288  net_tcp.o(i.net_tcp_set_option)
    net_tcp_socket_init                      0x0801ad71   Thumb Code    30  net_tcp.o(i.net_tcp_socket_init)
    net_tcp_socket_run                       0x0801ad99   Thumb Code   938  net_tcp.o(i.net_tcp_socket_run)
    net_tcp_socket_uninit                    0x0801b159   Thumb Code    30  net_tcp.o(i.net_tcp_socket_uninit)
    net_udp_get_buf                          0x0801b181   Thumb Code    46  net_udp.o(i.net_udp_get_buf)
    net_udp_get_socket                       0x0801b1b1   Thumb Code   102  net_udp.o(i.net_udp_get_socket)
    net_udp_open                             0x0801b221   Thumb Code   160  net_udp.o(i.net_udp_open)
    net_udp_process                          0x0801b2cd   Thumb Code   322  net_udp.o(i.net_udp_process)
    net_udp_send_if                          0x0801b425   Thumb Code   540  net_udp.o(i.net_udp_send_if)
    net_udp_socket_init                      0x0801b651   Thumb Code    30  net_udp.o(i.net_udp_socket_init)
    net_udp_socket_uninit                    0x0801b675   Thumb Code    28  net_udp.o(i.net_udp_socket_uninit)
    net_ultoa                                0x0801b699   Thumb Code     8  net_common.o(i.net_ultoa)
    net_ultox                                0x0801b6a1   Thumb Code    44  net_common.o(i.net_ultox)
    net_xtoul                                0x0801b6d1   Thumb Code    76  net_common.o(i.net_xtoul)
    app_main_attr                            0x0801c20c   Data          36  http_server.o(.constdata)
    imageLastModified                        0x0801c230   Data           4  web.o(.constdata)
    Arial12x12                               0x08022c30   Data        2400  lcd_1.o(.constdata)
    irqRtxLib                                0x080235c0   Data           1  irq_armv7m.o(.constdata)
    irqRtxLibRef                             0x08023624   Data           4  rtx_lib.o(.constdata)
    osRtxUserSVC                             0x08023628   Data           4  rtx_lib.o(.constdata)
    Driver_ETH_PHY0                          0x08023630   Data          32  phy_lan8742a.o(.constdata)
    Driver_ETH_MAC0                          0x080236a0   Data          68  emac_stm32f4xx.o(.constdata)
    Driver_SPI1                              0x08023738   Data          44  spi_stm32f4xx.o(.constdata)
    EventRecorderInfo                        0x08023764   Data          24  eventrecorder.o(.constdata)
    AHBPrescTable                            0x08023784   Data          16  system_stm32f4xx.o(.constdata)
    APBPrescTable                            0x08023794   Data           8  system_stm32f4xx.o(.constdata)
    net_sys_config                           0x08023824   Data          28  net_config.o(.constdata)
    net_eth0_if_config                       0x08023898   Data          44  net_config.o(.constdata)
    net_eth_list                             0x080238e4   Data           8  net_config.o(.constdata)
    net_if_list_lan                          0x080238ec   Data           8  net_config.o(.constdata)
    net_if_list_all                          0x080238f4   Data           8  net_config.o(.constdata)
    net_if_inet_def                          0x080238fc   Data           8  net_config.o(.constdata)
    net_if_link_def                          0x08023904   Data           8  net_config.o(.constdata)
    net_arp_list                             0x0802390c   Data           8  net_config.o(.constdata)
    net_icmp_list                            0x08023914   Data           8  net_config.o(.constdata)
    net_igmp_list                            0x0802391c   Data           8  net_config.o(.constdata)
    net_ndp_list                             0x08023924   Data           4  net_config.o(.constdata)
    net_icmp6_list                           0x08023928   Data           4  net_config.o(.constdata)
    net_udp_config                           0x0802392c   Data          12  net_config.o(.constdata)
    net_tcp_config                           0x08023938   Data          24  net_config.o(.constdata)
    net_http_config                          0x08023950   Data          52  net_config.o(.constdata)
    net_sys_fn_uninit                        0x080239cc   Data          40  net_config.o(.constdata)
    netif_getopt_func                        0x080239f4   Data          16  net_config.o(.constdata)
    netif_setopt_func                        0x08023a04   Data          16  net_config.o(.constdata)
    net_loop_if_config                       0x08023a1c   Data          44  net_loopback.o(.constdata)
    net_http_auth_basic_func                 0x08023b58   Data          24  net_http_server_auth.o(.constdata)
    net_ping_payload                         0x08023b70   Data          18  net_ping_core.o(.constdata)
    net_addr_unspec                          0x08023b82   Data          16  net_addr.o(.constdata)
    net_addr_bcast                           0x08023b92   Data           6  net_addr.o(.constdata)
    net_addr4_loopback                       0x08023b98   Data           4  net_ip4.o(.constdata)
    net_addr6_all_nodes                      0x08023b9c   Data          16  net_ip6.o(.constdata)
    net_addr6_loopback                       0x08023bac   Data          16  net_ip6.o(.constdata)
    net_http_error                           0x08023bbc   Data          24  net_http_server_err.o(.constdata)
    net_lib_version                          0x08023c74   Data           4  net_version.o(.constdata)
    network_ip4ip6_debug_v7.15.0             0x08023c74   Data           4  net_version.o(.constdata)
    osRtxConfig                              0x08024048   Data         112  rtx_lib.o(.rodata)
    os_cb_sections                           0x080240b8   Data          56  rtx_lib.o(.rodata)
    Region$$Table$$Base                      0x080240f0   Number         0  anon$$obj.o(Region$$Table)
    Region$$Table$$Limit                     0x08024120   Number         0  anon$$obj.o(Region$$Table)
    .bss.os.msgqueue.cb$$Base                0x20008044   Number         0  rtx_lib.o(.bss.os.msgqueue.cb)
    .bss.os.msgqueue.cb$$Limit               0x20008078   Number         0  rtx_lib.o(.bss.os.msgqueue.cb)
    .bss.os.mutex.cb$$Base                   0x200080c8   Number         0  net_config.o(.bss.os.mutex.cb)
    .bss.os.mutex.cb$$Limit                  0x20008100   Number         0  net_config.o(.bss.os.mutex.cb)
    .bss.os.semaphore.cb$$Base               0x20008100   Number         0  net_config.o(.bss.os.semaphore.cb)
    .bss.os.semaphore.cb$$Limit              0x20008110   Number         0  net_config.o(.bss.os.semaphore.cb)
    .bss.os.thread.cb$$Base                  0x20008110   Number         0  rtx_lib.o(.bss.os.thread.cb)
    .bss.os.thread.cb$$Limit                 0x20008220   Number         0  net_config.o(.bss.os.thread.cb)
    .bss.os.timer.cb$$Base                   0x20008620   Number         0  net_config.o(.bss.os.timer.cb)
    .bss.os.timer.cb$$Limit                  0x20008640   Number         0  net_config.o(.bss.os.timer.cb)
    lcd_text                                 0x20008644   Data          42  http_server.o(.data)
    modo_leds                                0x2000866e   Data           1  http_server.o(.data)
    TID_Display                              0x20008670   Data           4  http_server.o(.data)
    TID_Led                                  0x20008674   Data           4  http_server.o(.data)
    TID_Rtc                                  0x20008678   Data           4  http_server.o(.data)
    TID_Alarma                               0x2000867c   Data           4  http_server.o(.data)
    voltage                                  0x20008680   Data           4  http_server.o(.data)
    SPIdrv                                   0x20008694   Data           4  lcd_1.o(.data)
    tid_Thread_LCD                           0x20008698   Data           4  lcd_1.o(.data)
    colaLCD_L1                               0x2000869c   Data           4  lcd_1.o(.data)
    colaLCD_L2                               0x200086a0   Data           4  lcd_1.o(.data)
    mid_MsgQueueADC                          0x200086a4   Data           4  adc.o(.data)
    tid_Thread_adc                           0x200086a8   Data           4  adc.o(.data)
    newVoltage                               0x200086ac   Data           4  adc.o(.data)
    voltaje                                  0x200086b0   Data           4  adc.o(.data)
    TestADC                                  0x200086b4   Data           1  adc.o(.data)
    tid_Th_ADC_Test                          0x200086b8   Data           4  adc.o(.data)
    date                                     0x200086bc   Data           4  rtc_1.o(.data)
    uwTick                                   0x200086c0   Data           4  stm32f4xx_hal.o(.data)
    uwTickPrio                               0x200086c4   Data           4  stm32f4xx_hal.o(.data)
    uwTickFreq                               0x200086c8   Data           1  stm32f4xx_hal.o(.data)
    SystemCoreClock                          0x200086cc   Data           4  system_stm32f4xx.o(.data)
    net_eth0_igmp_control                    0x200086de   Data           4  net_igmp.o(.data)
    net_eth0_icmp_control                    0x200086e8   Data           1  net_icmp.o(.data)
    osRtxInfo                                0x2000870c   Data         164  rtx_kernel.o(.data.os)
    app_main_stk                             0x200087b0   Data        1024  http_server.o(.bss)
    adchandle                                0x20008bb0   Data          72  http_server.o(.bss)
    htim7                                    0x20008c30   Data          64  lcd_1.o(.bss)
    hrtc                                     0x20008e70   Data          32  rtc_1.o(.bss)
    aShowDate                                0x20008e90   Data          80  rtc_1.o(.bss)
    aShowTime                                0x20008ee0   Data          80  rtc_1.o(.bss)
    time                                     0x20008f30   Data          20  rtc_1.o(.bss)
    net_eth0_if_control                      0x2000eff8   Data         160  net_eth.o(.bss)
    net_eth0_arp_control                     0x2000f098   Data          24  net_arp.o(.bss)
    net_http_control                         0x2000f150   Data          20  net_http_server.o(.bss)
    net_ping_control                         0x2000f164   Data          44  net_ping_core.o(.bss)
    net_sys_control                          0x2000f1a0   Data          28  net_sys.o(.bss)
    net_dbg_buf                              0x2000f1c8   Data          36  net_sys.o(.bss)
    __initial_sp                             0x2000f660   Data           0  startup_stm32f429xx.o(STACK)



==============================================================================

Memory Map of the image

  Image Entry point : 0x080001ad

  Load Region LR_IROM1 (Base: 0x08000000, Size: 0x0002c8d0, Max: 0x00200000, ABSOLUTE, COMPRESSED[0x00024258])

    Execution Region ER_IROM1 (Exec base: 0x08000000, Load base: 0x08000000, Size: 0x00024120, Max: 0x00200000, ABSOLUTE)

    Exec Addr    Load Addr    Size         Type   Attr      Idx    E Section Name        Object

    0x08000000   0x08000000   0x000001ac   Data   RO         1563    RESET               startup_stm32f429xx.o
    0x080001ac   0x080001ac   0x00000000   Code   RO         2640  * .ARM.Collect$$$$00000000  mc_w.l(entry.o)
    0x080001ac   0x080001ac   0x00000004   Code   RO         2934    .ARM.Collect$$$$00000001  mc_w.l(entry2.o)
    0x080001b0   0x080001b0   0x00000004   Code   RO         2937    .ARM.Collect$$$$00000004  mc_w.l(entry5.o)
    0x080001b4   0x080001b4   0x00000000   Code   RO         2939    .ARM.Collect$$$$00000008  mc_w.l(entry7b.o)
    0x080001b4   0x080001b4   0x00000000   Code   RO         2941    .ARM.Collect$$$$0000000A  mc_w.l(entry8b.o)
    0x080001b4   0x080001b4   0x00000008   Code   RO         2942    .ARM.Collect$$$$0000000B  mc_w.l(entry9a.o)
    0x080001bc   0x080001bc   0x00000004   Code   RO         2949    .ARM.Collect$$$$0000000E  mc_w.l(entry12b.o)
    0x080001c0   0x080001c0   0x00000000   Code   RO         2944    .ARM.Collect$$$$0000000F  mc_w.l(entry10a.o)
    0x080001c0   0x080001c0   0x00000000   Code   RO         2946    .ARM.Collect$$$$00000011  mc_w.l(entry11a.o)
    0x080001c0   0x080001c0   0x00000004   Code   RO         2935    .ARM.Collect$$$$00002712  mc_w.l(entry2.o)
    0x080001c4   0x080001c4   0x00000148   Code   RO          710    .emb_text           rtx_mempool.o
    0x0800030c   0x0800030c   0x00000148   Code   RO          741    .emb_text           rtx_msgqueue.o
    0x08000454   0x08000454   0x00000148   Code   RO          806    .emb_text           rtx_semaphore.o
    0x0800059c   0x0800059c   0x00000148   Code   RO          837    .emb_text           rtx_system.o
    0x080006e4   0x080006e4   0x00000148   Code   RO          871    .emb_text           rtx_thread.o
    0x0800082c   0x0800082c   0x00000074   Code   RO         1086    .emb_text           eventrecorder.o
    0x080008a0   0x080008a0   0x00000138   Code   RO            4    .text               main.o
    0x080009d8   0x080009d8   0x000001d0   Code   RO          157    .text               http_server.o
    0x08000ba8   0x08000ba8   0x00000828   Code   RO          223    .text               http_server_cgi.o
    0x080013d0   0x080013d0   0x00000088   Code   RO          262    .text               web.o
    0x08001458   0x08001458   0x00000158   Code   RO          280    .text               leds_1.o
    0x080015b0   0x080015b0   0x00000534   Code   RO          306    .text               lcd_1.o
    0x08001ae4   0x08001ae4   0x0000021c   Code   RO          346    .text               adc.o
    0x08001d00   0x08001d00   0x000001c8   Code   RO          373    .text               rtc_1.o
    0x08001ec8   0x08001ec8   0x00000094   Code   RO          458    .text               irq_armv7m.o
    0x08001f5c   0x08001f5c   0x0000011c   Code   RO          466    .text               rtx_delay.o
    0x08002078   0x08002078   0x00000dd8   Code   RO          564    .text               rtx_evr.o
    0x08002e50   0x08002e50   0x000008b0   Code   RO          589    .text               rtx_kernel.o
    0x08003700   0x08003700   0x00000018   Code   RO          637    .text               rtx_lib.o
    0x08003718   0x08003718   0x000001de   Code   RO          680    .text               rtx_memory.o
    0x080038f6   0x080038f6   0x00000002   PAD
    0x080038f8   0x080038f8   0x000007a4   Code   RO          711    .text               rtx_mempool.o
    0x0800409c   0x0800409c   0x00000b88   Code   RO          742    .text               rtx_msgqueue.o
    0x08004c24   0x08004c24   0x00000644   Code   RO          776    .text               rtx_mutex.o
    0x08005268   0x08005268   0x00000532   Code   RO          807    .text               rtx_semaphore.o
    0x0800579a   0x0800579a   0x00000002   PAD
    0x0800579c   0x0800579c   0x000001bc   Code   RO          838    .text               rtx_system.o
    0x08005958   0x08005958   0x0000156c   Code   RO          872    .text               rtx_thread.o
    0x08006ec4   0x08006ec4   0x00000538   Code   RO          906    .text               rtx_timer.o
    0x080073fc   0x080073fc   0x000000dc   Code   RO          936    .text               os_systick.o
    0x080074d8   0x080074d8   0x00000024   Code   RO          962    .text               rtx_config.o
    0x080074fc   0x080074fc   0x00000224   Code   RO          983    .text               phy_lan8742a.o
    0x08007720   0x08007720   0x00000d0c   Code   RO         1010    .text               emac_stm32f4xx.o
    0x0800842c   0x0800842c   0x00001014   Code   RO         1051    .text               spi_stm32f4xx.o
    0x08009440   0x08009440   0x000005f8   Code   RO         1087    .text               eventrecorder.o
    0x08009a38   0x08009a38   0x00000210   Code   RO         1121    .text               stm32f4xx_hal.o
    0x08009c48   0x08009c48   0x00000ca8   Code   RO         1151    .text               stm32f4xx_hal_adc.o
    0x0800a8f0   0x0800a8f0   0x00000894   Code   RO         1175    .text               stm32f4xx_hal_adc_ex.o
    0x0800b184   0x0800b184   0x00000384   Code   RO         1199    .text               stm32f4xx_hal_cortex.o
    0x0800b508   0x0800b508   0x000008b0   Code   RO         1227    .text               stm32f4xx_hal_dma.o
    0x0800bdb8   0x0800bdb8   0x000003e4   Code   RO         1276    .text               stm32f4xx_hal_gpio.o
    0x0800c19c   0x0800c19c   0x000001dc   Code   RO         1300    .text               stm32f4xx_hal_pwr.o
    0x0800c378   0x0800c378   0x00000934   Code   RO         1348    .text               stm32f4xx_hal_rcc.o
    0x0800ccac   0x0800ccac   0x00000734   Code   RO         1372    .text               stm32f4xx_hal_rcc_ex.o
    0x0800d3e0   0x0800d3e0   0x00000b78   Code   RO         1396    .text               stm32f4xx_hal_rtc.o
    0x0800df58   0x0800df58   0x00000de6   Code   RO         1420    .text               stm32f4xx_hal_rtc_ex.o
    0x0800ed3e   0x0800ed3e   0x00000002   PAD
    0x0800ed40   0x0800ed40   0x00002b72   Code   RO         1492    .text               stm32f4xx_hal_tim.o
    0x080118b2   0x080118b2   0x00000002   PAD
    0x080118b4   0x080118b4   0x00000e84   Code   RO         1516    .text               stm32f4xx_hal_tim_ex.o
    0x08012738   0x08012738   0x00000024   Code   RO         1564    .text               startup_stm32f429xx.o
    0x0801275c   0x0801275c   0x000000cc   Code   RO         1571    .text               system_stm32f4xx.o
    0x08012828   0x08012828   0x0000016c   Code   RO         1599    .text               net_config.o
    0x08012994   0x08012994   0x00000150   Code   RO         1648    .text               net_debug.o
    0x08012ae4   0x08012ae4   0x00000062   Code   RO         2643    .text               mc_w.l(uldiv.o)
    0x08012b46   0x08012b46   0x00000024   Code   RO         2645    .text               mc_w.l(memcpya.o)
    0x08012b6a   0x08012b6a   0x00000024   Code   RO         2647    .text               mc_w.l(memseta.o)
    0x08012b8e   0x08012b8e   0x0000000e   Code   RO         2649    .text               mc_w.l(strlen.o)
    0x08012b9c   0x08012b9c   0x0000001c   Code   RO         2651    .text               mc_w.l(strcmp.o)
    0x08012bb8   0x08012bb8   0x0000001a   Code   RO         2653    .text               mc_w.l(memcmp.o)
    0x08012bd2   0x08012bd2   0x00000012   Code   RO         2655    .text               mc_w.l(strcpy.o)
    0x08012be4   0x08012be4   0x0000001e   Code   RO         2657    .text               mc_w.l(strncmp.o)
    0x08012c02   0x08012c02   0x00000064   Code   RO         2922    .text               mf_w.l(fmul.o)
    0x08012c66   0x08012c66   0x0000007c   Code   RO         2924    .text               mf_w.l(fdiv.o)
    0x08012ce2   0x08012ce2   0x000000e4   Code   RO         2926    .text               mf_w.l(dmul.o)
    0x08012dc6   0x08012dc6   0x0000000a   Code   RO         2928    .text               mf_w.l(ffltui.o)
    0x08012dd0   0x08012dd0   0x0000003e   Code   RO         2930    .text               mf_w.l(dfixi.o)
    0x08012e0e   0x08012e0e   0x00000026   Code   RO         2932    .text               mf_w.l(f2d.o)
    0x08012e34   0x08012e34   0x0000002c   Code   RO         2953    .text               mc_w.l(uidiv.o)
    0x08012e60   0x08012e60   0x0000001e   Code   RO         2955    .text               mc_w.l(llshl.o)
    0x08012e7e   0x08012e7e   0x00000020   Code   RO         2957    .text               mc_w.l(llushr.o)
    0x08012e9e   0x08012e9e   0x00000000   Code   RO         2959    .text               mc_w.l(iusefp.o)
    0x08012e9e   0x08012e9e   0x0000006e   Code   RO         2960    .text               mf_w.l(fepilogue.o)
    0x08012f0c   0x08012f0c   0x000000ba   Code   RO         2962    .text               mf_w.l(depilogue.o)
    0x08012fc6   0x08012fc6   0x0000014e   Code   RO         2964    .text               mf_w.l(dadd.o)
    0x08013114   0x08013114   0x000000de   Code   RO         2966    .text               mf_w.l(ddiv.o)
    0x080131f2   0x080131f2   0x00000030   Code   RO         2968    .text               mf_w.l(dfixul.o)
    0x08013222   0x08013222   0x00000002   PAD
    0x08013224   0x08013224   0x00000030   Code   RO         2970    .text               mf_w.l(cdrcmple.o)
    0x08013254   0x08013254   0x00000024   Code   RO         2972    .text               mc_w.l(init.o)
    0x08013278   0x08013278   0x00000024   Code   RO         2975    .text               mc_w.l(llsshr.o)
    0x0801329c   0x0801329c   0x00000056   Code   RO         2985    .text               mc_w.l(__dczerorl2.o)
    0x080132f2   0x080132f2   0x00000002   PAD
    0x080132f4   0x080132f4   0x00000028   Code   RO         2896    i.__0sprintf        mc_w.l(printfa.o)
    0x0801331c   0x0801331c   0x0000000e   Code   RO         2979    i.__scatterload_copy  mc_w.l(handlers.o)
    0x0801332a   0x0801332a   0x00000002   Code   RO         2980    i.__scatterload_null  mc_w.l(handlers.o)
    0x0801332c   0x0801332c   0x0000000e   Code   RO         2981    i.__scatterload_zeroinit  mc_w.l(handlers.o)
    0x0801333a   0x0801333a   0x00000002   PAD
    0x0801333c   0x0801333c   0x00000184   Code   RO         2901    i._fp_digits        mc_w.l(printfa.o)
    0x080134c0   0x080134c0   0x000006b4   Code   RO         2902    i._printf_core      mc_w.l(printfa.o)
    0x08013b74   0x08013b74   0x00000024   Code   RO         2903    i._printf_post_padding  mc_w.l(printfa.o)
    0x08013b98   0x08013b98   0x0000002e   Code   RO         2904    i._printf_pre_padding  mc_w.l(printfa.o)
    0x08013bc6   0x08013bc6   0x0000000a   Code   RO         2906    i._sputc            mc_w.l(printfa.o)
    0x08013bd0   0x08013bd0   0x00000054   Code   RO         2066    i.add_server_id     Net_Dbg_CM3_L.lib(net_http_server.o)
    0x08013c24   0x08013c24   0x0000005c   Code   RO         1734    i.arp_cache_alloc   Net_Dbg_CM3_L.lib(net_arp.o)
    0x08013c80   0x08013c80   0x00000170   Code   RO         1735    i.arp_cache_run     Net_Dbg_CM3_L.lib(net_arp.o)
    0x08013df0   0x08013df0   0x00000038   Code   RO         1736    i.arp_is_cacheable  Net_Dbg_CM3_L.lib(net_arp.o)
    0x08013e28   0x08013e28   0x00000088   Code   RO         1737    i.arp_probe_run     Net_Dbg_CM3_L.lib(net_arp.o)
    0x08013eb0   0x08013eb0   0x000000d8   Code   RO         1739    i.arp_proc_response  Net_Dbg_CM3_L.lib(net_arp.o)
    0x08013f88   0x08013f88   0x0000001a   Code   RO         1740    i.arp_que_free      Net_Dbg_CM3_L.lib(net_arp.o)
    0x08013fa2   0x08013fa2   0x00000002   PAD
    0x08013fa4   0x08013fa4   0x000000a0   Code   RO         1741    i.arp_send_reply    Net_Dbg_CM3_L.lib(net_arp.o)
    0x08014044   0x08014044   0x000000d0   Code   RO         1742    i.arp_send_request  Net_Dbg_CM3_L.lib(net_arp.o)
    0x08014114   0x08014114   0x00000068   Code   RO         1743    i.arp_sender_valid  Net_Dbg_CM3_L.lib(net_arp.o)
    0x0801417c   0x0801417c   0x0000018c   Code   RO         2067    i.chk_post_req      Net_Dbg_CM3_L.lib(net_http_server.o)
    0x08014308   0x08014308   0x00000028   Code   RO         2554    i.crc32_8bit        Net_Dbg_CM3_L.lib(net_common.o)
    0x08014330   0x08014330   0x0000009a   Code   RO         1678    i.eth_check_link    Net_Dbg_CM3_L.lib(net_eth.o)
    0x080143ca   0x080143ca   0x00000002   PAD
    0x080143cc   0x080143cc   0x00000020   Code   RO         1679    i.eth_if_map        Net_Dbg_CM3_L.lib(net_eth.o)
    0x080143ec   0x080143ec   0x00000304   Code   RO         1680    i.eth_iface_init    Net_Dbg_CM3_L.lib(net_eth.o)
    0x080146f0   0x080146f0   0x00000290   Code   RO         1681    i.eth_iface_run     Net_Dbg_CM3_L.lib(net_eth.o)
    0x08014980   0x08014980   0x0000007c   Code   RO         1682    i.eth_iface_uninit  Net_Dbg_CM3_L.lib(net_eth.o)
    0x080149fc   0x080149fc   0x00000008   Code   RO         1683    i.eth_lock          Net_Dbg_CM3_L.lib(net_eth.o)
    0x08014a04   0x08014a04   0x0000001c   Code   RO         1684    i.eth_mtu_limit     Net_Dbg_CM3_L.lib(net_eth.o)
    0x08014a20   0x08014a20   0x00000048   Code   RO         1685    i.eth_opt_len       Net_Dbg_CM3_L.lib(net_eth.o)
    0x08014a68   0x08014a68   0x00000088   Code   RO         1686    i.eth_receive       Net_Dbg_CM3_L.lib(net_eth.o)
    0x08014af0   0x08014af0   0x00000008   Code   RO         1687    i.eth_unlock        Net_Dbg_CM3_L.lib(net_eth.o)
    0x08014af8   0x08014af8   0x00000028   Code   RO         2068    i.get_next_field    Net_Dbg_CM3_L.lib(net_http_server.o)
    0x08014b20   0x08014b20   0x00000032   Code   RO         2069    i.get_next_par      Net_Dbg_CM3_L.lib(net_http_server.o)
    0x08014b52   0x08014b52   0x00000022   Code   RO         2070    i.hex2byte          Net_Dbg_CM3_L.lib(net_http_server.o)
    0x08014b74   0x08014b74   0x0000036c   Code   RO         2071    i.http_add_header   Net_Dbg_CM3_L.lib(net_http_server.o)
    0x08014ee0   0x08014ee0   0x00000050   Code   RO         2191    i.http_auth_basic_add  Net_Dbg_CM3_L.lib(net_http_server_auth.o)
    0x08014f30   0x08014f30   0x00000090   Code   RO         2192    i.http_auth_basic_parse  Net_Dbg_CM3_L.lib(net_http_server_auth.o)
    0x08014fc0   0x08014fc0   0x00000002   Code   RO         2198    i.http_auth_dummy   Net_Dbg_CM3_L.lib(net_http_server_auth.o)
    0x08014fc2   0x08014fc2   0x00000002   PAD
    0x08014fc4   0x08014fc4   0x00000024   Code   RO         2199    i.http_auth_init    Net_Dbg_CM3_L.lib(net_http_server_auth.o)
    0x08014fe8   0x08014fe8   0x000001cc   Code   RO         2072    i.http_error_msg    Net_Dbg_CM3_L.lib(net_http_server.o)
    0x080151b4   0x080151b4   0x00000078   Code   RO         2073    i.http_get_ftype    Net_Dbg_CM3_L.lib(net_http_server.o)
    0x0801522c   0x0801522c   0x0000005e   Code   RO         2074    i.http_kill_session  Net_Dbg_CM3_L.lib(net_http_server.o)
    0x0801528a   0x0801528a   0x00000002   PAD
    0x0801528c   0x0801528c   0x000002a8   Code   RO         2075    i.http_listener     Net_Dbg_CM3_L.lib(net_http_server.o)
    0x08015534   0x08015534   0x00000184   Code   RO         2076    i.http_open_file    Net_Dbg_CM3_L.lib(net_http_server.o)
    0x080156b8   0x080156b8   0x0000011c   Code   RO         2077    i.http_parse_header  Net_Dbg_CM3_L.lib(net_http_server.o)
    0x080157d4   0x080157d4   0x000001a8   Code   RO         2078    i.http_proc_multipart  Net_Dbg_CM3_L.lib(net_http_server.o)
    0x0801597c   0x0801597c   0x00000138   Code   RO         2079    i.http_proc_post    Net_Dbg_CM3_L.lib(net_http_server.o)
    0x08015ab4   0x08015ab4   0x00000468   Code   RO         2080    i.http_server_run   Net_Dbg_CM3_L.lib(net_http_server.o)
    0x08015f1c   0x08015f1c   0x00000060   Code   RO         2081    i.http_server_start  Net_Dbg_CM3_L.lib(net_http_server.o)
    0x08015f7c   0x08015f7c   0x00000020   Code   RO         2083    i.http_strcpy       Net_Dbg_CM3_L.lib(net_http_server.o)
    0x08015f9c   0x08015f9c   0x000000ac   Code   RO         2084    i.http_to_utc       Net_Dbg_CM3_L.lib(net_http_server.o)
    0x08016048   0x08016048   0x0000001a   Code   RO         2555    i.i2str             Net_Dbg_CM3_L.lib(net_common.o)
    0x08016062   0x08016062   0x00000002   PAD
    0x08016064   0x08016064   0x0000009c   Code   RO         1801    i.igmp_host_run     Net_Dbg_CM3_L.lib(net_igmp.o)
    0x08016100   0x08016100   0x00000024   Code   RO         1802    i.igmp_map_group    Net_Dbg_CM3_L.lib(net_igmp.o)
    0x08016124   0x08016124   0x00000070   Code   RO         1803    i.igmp_send_report  Net_Dbg_CM3_L.lib(net_igmp.o)
    0x08016194   0x08016194   0x0000000c   Code   RO         2432    i.ip4_get_chksum    Net_Dbg_CM3_L.lib(net_ip4.o)
    0x080161a0   0x080161a0   0x00000028   Code   RO         2433    i.ip4_get_mtu       Net_Dbg_CM3_L.lib(net_ip4.o)
    0x080161c8   0x080161c8   0x00000040   Code   RO         2295    i.ip4_ntoa          Net_Dbg_CM3_L.lib(net_addr.o)
    0x08016208   0x08016208   0x000000ca   Code   RO         2296    i.ip6_ntoa          Net_Dbg_CM3_L.lib(net_addr.o)
    0x080162d2   0x080162d2   0x00000002   PAD
    0x080162d4   0x080162d4   0x0000000c   Code   RO         2531    i.mem_lock          Net_Dbg_CM3_L.lib(net_mem.o)
    0x080162e0   0x080162e0   0x0000000c   Code   RO         2532    i.mem_unlock        Net_Dbg_CM3_L.lib(net_mem.o)
    0x080162ec   0x080162ec   0x000001a4   Code   RO         2052    i.nbns_listener     Net_Dbg_CM3_L.lib(net_nbns_client.o)
    0x08016490   0x08016490   0x00000120   Code   RO         2362    i.ndp_cache_add     Net_Dbg_CM3_L.lib(net_ndp.o)
    0x080165b0   0x080165b0   0x00000072   Code   RO         2363    i.ndp_cache_alloc   Net_Dbg_CM3_L.lib(net_ndp.o)
    0x08016622   0x08016622   0x00000002   PAD
    0x08016624   0x08016624   0x00000078   Code   RO         2364    i.ndp_cache_delete  Net_Dbg_CM3_L.lib(net_ndp.o)
    0x0801669c   0x0801669c   0x0000002c   Code   RO         2366    i.ndp_check_frame   Net_Dbg_CM3_L.lib(net_ndp.o)
    0x080166c8   0x080166c8   0x00000012   Code   RO         2367    i.ndp_next_opt      Net_Dbg_CM3_L.lib(net_ndp.o)
    0x080166da   0x080166da   0x00000002   PAD
    0x080166dc   0x080166dc   0x000000e4   Code   RO         2368    i.ndp_prefix_add    Net_Dbg_CM3_L.lib(net_ndp.o)
    0x080167c0   0x080167c0   0x000000fc   Code   RO         2371    i.ndp_proc_response  Net_Dbg_CM3_L.lib(net_ndp.o)
    0x080168bc   0x080168bc   0x0000001a   Code   RO         2372    i.ndp_que_free      Net_Dbg_CM3_L.lib(net_ndp.o)
    0x080168d6   0x080168d6   0x00000002   PAD
    0x080168d8   0x080168d8   0x00000038   Code   RO         2373    i.ndp_router_remove  Net_Dbg_CM3_L.lib(net_ndp.o)
    0x08016910   0x08016910   0x0000009c   Code   RO         2374    i.ndp_send_reply    Net_Dbg_CM3_L.lib(net_ndp.o)
    0x080169ac   0x080169ac   0x000000bc   Code   RO         2375    i.ndp_send_request  Net_Dbg_CM3_L.lib(net_ndp.o)
    0x08016a68   0x08016a68   0x00000004   Code   RO         2085    i.netCGI_Charset    Net_Dbg_CM3_L.lib(net_http_server.o)
    0x08016a6c   0x08016a6c   0x00000004   Code   RO         2086    i.netCGI_ContentType  Net_Dbg_CM3_L.lib(net_http_server.o)
    0x08016a70   0x08016a70   0x00000004   Code   RO         2087    i.netCGI_CustomHeader  Net_Dbg_CM3_L.lib(net_http_server.o)
    0x08016a74   0x08016a74   0x0000006c   Code   RO         2088    i.netCGI_GetEnvVar  Net_Dbg_CM3_L.lib(net_http_server.o)
    0x08016ae0   0x08016ae0   0x00000004   Code   RO         2091    i.netCGI_Redirect   Net_Dbg_CM3_L.lib(net_http_server.o)
    0x08016ae4   0x08016ae4   0x00000004   Code   RO         2093    i.netCGX_ContentType  Net_Dbg_CM3_L.lib(net_http_server.o)
    0x08016ae8   0x08016ae8   0x00000064   Code   RO         2245    i.netCore_Thread    Net_Dbg_CM3_L.lib(net_sys.o)
    0x08016b4c   0x08016b4c   0x00000002   Code   RO         1688    i.netETH_Notify     Net_Dbg_CM3_L.lib(net_eth.o)
    0x08016b4e   0x08016b4e   0x00000002   Code   RO         1689    i.netETH_ReceiveRaw  Net_Dbg_CM3_L.lib(net_eth.o)
    0x08016b50   0x08016b50   0x00000072   Code   RO         1691    i.netETH_Thread     Net_Dbg_CM3_L.lib(net_eth.o)
    0x08016bc2   0x08016bc2   0x00000004   Code   RO         2094    i.netHTTPs_AcceptClient  Net_Dbg_CM3_L.lib(net_http_server.o)
    0x08016bc6   0x08016bc6   0x00000004   Code   RO         2200    i.netHTTPs_CheckAccount  Net_Dbg_CM3_L.lib(net_http_server_auth.o)
    0x08016bca   0x08016bca   0x00000004   Code   RO         2096    i.netHTTPs_FileAccess  Net_Dbg_CM3_L.lib(net_http_server.o)
    0x08016bce   0x08016bce   0x00000002   PAD
    0x08016bd0   0x08016bd0   0x00000020   Code   RO         2099    i.netHTTPs_GetLanguage  Net_Dbg_CM3_L.lib(net_http_server.o)
    0x08016bf0   0x08016bf0   0x0000000c   Code   RO         2100    i.netHTTPs_GetPassword  Net_Dbg_CM3_L.lib(net_http_server.o)
    0x08016bfc   0x08016bfc   0x0000000c   Code   RO         2106    i.netHTTPs_LoginActive  Net_Dbg_CM3_L.lib(net_http_server.o)
    0x08016c08   0x08016c08   0x00000058   Code   RO         2109    i.netHTTPs_SetPassword  Net_Dbg_CM3_L.lib(net_http_server.o)
    0x08016c60   0x08016c60   0x00000088   Code   RO         2246    i.netIF_GetOption   Net_Dbg_CM3_L.lib(net_sys.o)
    0x08016ce8   0x08016ce8   0x00000084   Code   RO         2248    i.netIF_SetOption   Net_Dbg_CM3_L.lib(net_sys.o)
    0x08016d6c   0x08016d6c   0x0000001a   Code   RO         2298    i.netIP_aton        Net_Dbg_CM3_L.lib(net_addr.o)
    0x08016d86   0x08016d86   0x00000032   Code   RO         2299    i.netIP_ntoa        Net_Dbg_CM3_L.lib(net_addr.o)
    0x08016db8   0x08016db8   0x000000ac   Code   RO         2249    i.netInitialize     Net_Dbg_CM3_L.lib(net_sys.o)
    0x08016e64   0x08016e64   0x0000008c   Code   RO         2300    i.netMAC_aton       Net_Dbg_CM3_L.lib(net_addr.o)
    0x08016ef0   0x08016ef0   0x00000004   Code   RO         1933    i.netTCP_GetLocalPort  Net_Dbg_CM3_L.lib(net_tcp.o)
    0x08016ef4   0x08016ef4   0x00000020   Code   RO         1935    i.netTCP_GetPeer    Net_Dbg_CM3_L.lib(net_tcp.o)
    0x08016f14   0x08016f14   0x00000004   Code   RO         1937    i.netTCP_GetState   Net_Dbg_CM3_L.lib(net_tcp.o)
    0x08016f18   0x08016f18   0x00000004   Code   RO         1938    i.netTCP_GetTimer   Net_Dbg_CM3_L.lib(net_tcp.o)
    0x08016f1c   0x08016f1c   0x0000007c   Code   RO         2302    i.net_addr4_aton    Net_Dbg_CM3_L.lib(net_addr.o)
    0x08016f98   0x08016f98   0x0000001e   Code   RO         2304    i.net_addr4_to_mac  Net_Dbg_CM3_L.lib(net_addr.o)
    0x08016fb6   0x08016fb6   0x00000002   PAD
    0x08016fb8   0x08016fb8   0x000000e6   Code   RO         2305    i.net_addr6_aton    Net_Dbg_CM3_L.lib(net_addr.o)
    0x0801709e   0x0801709e   0x00000028   Code   RO         2306    i.net_addr6_comp    Net_Dbg_CM3_L.lib(net_addr.o)
    0x080170c6   0x080170c6   0x00000012   Code   RO         2307    i.net_addr6_copy    Net_Dbg_CM3_L.lib(net_addr.o)
    0x080170d8   0x080170d8   0x0000004c   Code   RO         2308    i.net_addr6_create  Net_Dbg_CM3_L.lib(net_addr.o)
    0x08017124   0x08017124   0x00000028   Code   RO         2309    i.net_addr6_get_solicited  Net_Dbg_CM3_L.lib(net_addr.o)
    0x0801714c   0x0801714c   0x00000018   Code   RO         2310    i.net_addr6_is_linklocal  Net_Dbg_CM3_L.lib(net_addr.o)
    0x08017164   0x08017164   0x0000006e   Code   RO         2311    i.net_addr6_is_onlink  Net_Dbg_CM3_L.lib(net_addr.o)
    0x080171d2   0x080171d2   0x00000048   Code   RO         2312    i.net_addr6_is_solicited  Net_Dbg_CM3_L.lib(net_addr.o)
    0x0801721a   0x0801721a   0x00000018   Code   RO         2313    i.net_addr6_is_unspec  Net_Dbg_CM3_L.lib(net_addr.o)
    0x08017232   0x08017232   0x0000000e   Code   RO         2315    i.net_addr6_to_mac  Net_Dbg_CM3_L.lib(net_addr.o)
    0x08017240   0x08017240   0x00000026   Code   RO         2317    i.net_addr_copy     Net_Dbg_CM3_L.lib(net_addr.o)
    0x08017266   0x08017266   0x0000001a   Code   RO         2318    i.net_addr_find_route  Net_Dbg_CM3_L.lib(net_addr.o)
    0x08017280   0x08017280   0x00000020   Code   RO         2320    i.net_addr_get_local  Net_Dbg_CM3_L.lib(net_addr.o)
    0x080172a0   0x080172a0   0x00000022   Code   RO         2321    i.net_addr_is_unspec  Net_Dbg_CM3_L.lib(net_addr.o)
    0x080172c2   0x080172c2   0x00000002   PAD
    0x080172c4   0x080172c4   0x0000011c   Code   RO         1751    i.net_arp_cache_add  Net_Dbg_CM3_L.lib(net_arp.o)
    0x080173e0   0x080173e0   0x000000bc   Code   RO         1752    i.net_arp_cache_early  Net_Dbg_CM3_L.lib(net_arp.o)
    0x0801749c   0x0801749c   0x000000ec   Code   RO         1753    i.net_arp_cache_find  Net_Dbg_CM3_L.lib(net_arp.o)
    0x08017588   0x08017588   0x00000048   Code   RO         1754    i.net_arp_cache_init  Net_Dbg_CM3_L.lib(net_arp.o)
    0x080175d0   0x080175d0   0x0000001c   Code   RO         1755    i.net_arp_cache_run  Net_Dbg_CM3_L.lib(net_arp.o)
    0x080175ec   0x080175ec   0x00000040   Code   RO         1756    i.net_arp_cache_uninit  Net_Dbg_CM3_L.lib(net_arp.o)
    0x0801762c   0x0801762c   0x00000078   Code   RO         1757    i.net_arp_enqueue   Net_Dbg_CM3_L.lib(net_arp.o)
    0x080176a4   0x080176a4   0x00000020   Code   RO         1759    i.net_arp_notify    Net_Dbg_CM3_L.lib(net_arp.o)
    0x080176c4   0x080176c4   0x00000224   Code   RO         1761    i.net_arp_process   Net_Dbg_CM3_L.lib(net_arp.o)
    0x080178e8   0x080178e8   0x00000042   Code   RO         2556    i.net_atoi          Net_Dbg_CM3_L.lib(net_common.o)
    0x0801792a   0x0801792a   0x00000002   PAD
    0x0801792c   0x0801792c   0x00000078   Code   RO         2622    i.net_base64_decode  Net_Dbg_CM3_L.lib(net_base64.o)
    0x080179a4   0x080179a4   0x00000030   Code   RO         2558    i.net_chksum_buf    Net_Dbg_CM3_L.lib(net_common.o)
    0x080179d4   0x080179d4   0x0000001e   Code   RO         2559    i.net_crc_buf       Net_Dbg_CM3_L.lib(net_common.o)
    0x080179f2   0x080179f2   0x0000000e   Code   RO         1692    i.net_eth_callback  Net_Dbg_CM3_L.lib(net_eth.o)
    0x08017a00   0x08017a00   0x00000068   Code   RO         1693    i.net_eth_config_mcast  Net_Dbg_CM3_L.lib(net_eth.o)
    0x08017a68   0x08017a68   0x000000ea   Code   RO         1695    i.net_eth_get_option  Net_Dbg_CM3_L.lib(net_eth.o)
    0x08017b52   0x08017b52   0x00000002   PAD
    0x08017b54   0x08017b54   0x0000001c   Code   RO         1696    i.net_eth_iface_init  Net_Dbg_CM3_L.lib(net_eth.o)
    0x08017b70   0x08017b70   0x0000001c   Code   RO         1697    i.net_eth_iface_run  Net_Dbg_CM3_L.lib(net_eth.o)
    0x08017b8c   0x08017b8c   0x0000001c   Code   RO         1698    i.net_eth_iface_uninit  Net_Dbg_CM3_L.lib(net_eth.o)
    0x08017ba8   0x08017ba8   0x000000a8   Code   RO         1699    i.net_eth_output    Net_Dbg_CM3_L.lib(net_eth.o)
    0x08017c50   0x08017c50   0x000001e0   Code   RO         1700    i.net_eth_send_frame  Net_Dbg_CM3_L.lib(net_eth.o)
    0x08017e30   0x08017e30   0x00000270   Code   RO         1701    i.net_eth_set_option  Net_Dbg_CM3_L.lib(net_eth.o)
    0x080180a0   0x080180a0   0x000000e8   Code   RO         2115    i.net_http_server_init  Net_Dbg_CM3_L.lib(net_http_server.o)
    0x08018188   0x08018188   0x00000028   Code   RO         2116    i.net_http_server_run  Net_Dbg_CM3_L.lib(net_http_server.o)
    0x080181b0   0x080181b0   0x00000070   Code   RO         2117    i.net_http_server_uninit  Net_Dbg_CM3_L.lib(net_http_server.o)
    0x08018220   0x08018220   0x00000018   Code   RO         2504    i.net_icmp6_init    Net_Dbg_CM3_L.lib(net_icmp6.o)
    0x08018238   0x08018238   0x00000238   Code   RO         2505    i.net_icmp6_process  Net_Dbg_CM3_L.lib(net_icmp6.o)
    0x08018470   0x08018470   0x00000084   Code   RO         2506    i.net_icmp6_send    Net_Dbg_CM3_L.lib(net_icmp6.o)
    0x080184f4   0x080184f4   0x00000058   Code   RO         2507    i.net_icmp6_send_echo  Net_Dbg_CM3_L.lib(net_icmp6.o)
    0x0801854c   0x0801854c   0x00000018   Code   RO         1852    i.net_icmp_init     Net_Dbg_CM3_L.lib(net_icmp.o)
    0x08018564   0x08018564   0x000001c8   Code   RO         1853    i.net_icmp_process  Net_Dbg_CM3_L.lib(net_icmp.o)
    0x0801872c   0x0801872c   0x000000a0   Code   RO         1854    i.net_icmp_send_echo  Net_Dbg_CM3_L.lib(net_icmp.o)
    0x080187cc   0x080187cc   0x0000000c   Code   RO         2253    i.net_if_map_all    Net_Dbg_CM3_L.lib(net_sys.o)
    0x080187d8   0x080187d8   0x0000006c   Code   RO         1806    i.net_igmp_collect_mcast  Net_Dbg_CM3_L.lib(net_igmp.o)
    0x08018844   0x08018844   0x00000048   Code   RO         1807    i.net_igmp_host_init  Net_Dbg_CM3_L.lib(net_igmp.o)
    0x0801888c   0x0801888c   0x0000001c   Code   RO         1808    i.net_igmp_host_run  Net_Dbg_CM3_L.lib(net_igmp.o)
    0x080188a8   0x080188a8   0x00000038   Code   RO         1809    i.net_igmp_host_uninit  Net_Dbg_CM3_L.lib(net_igmp.o)
    0x080188e0   0x080188e0   0x00000020   Code   RO         1810    i.net_igmp_is_member  Net_Dbg_CM3_L.lib(net_igmp.o)
    0x08018900   0x08018900   0x000001ac   Code   RO         1811    i.net_igmp_process  Net_Dbg_CM3_L.lib(net_igmp.o)
    0x08018aac   0x08018aac   0x0000018c   Code   RO         2434    i.net_ip4_chk_frame  Net_Dbg_CM3_L.lib(net_ip4.o)
    0x08018c38   0x08018c38   0x0000002c   Code   RO         2435    i.net_ip4_chksum    Net_Dbg_CM3_L.lib(net_ip4.o)
    0x08018c64   0x08018c64   0x00000006   Code   RO         2436    i.net_ip4_chksum_buf  Net_Dbg_CM3_L.lib(net_ip4.o)
    0x08018c6a   0x08018c6a   0x00000002   PAD
    0x08018c6c   0x08018c6c   0x00000080   Code   RO         2438    i.net_ip4_find_route  Net_Dbg_CM3_L.lib(net_ip4.o)
    0x08018cec   0x08018cec   0x0000002c   Code   RO         2439    i.net_ip4_get_local  Net_Dbg_CM3_L.lib(net_ip4.o)
    0x08018d18   0x08018d18   0x00000024   Code   RO         2440    i.net_ip4_init      Net_Dbg_CM3_L.lib(net_ip4.o)
    0x08018d3c   0x08018d3c   0x00000020   Code   RO         2441    i.net_ip4_is_onlink  Net_Dbg_CM3_L.lib(net_ip4.o)
    0x08018d5c   0x08018d5c   0x00000026   Code   RO         2442    i.net_ip4_is_subcast  Net_Dbg_CM3_L.lib(net_ip4.o)
    0x08018d82   0x08018d82   0x0000000e   Code   RO         2443    i.net_ip4_reass_frame  Net_Dbg_CM3_L.lib(net_ip4.o)
    0x08018d90   0x08018d90   0x00000164   Code   RO         2444    i.net_ip4_send_frame  Net_Dbg_CM3_L.lib(net_ip4.o)
    0x08018ef4   0x08018ef4   0x0000002a   Code   RO         2446    i.net_ip4_tx_offl_hl  Net_Dbg_CM3_L.lib(net_ip4.o)
    0x08018f1e   0x08018f1e   0x00000002   PAD
    0x08018f20   0x08018f20   0x00000020   Code   RO         2447    i.net_ip4_uninit    Net_Dbg_CM3_L.lib(net_ip4.o)
    0x08018f40   0x08018f40   0x00000100   Code   RO         2472    i.net_ip6_chk_frame  Net_Dbg_CM3_L.lib(net_ip6.o)
    0x08019040   0x08019040   0x00000032   Code   RO         2473    i.net_ip6_chksum    Net_Dbg_CM3_L.lib(net_ip6.o)
    0x08019072   0x08019072   0x00000002   PAD
    0x08019074   0x08019074   0x0000007c   Code   RO         2474    i.net_ip6_collect_mcast  Net_Dbg_CM3_L.lib(net_ip6.o)
    0x080190f0   0x080190f0   0x00000048   Code   RO         2476    i.net_ip6_find_route  Net_Dbg_CM3_L.lib(net_ip6.o)
    0x08019138   0x08019138   0x00000054   Code   RO         2477    i.net_ip6_get_local  Net_Dbg_CM3_L.lib(net_ip6.o)
    0x0801918c   0x0801918c   0x0000001c   Code   RO         2478    i.net_ip6_init      Net_Dbg_CM3_L.lib(net_ip6.o)
    0x080191a8   0x080191a8   0x000000cc   Code   RO         2479    i.net_ip6_send_frame  Net_Dbg_CM3_L.lib(net_ip6.o)
    0x08019274   0x08019274   0x0000001e   Code   RO         2481    i.net_ip6_tx_offl_hl  Net_Dbg_CM3_L.lib(net_ip6.o)
    0x08019292   0x08019292   0x00000002   PAD
    0x08019294   0x08019294   0x0000001c   Code   RO         2482    i.net_ip6_uninit    Net_Dbg_CM3_L.lib(net_ip6.o)
    0x080192b0   0x080192b0   0x00000008   Code   RO         2560    i.net_itoa          Net_Dbg_CM3_L.lib(net_common.o)
    0x080192b8   0x080192b8   0x00000006   Code   RO         2562    i.net_itoa_n0       Net_Dbg_CM3_L.lib(net_common.o)
    0x080192be   0x080192be   0x00000002   PAD
    0x080192c0   0x080192c0   0x00000030   Code   RO         1834    i.net_loop_iface_init  Net_Dbg_CM3_L.lib(net_loopback.o)
    0x080192f0   0x080192f0   0x000000bc   Code   RO         1835    i.net_loop_iface_run  Net_Dbg_CM3_L.lib(net_loopback.o)
    0x080193ac   0x080193ac   0x00000028   Code   RO         1836    i.net_loop_iface_uninit  Net_Dbg_CM3_L.lib(net_loopback.o)
    0x080193d4   0x080193d4   0x00000070   Code   RO         1837    i.net_loop_send_frame  Net_Dbg_CM3_L.lib(net_loopback.o)
    0x08019444   0x08019444   0x000000c0   Code   RO         2533    i.net_mem_alloc     Net_Dbg_CM3_L.lib(net_mem.o)
    0x08019504   0x08019504   0x0000001c   Code   RO         2534    i.net_mem_avail     Net_Dbg_CM3_L.lib(net_mem.o)
    0x08019520   0x08019520   0x000000a4   Code   RO         2535    i.net_mem_free      Net_Dbg_CM3_L.lib(net_mem.o)
    0x080195c4   0x080195c4   0x00000070   Code   RO         2536    i.net_mem_init      Net_Dbg_CM3_L.lib(net_mem.o)
    0x08019634   0x08019634   0x00000048   Code   RO         2537    i.net_mem_shrink    Net_Dbg_CM3_L.lib(net_mem.o)
    0x0801967c   0x0801967c   0x00000064   Code   RO         2053    i.net_nbns_client_init  Net_Dbg_CM3_L.lib(net_nbns_client.o)
    0x080196e0   0x080196e0   0x00000038   Code   RO         2054    i.net_nbns_client_uninit  Net_Dbg_CM3_L.lib(net_nbns_client.o)
    0x08019718   0x08019718   0x000001c4   Code   RO         2383    i.net_ndp_cache_find  Net_Dbg_CM3_L.lib(net_ndp.o)
    0x080198dc   0x080198dc   0x00000078   Code   RO         2386    i.net_ndp_cache_refresh  Net_Dbg_CM3_L.lib(net_ndp.o)
    0x08019954   0x08019954   0x00000070   Code   RO         2389    i.net_ndp_enqueue   Net_Dbg_CM3_L.lib(net_ndp.o)
    0x080199c4   0x080199c4   0x00000374   Code   RO         2391    i.net_ndp_process   Net_Dbg_CM3_L.lib(net_ndp.o)
    0x08019d38   0x08019d38   0x00000038   Code   RO         2255    i.net_path          Net_Dbg_CM3_L.lib(net_sys.o)
    0x08019d70   0x08019d70   0x00000020   Code   RO         2226    i.net_ping_client_init  Net_Dbg_CM3_L.lib(net_ping_core.o)
    0x08019d90   0x08019d90   0x00000080   Code   RO         2227    i.net_ping_client_run  Net_Dbg_CM3_L.lib(net_ping_core.o)
    0x08019e10   0x08019e10   0x00000020   Code   RO         2229    i.net_ping_client_uninit  Net_Dbg_CM3_L.lib(net_ping_core.o)
    0x08019e30   0x08019e30   0x0000001c   Code   RO         2256    i.net_rand32        Net_Dbg_CM3_L.lib(net_sys.o)
    0x08019e4c   0x08019e4c   0x0000002e   Code   RO         2563    i.net_strcasecmp    Net_Dbg_CM3_L.lib(net_common.o)
    0x08019e7a   0x08019e7a   0x00000016   Code   RO         2564    i.net_strchr        Net_Dbg_CM3_L.lib(net_common.o)
    0x08019e90   0x08019e90   0x0000001a   Code   RO         2565    i.net_strcmp        Net_Dbg_CM3_L.lib(net_common.o)
    0x08019eaa   0x08019eaa   0x00000012   Code   RO         2566    i.net_strcpy        Net_Dbg_CM3_L.lib(net_common.o)
    0x08019ebc   0x08019ebc   0x0000001c   Code   RO         2568    i.net_strnchr       Net_Dbg_CM3_L.lib(net_common.o)
    0x08019ed8   0x08019ed8   0x0000001a   Code   RO         2569    i.net_strncpy       Net_Dbg_CM3_L.lib(net_common.o)
    0x08019ef2   0x08019ef2   0x00000020   Code   RO         2570    i.net_strtoupper    Net_Dbg_CM3_L.lib(net_common.o)
    0x08019f12   0x08019f12   0x00000002   PAD
    0x08019f14   0x08019f14   0x0000000c   Code   RO         2257    i.net_sys_lock      Net_Dbg_CM3_L.lib(net_sys.o)
    0x08019f20   0x08019f20   0x00000016   Code   RO         2258    i.net_sys_resume    Net_Dbg_CM3_L.lib(net_sys.o)
    0x08019f36   0x08019f36   0x00000002   PAD
    0x08019f38   0x08019f38   0x00000014   Code   RO         2260    i.net_sys_tick      Net_Dbg_CM3_L.lib(net_sys.o)
    0x08019f4c   0x08019f4c   0x0000000c   Code   RO         2261    i.net_sys_unlock    Net_Dbg_CM3_L.lib(net_sys.o)
    0x08019f58   0x08019f58   0x00000020   Code   RO         2263    i.net_sys_wakeup    Net_Dbg_CM3_L.lib(net_sys.o)
    0x08019f78   0x08019f78   0x00000084   Code   RO         1945    i.net_tcp_abort     Net_Dbg_CM3_L.lib(net_tcp.o)
    0x08019ffc   0x08019ffc   0x000000e4   Code   RO         1948    i.net_tcp_close     Net_Dbg_CM3_L.lib(net_tcp.o)
    0x0801a0e0   0x0801a0e0   0x0000002e   Code   RO         1951    i.net_tcp_get_buf   Net_Dbg_CM3_L.lib(net_tcp.o)
    0x0801a10e   0x0801a10e   0x00000002   PAD
    0x0801a110   0x0801a110   0x00000034   Code   RO         1953    i.net_tcp_get_local_port  Net_Dbg_CM3_L.lib(net_tcp.o)
    0x0801a144   0x0801a144   0x00000028   Code   RO         1954    i.net_tcp_get_mss   Net_Dbg_CM3_L.lib(net_tcp.o)
    0x0801a16c   0x0801a16c   0x00000054   Code   RO         1956    i.net_tcp_get_peer  Net_Dbg_CM3_L.lib(net_tcp.o)
    0x0801a1c0   0x0801a1c0   0x00000070   Code   RO         1958    i.net_tcp_get_socket  Net_Dbg_CM3_L.lib(net_tcp.o)
    0x0801a230   0x0801a230   0x0000002c   Code   RO         1959    i.net_tcp_get_state  Net_Dbg_CM3_L.lib(net_tcp.o)
    0x0801a25c   0x0801a25c   0x00000034   Code   RO         1960    i.net_tcp_get_timer  Net_Dbg_CM3_L.lib(net_tcp.o)
    0x0801a290   0x0801a290   0x000000b0   Code   RO         1961    i.net_tcp_listen    Net_Dbg_CM3_L.lib(net_tcp.o)
    0x0801a340   0x0801a340   0x000007a8   Code   RO         1963    i.net_tcp_process   Net_Dbg_CM3_L.lib(net_tcp.o)
    0x0801aae8   0x0801aae8   0x0000015c   Code   RO         1967    i.net_tcp_send      Net_Dbg_CM3_L.lib(net_tcp.o)
    0x0801ac44   0x0801ac44   0x0000012c   Code   RO         1969    i.net_tcp_set_option  Net_Dbg_CM3_L.lib(net_tcp.o)
    0x0801ad70   0x0801ad70   0x00000028   Code   RO         1970    i.net_tcp_socket_init  Net_Dbg_CM3_L.lib(net_tcp.o)
    0x0801ad98   0x0801ad98   0x000003c0   Code   RO         1971    i.net_tcp_socket_run  Net_Dbg_CM3_L.lib(net_tcp.o)
    0x0801b158   0x0801b158   0x00000028   Code   RO         1972    i.net_tcp_socket_uninit  Net_Dbg_CM3_L.lib(net_tcp.o)
    0x0801b180   0x0801b180   0x0000002e   Code   RO         1882    i.net_udp_get_buf   Net_Dbg_CM3_L.lib(net_udp.o)
    0x0801b1ae   0x0801b1ae   0x00000002   PAD
    0x0801b1b0   0x0801b1b0   0x00000070   Code   RO         1885    i.net_udp_get_socket  Net_Dbg_CM3_L.lib(net_udp.o)
    0x0801b220   0x0801b220   0x000000ac   Code   RO         1887    i.net_udp_open      Net_Dbg_CM3_L.lib(net_udp.o)
    0x0801b2cc   0x0801b2cc   0x00000158   Code   RO         1888    i.net_udp_process   Net_Dbg_CM3_L.lib(net_udp.o)
    0x0801b424   0x0801b424   0x0000022c   Code   RO         1891    i.net_udp_send_if   Net_Dbg_CM3_L.lib(net_udp.o)
    0x0801b650   0x0801b650   0x00000024   Code   RO         1893    i.net_udp_socket_init  Net_Dbg_CM3_L.lib(net_udp.o)
    0x0801b674   0x0801b674   0x00000024   Code   RO         1894    i.net_udp_socket_uninit  Net_Dbg_CM3_L.lib(net_udp.o)
    0x0801b698   0x0801b698   0x00000008   Code   RO         2571    i.net_ultoa         Net_Dbg_CM3_L.lib(net_common.o)
    0x0801b6a0   0x0801b6a0   0x00000030   Code   RO         2574    i.net_ultox         Net_Dbg_CM3_L.lib(net_common.o)
    0x0801b6d0   0x0801b6d0   0x0000004c   Code   RO         2575    i.net_xtoul         Net_Dbg_CM3_L.lib(net_common.o)
    0x0801b71c   0x0801b71c   0x0000001c   Code   RO         2230    i.ping_send_req     Net_Dbg_CM3_L.lib(net_ping_core.o)
    0x0801b738   0x0801b738   0x00000058   Code   RO         2119    i.proc_req_line     Net_Dbg_CM3_L.lib(net_http_server.o)
    0x0801b790   0x0801b790   0x000000a0   Code   RO         2120    i.read_script_line  Net_Dbg_CM3_L.lib(net_http_server.o)
    0x0801b830   0x0801b830   0x00000048   Code   RO         2121    i.search_delim      Net_Dbg_CM3_L.lib(net_http_server.o)
    0x0801b878   0x0801b878   0x00000018   Code   RO         2264    i.sys_map_if        Net_Dbg_CM3_L.lib(net_sys.o)
    0x0801b890   0x0801b890   0x0000004c   Code   RO         2265    i.sys_proc_tick     Net_Dbg_CM3_L.lib(net_sys.o)
    0x0801b8dc   0x0801b8dc   0x00000110   Code   RO         1973    i.tcp_map_socket    Net_Dbg_CM3_L.lib(net_tcp.o)
    0x0801b9ec   0x0801b9ec   0x00000084   Code   RO         1974    i.tcp_parse_opt     Net_Dbg_CM3_L.lib(net_tcp.o)
    0x0801ba70   0x0801ba70   0x0000011c   Code   RO         1975    i.tcp_proc_acknr    Net_Dbg_CM3_L.lib(net_tcp.o)
    0x0801bb8c   0x0801bb8c   0x000000ac   Code   RO         1976    i.tcp_proc_dupack   Net_Dbg_CM3_L.lib(net_tcp.o)
    0x0801bc38   0x0801bc38   0x0000001a   Code   RO         1977    i.tcp_que_free      Net_Dbg_CM3_L.lib(net_tcp.o)
    0x0801bc52   0x0801bc52   0x0000001a   Code   RO         1978    i.tcp_que_init      Net_Dbg_CM3_L.lib(net_tcp.o)
    0x0801bc6c   0x0801bc6c   0x000000ac   Code   RO         1979    i.tcp_que_resend    Net_Dbg_CM3_L.lib(net_tcp.o)
    0x0801bd18   0x0801bd18   0x00000090   Code   RO         1980    i.tcp_send_ctrl     Net_Dbg_CM3_L.lib(net_tcp.o)
    0x0801bda8   0x0801bda8   0x0000007c   Code   RO         1981    i.tcp_send_data     Net_Dbg_CM3_L.lib(net_tcp.o)
    0x0801be24   0x0801be24   0x00000090   Code   RO         1982    i.tcp_send_reset    Net_Dbg_CM3_L.lib(net_tcp.o)
    0x0801beb4   0x0801beb4   0x00000044   Code   RO         1983    i.tcp_set_cwnd      Net_Dbg_CM3_L.lib(net_tcp.o)
    0x0801bef8   0x0801bef8   0x00000074   Code   RO         1984    i.tcp_transit       Net_Dbg_CM3_L.lib(net_tcp.o)
    0x0801bf6c   0x0801bf6c   0x0000010c   Code   RO         1985    i.tcp_write         Net_Dbg_CM3_L.lib(net_tcp.o)
    0x0801c078   0x0801c078   0x0000002c   Code   RO         1895    i.udp_port_in_use   Net_Dbg_CM3_L.lib(net_udp.o)
    0x0801c0a4   0x0801c0a4   0x00000044   Code   RO         2576    i.ul2str            Net_Dbg_CM3_L.lib(net_common.o)
    0x0801c0e8   0x0801c0e8   0x00000124   Code   RO         2122    i.utc_to_http       Net_Dbg_CM3_L.lib(net_http_server.o)
    0x0801c20c   0x0801c20c   0x00000024   Data   RO          159    .constdata          http_server.o
    0x0801c230   0x0801c230   0x000069d0   Data   RO          263    .constdata          web.o
    0x08022c00   0x08022c00   0x00000030   Data   RO          281    .constdata          leds_1.o
    0x08022c30   0x08022c30   0x0000098e   Data   RO          308    .constdata          lcd_1.o
    0x080235be   0x080235be   0x00000002   PAD
    0x080235c0   0x080235c0   0x00000001   Data   RO          457    .constdata          irq_armv7m.o
    0x080235c1   0x080235c1   0x00000003   PAD
    0x080235c4   0x080235c4   0x00000068   Data   RO          644    .constdata          rtx_lib.o
    0x0802362c   0x0802362c   0x00000024   Data   RO          985    .constdata          phy_lan8742a.o
    0x08023650   0x08023650   0x00000094   Data   RO         1012    .constdata          emac_stm32f4xx.o
    0x080236e4   0x080236e4   0x00000080   Data   RO         1053    .constdata          spi_stm32f4xx.o
    0x08023764   0x08023764   0x00000018   Data   RO         1089    .constdata          eventrecorder.o
    0x0802377c   0x0802377c   0x00000008   Data   RO         1228    .constdata          stm32f4xx_hal_dma.o
    0x08023784   0x08023784   0x00000018   Data   RO         1572    .constdata          system_stm32f4xx.o
    0x0802379c   0x0802379c   0x00000278   Data   RO         1605    .constdata          net_config.o
    0x08023a14   0x08023a14   0x00000008   Data   RO         1812    .constdata          Net_Dbg_CM3_L.lib(net_igmp.o)
    0x08023a1c   0x08023a1c   0x0000002c   Data   RO         1838    .constdata          Net_Dbg_CM3_L.lib(net_loopback.o)
    0x08023a48   0x08023a48   0x0000000c   Data   RO         1839    .constdata          Net_Dbg_CM3_L.lib(net_loopback.o)
    0x08023a54   0x08023a54   0x00000008   Data   RO         2055    .constdata          Net_Dbg_CM3_L.lib(net_nbns_client.o)
    0x08023a5c   0x08023a5c   0x000000fa   Data   RO         2124    .constdata          Net_Dbg_CM3_L.lib(net_http_server.o)
    0x08023b56   0x08023b56   0x00000002   PAD
    0x08023b58   0x08023b58   0x00000018   Data   RO         2203    .constdata          Net_Dbg_CM3_L.lib(net_http_server_auth.o)
    0x08023b70   0x08023b70   0x00000012   Data   RO         2232    .constdata          Net_Dbg_CM3_L.lib(net_ping_core.o)
    0x08023b82   0x08023b82   0x00000010   Data   RO         2325    .constdata          Net_Dbg_CM3_L.lib(net_addr.o)
    0x08023b92   0x08023b92   0x00000006   Data   RO         2326    .constdata          Net_Dbg_CM3_L.lib(net_addr.o)
    0x08023b98   0x08023b98   0x00000004   Data   RO         2448    .constdata          Net_Dbg_CM3_L.lib(net_ip4.o)
    0x08023b9c   0x08023b9c   0x00000020   Data   RO         2483    .constdata          Net_Dbg_CM3_L.lib(net_ip6.o)
    0x08023bbc   0x08023bbc   0x00000018   Data   RO         2523    .constdata          Net_Dbg_CM3_L.lib(net_http_server_err.o)
    0x08023bd4   0x08023bd4   0x00000010   Data   RO         2577    .constdata          Net_Dbg_CM3_L.lib(net_common.o)
    0x08023be4   0x08023be4   0x00000090   Data   RO         2624    .constdata          Net_Dbg_CM3_L.lib(net_base64.o)
    0x08023c74   0x08023c74   0x00000004   Data   RO         2633    .constdata          Net_Dbg_CM3_L.lib(net_version.o)
    0x08023c78   0x08023c78   0x000000da   Data   RO          225    .conststring        http_server_cgi.o
    0x08023d52   0x08023d52   0x00000002   PAD
    0x08023d54   0x08023d54   0x000000e1   Data   RO         1606    .conststring        net_config.o
    0x08023e35   0x08023e35   0x00000003   PAD
    0x08023e38   0x08023e38   0x00000203   Data   RO         2524    .conststring        Net_Dbg_CM3_L.lib(net_http_server_err.o)
    0x0802403b   0x0802403b   0x00000001   PAD
    0x0802403c   0x0802403c   0x0000000b   Data   RO          590    .conststrlit        rtx_kernel.o
    0x08024047   0x08024047   0x00000001   PAD
    0x08024048   0x08024048   0x000000a8   Data   RO          645    .rodata             rtx_lib.o
    0x080240f0   0x080240f0   0x00000030   Data   RO         2978    Region$$Table       anon$$obj.o


    Execution Region RW_IRAM2 (Exec base: 0x10000000, Load base: 0x08024258, Size: 0x000004a4, Max: 0x00010000, ABSOLUTE)

    Exec Addr    Load Addr    Size         Type   Attr      Idx    E Section Name        Object

    0x10000000        -       0x000004a4   Zero   RW         1088    .bss.noinit         eventrecorder.o


    Execution Region RW_IRAM1 (Exec base: 0x20000000, Load base: 0x08024120, Size: 0x0000f660, Max: 0x00030000, ABSOLUTE, COMPRESSED[0x00000138])

    Exec Addr    Load Addr    Size         Type   Attr      Idx    E Section Name        Object

    0x20000000   COMPRESSED   0x00008040   Data   RW          638    .bss.os             rtx_lib.o
    0x20008040   COMPRESSED   0x00000001   Data   RW          937    .bss.os             os_systick.o
    0x20008041   COMPRESSED   0x00000003   PAD
    0x20008044   COMPRESSED   0x00000034   Data   RW          639    .bss.os.msgqueue.cb  rtx_lib.o
    0x20008078   COMPRESSED   0x00000050   Data   RW          640    .bss.os.msgqueue.mem  rtx_lib.o
    0x200080c8   COMPRESSED   0x00000038   Data   RW         1601    .bss.os.mutex.cb    net_config.o
    0x20008100   COMPRESSED   0x00000010   Data   RW         1602    .bss.os.semaphore.cb  net_config.o
    0x20008110   COMPRESSED   0x00000088   Data   RW          641    .bss.os.thread.cb   rtx_lib.o
    0x20008198   COMPRESSED   0x00000088   Data   RW         1603    .bss.os.thread.cb   net_config.o
    0x20008220   COMPRESSED   0x00000200   Data   RW          642    .bss.os.thread.idle.stack  rtx_lib.o
    0x20008420   COMPRESSED   0x00000200   Data   RW          643    .bss.os.thread.timer.stack  rtx_lib.o
    0x20008620   COMPRESSED   0x00000020   Data   RW         1604    .bss.os.timer.cb    net_config.o
    0x20008640   COMPRESSED   0x00000004   Data   RW            5    .data               main.o
    0x20008644   COMPRESSED   0x00000040   Data   RW          160    .data               http_server.o
    0x20008684   COMPRESSED   0x00000008   Data   RW          226    .data               http_server_cgi.o
    0x2000868c   COMPRESSED   0x00000018   Data   RW          309    .data               lcd_1.o
    0x200086a4   COMPRESSED   0x00000018   Data   RW          347    .data               adc.o
    0x200086bc   COMPRESSED   0x00000004   Data   RW          375    .data               rtc_1.o
    0x200086c0   COMPRESSED   0x00000009   Data   RW         1122    .data               stm32f4xx_hal.o
    0x200086c9   COMPRESSED   0x00000003   PAD
    0x200086cc   COMPRESSED   0x00000004   Data   RW         1573    .data               system_stm32f4xx.o
    0x200086d0   COMPRESSED   0x0000000e   Data   RW         1607    .data               net_config.o
    0x200086de   COMPRESSED   0x00000004   Data   RW         1813    .data               Net_Dbg_CM3_L.lib(net_igmp.o)
    0x200086e2   COMPRESSED   0x00000002   PAD
    0x200086e4   COMPRESSED   0x00000004   Data   RW         1840    .data               Net_Dbg_CM3_L.lib(net_loopback.o)
    0x200086e8   COMPRESSED   0x00000001   Data   RW         1855    .data               Net_Dbg_CM3_L.lib(net_icmp.o)
    0x200086e9   COMPRESSED   0x00000001   PAD
    0x200086ea   COMPRESSED   0x00000002   Data   RW         1897    .data               Net_Dbg_CM3_L.lib(net_udp.o)
    0x200086ec   COMPRESSED   0x00000004   Data   RW         1988    .data               Net_Dbg_CM3_L.lib(net_tcp.o)
    0x200086f0   COMPRESSED   0x00000001   Data   RW         2056    .data               Net_Dbg_CM3_L.lib(net_nbns_client.o)
    0x200086f1   COMPRESSED   0x00000003   PAD
    0x200086f4   COMPRESSED   0x0000000c   Data   RW         2125    .data               Net_Dbg_CM3_L.lib(net_http_server.o)
    0x20008700   COMPRESSED   0x00000008   Data   RW         2449    .data               Net_Dbg_CM3_L.lib(net_ip4.o)
    0x20008708   COMPRESSED   0x00000004   Data   RW         2485    .data               Net_Dbg_CM3_L.lib(net_ip6.o)
    0x2000870c   COMPRESSED   0x000000a4   Data   RW          591    .data.os            rtx_kernel.o
    0x200087b0        -       0x00000448   Zero   RW          158    .bss                http_server.o
    0x20008bf8        -       0x00000038   Zero   RW          224    .bss                http_server_cgi.o
    0x20008c30        -       0x00000240   Zero   RW          307    .bss                lcd_1.o
    0x20008e70        -       0x000000d4   Zero   RW          374    .bss                rtc_1.o
    0x20008f44        -       0x0000000c   Zero   RW          984    .bss                phy_lan8742a.o
    0x20008f50        -       0x000024cc   Zero   RW         1011    .bss                emac_stm32f4xx.o
    0x2000b41c        -       0x0000002c   Zero   RW         1052    .bss                spi_stm32f4xx.o
    0x2000b448        -       0x00003bb0   Zero   RW         1600    .bss                net_config.o
    0x2000eff8        -       0x000000a0   Zero   RW         1702    .bss                Net_Dbg_CM3_L.lib(net_eth.o)
    0x2000f098        -       0x00000018   Zero   RW         1762    .bss                Net_Dbg_CM3_L.lib(net_arp.o)
    0x2000f0b0        -       0x0000001c   Zero   RW         1896    .bss                Net_Dbg_CM3_L.lib(net_udp.o)
    0x2000f0cc        -       0x00000098   Zero   RW         2123    .bss                Net_Dbg_CM3_L.lib(net_http_server.o)
    0x2000f164        -       0x0000002c   Zero   RW         2231    .bss                Net_Dbg_CM3_L.lib(net_ping_core.o)
    0x2000f190        -       0x00000038   Zero   RW         2266    .bss                Net_Dbg_CM3_L.lib(net_sys.o)
    0x2000f1c8        -       0x00000024   Zero   RW         2267    .bss                Net_Dbg_CM3_L.lib(net_sys.o)
    0x2000f1ec        -       0x0000005c   Zero   RW         2324    .bss                Net_Dbg_CM3_L.lib(net_addr.o)
    0x2000f248        -       0x00000014   Zero   RW         2539    .bss                Net_Dbg_CM3_L.lib(net_mem.o)
    0x2000f25c   COMPRESSED   0x00000004   PAD
    0x2000f260        -       0x00000400   Zero   RW         1561    STACK               startup_stm32f429xx.o


==============================================================================

Image component sizes


      Code (inc. data)   RO Data    RW Data    ZI Data      Debug   Object Name

       540         50          0         24          0       2848   adc.o
      3340        204        148          0       9420      47094   emac_stm32f4xx.o
      1644         42         24          0       1188      16828   eventrecorder.o
       464         84         36         64       1096      16674   http_server.o
      2088        374        218          8         56       7320   http_server_cgi.o
       148          8          1          0          0        592   irq_armv7m.o
      1332         80       2446         24        576       5071   lcd_1.o
       344         18         48          0          0       2189   leds_1.o
       312         28          0          4          0     798635   main.o
       364         26        857        254      15280      32288   net_config.o
       336          0          0          0          0        782   net_debug.o
       220         14          0          1          0       1948   os_systick.o
       548          8         36          0         12       6826   phy_lan8742a.o
       456         64          0          4        212       2142   rtc_1.o
        36          6          0          0          0        623   rtx_config.o
       284         12          0          0          0      17890   rtx_delay.o
      3544        106          0          0          0      52793   rtx_evr.o
      2224        100         11        164          0      27456   rtx_kernel.o
        24          0        272      34124          0       9867   rtx_lib.o
       478          0          0          0          0       3003   rtx_memory.o
      2284         46          0          0          0      15140   rtx_mempool.o
      3280         60          0          0          0      23496   rtx_msgqueue.o
      1604         30          0          0          0       9902   rtx_mutex.o
      1658         34          0          0          0      11960   rtx_semaphore.o
       772         20          0          0          0       8293   rtx_system.o
      5812        150          0          0          0      32029   rtx_thread.o
      1336         36          0          0          0      10161   rtx_timer.o
      4116        112        128          0         44      43779   spi_stm32f4xx.o
        36          8        428          0       1024        788   startup_stm32f429xx.o
       528         46          0          9          0      11407   stm32f4xx_hal.o
      3240        100          0          0          0       8647   stm32f4xx_hal_adc.o
      2196         52          0          0          0       6554   stm32f4xx_hal_adc_ex.o
       900         20          0          0          0      36086   stm32f4xx_hal_cortex.o
      2224         28          8          0          0       7125   stm32f4xx_hal_dma.o
       996         52          0          0          0       3691   stm32f4xx_hal_gpio.o
       476         22          0          0          0       3579   stm32f4xx_hal_pwr.o
      2356         70          0          0          0       5427   stm32f4xx_hal_rcc.o
      1844         66          0          0          0       4113   stm32f4xx_hal_rcc_ex.o
      2936         26          0          0          0       8257   stm32f4xx_hal_rtc.o
      3558         22          0          0          0      12961   stm32f4xx_hal_rtc_ex.o
     11122        182          0          0          0      34980   stm32f4xx_hal_tim.o
      3716         68          0          0          0      13272   stm32f4xx_hal_tim_ex.o
       204         24         24          4          0       1549   system_stm32f4xx.o
       136          8      27088          0          0       1532   web.o

    ----------------------------------------------------------------------
     76064       2506      31832      34690      28908    1367597   Object Totals
         0          0         48          0          0          0   (incl. Generated)
         8          0         11          6          0          0   (incl. Padding)

    ----------------------------------------------------------------------

      Code (inc. data)   RO Data    RW Data    ZI Data      Debug   Library Member Name

      1414         18         22          0         92       1556   net_addr.o
      2938        152          0          0         24       1628   net_arp.o
       120          6        144          0          0         84   net_base64.o
       622         10         16          0          0       1340   net_common.o
      3816        150          0          0        160       1756   net_eth.o
      6946       1282        250         12        152       2940   net_http_server.o
       266         66         24          0          0        368   net_http_server_auth.o
         0          0        539          0          0          0   net_http_server_err.o
       640         48          0          1          0        236   net_icmp.o
       812         60          0          0          0        332   net_icmp6.o
      1028         54          8          4          0        760   net_igmp.o
      1220         92          4          8          0       1032   net_ip4.o
       876         80         32          4          0        720   net_ip6.o
       388         36         56          4          0        336   net_loopback.o
       592         64          0          0         20        564   net_mem.o
       576         58          8          1          0        268   net_nbns_client.o
      3058        106          0          0          0       1404   net_ndp.o
       220         40         18          0         44        300   net_ping_core.o
       834         84          0          0         92       1012   net_sys.o
      6606        292          0          4          0       2808   net_tcp.o
      1346         78          0          2         28        700   net_udp.o
         0          0          4          0          0          0   net_version.o
        86          0          0          0          0          0   __dczerorl2.o
         0          0          0          0          0          0   entry.o
         0          0          0          0          0          0   entry10a.o
         0          0          0          0          0          0   entry11a.o
         4          0          0          0          0          0   entry12b.o
         8          4          0          0          0          0   entry2.o
         4          0          0          0          0          0   entry5.o
         0          0          0          0          0          0   entry7b.o
         0          0          0          0          0          0   entry8b.o
         8          4          0          0          0          0   entry9a.o
        30          0          0          0          0          0   handlers.o
        36          8          0          0          0         68   init.o
         0          0          0          0          0          0   iusefp.o
        30          0          0          0          0         68   llshl.o
        36          0          0          0          0         68   llsshr.o
        32          0          0          0          0         68   llushr.o
        26          0          0          0          0         80   memcmp.o
        36          0          0          0          0         68   memcpya.o
        36          0          0          0          0        108   memseta.o
      2236         86          0          0          0        532   printfa.o
        28          0          0          0          0         76   strcmp.o
        18          0          0          0          0         68   strcpy.o
        14          0          0          0          0         68   strlen.o
        30          0          0          0          0         80   strncmp.o
        44          0          0          0          0         80   uidiv.o
        98          0          0          0          0         92   uldiv.o
        48          0          0          0          0         68   cdrcmple.o
       334          0          0          0          0        148   dadd.o
       222          0          0          0          0        100   ddiv.o
       186          0          0          0          0        176   depilogue.o
        62          0          0          0          0         80   dfixi.o
        48          0          0          0          0         68   dfixul.o
       228          0          0          0          0         96   dmul.o
        38          0          0          0          0         68   f2d.o
       124          0          0          0          0         88   fdiv.o
       110          0          0          0          0        168   fepilogue.o
        10          0          0          0          0         68   ffltui.o
       100          0          0          0          0         76   fmul.o

    ----------------------------------------------------------------------
     38720       2878       1128         46        616      22872   Library Totals
        52          0          3          6          4          0   (incl. Padding)

    ----------------------------------------------------------------------

      Code (inc. data)   RO Data    RW Data    ZI Data      Debug   Library Name

     34318       2776       1125         40        612      20144   Net_Dbg_CM3_L.lib
      2840        102          0          0          0       1524   mc_w.l
      1510          0          0          0          0       1204   mf_w.l

    ----------------------------------------------------------------------
     38720       2878       1128         46        616      22872   Library Totals

    ----------------------------------------------------------------------

==============================================================================


      Code (inc. data)   RO Data    RW Data    ZI Data      Debug   

    114784       5384      32960      34736      29524    1372397   Grand Totals
    114784       5384      32960        312      29524    1372397   ELF Image Totals (compressed)
    114784       5384      32960        312          0          0   ROM Totals

==============================================================================

    Total RO  Size (Code + RO Data)               147744 ( 144.28kB)
    Total RW  Size (RW Data + ZI Data)             64260 (  62.75kB)
    Total ROM Size (Code + RO Data + RW Data)     148056 ( 144.59kB)

==============================================================================

