Component: ARM Compiler 5.06 update 7 (build 960) Tool: armlink [4d3601]

==============================================================================

Section Cross References

    main.o(.text) refers to rtx_kernel.o(.text) for osKernelGetState
    main.o(.text) refers to stm32f4xx_hal_rcc.o(.text) for HAL_RCC_OscConfig
    main.o(.text) refers to stm32f4xx_hal.o(.text) for HAL_GetREVID
    main.o(.text) refers to system_stm32f4xx.o(.text) for SystemCoreClockUpdate
    main.o(.text) refers to rtx_thread.o(.text) for osThreadNew
    main.o(.text) refers to system_stm32f4xx.o(.data) for SystemCoreClock
    main.o(.text) refers to main.o(.data) for ticks
    main.o(.text) refers to http_server.o(.constdata) for app_main_attr
    main.o(.text) refers to http_server.o(.text) for app_main
    http_server.o(.text) refers to adc.o(.text) for ADC_getVoltage
    http_server.o(.text) refers to rtx_thread.o(.text) for osThreadFlagsSet
    http_server.o(.text) refers to lcd_1.o(.text) for LCD_reset
    http_server.o(.text) refers to leds_1.o(.text) for LED_Expo
    http_server.o(.text) refers to rtx_delay.o(.text) for osDelay
    http_server.o(.text) refers to rtc_1.o(.text) for RTC_Init
    http_server.o(.text) refers to net_sntp_client_core.o(i.netSNTPc_GetTime) for netSNTPc_GetTime
    http_server.o(.text) refers to rtx_msgqueue.o(.text) for osMessageQueueNew
    http_server.o(.text) refers to botonazul_rst.o(.text) for BotonAzul_Init
    http_server.o(.text) refers to net_sys.o(i.netInitialize) for netInitialize
    http_server.o(.text) refers to http_server.o(.bss) for adchandle
    http_server.o(.text) refers to http_server.o(.data) for voltage
    http_server.o(.text) refers to rtc_1.o(.bss) for aShowDate
    http_server.o(.text) refers to sntp.o(.text) for time_callback
    http_server.o(.text) refers to lcd_1.o(.data) for colaLCD_L1
    http_server.o(.constdata) refers to http_server.o(.bss) for app_main_stk
    http_server_cgi.o(.text) refers to net_http_server.o(i.netCGI_GetEnvVar) for netCGI_GetEnvVar
    http_server_cgi.o(.text) refers to net_addr.o(i.netIP_aton) for netIP_aton
    http_server_cgi.o(.text) refers to net_sys.o(i.netIF_SetOption) for netIF_SetOption
    http_server_cgi.o(.text) refers to leds_1.o(.text) for LED_Expo
    http_server_cgi.o(.text) refers to strcmp.o(.text) for strcmp
    http_server_cgi.o(.text) refers to strncmp.o(.text) for strncmp
    http_server_cgi.o(.text) refers to net_http_server.o(i.netHTTPs_LoginActive) for netHTTPs_LoginActive
    http_server_cgi.o(.text) refers to strcpy.o(.text) for strcpy
    http_server_cgi.o(.text) refers to net_http_server.o(i.netHTTPs_SetPassword) for netHTTPs_SetPassword
    http_server_cgi.o(.text) refers to rtx_thread.o(.text) for osThreadFlagsSet
    http_server_cgi.o(.text) refers to net_sys.o(i.netIF_GetOption) for netIF_GetOption
    http_server_cgi.o(.text) refers to net_addr.o(i.netIP_ntoa) for netIP_ntoa
    http_server_cgi.o(.text) refers to printfa.o(i.__0sprintf) for __2sprintf
    http_server_cgi.o(.text) refers to net_tcp.o(i.netTCP_GetState) for netTCP_GetState
    http_server_cgi.o(.text) refers to net_tcp.o(i.netTCP_GetLocalPort) for netTCP_GetLocalPort
    http_server_cgi.o(.text) refers to net_tcp.o(i.netTCP_GetPeer) for netTCP_GetPeer
    http_server_cgi.o(.text) refers to net_tcp.o(i.netTCP_GetTimer) for netTCP_GetTimer
    http_server_cgi.o(.text) refers to http_server_cgi.o(.bss) for ip_addr
    http_server_cgi.o(.text) refers to http_server_cgi.o(.data) for P2
    http_server_cgi.o(.text) refers to http_server.o(.data) for modo_leds
    http_server_cgi.o(.text) refers to http_server_cgi.o(.conststring) for .conststring
    http_server_cgi.o(.text) refers to net_http_server.o(i.netHTTPs_GetPassword) for netHTTPs_GetPassword
    http_server_cgi.o(.text) refers to net_http_server.o(i.netHTTPs_GetLanguage) for netHTTPs_GetLanguage
    http_server_cgi.o(.text) refers to http_server.o(.text) for AD_in
    http_server_cgi.o(.text) refers to ffltui.o(.text) for __aeabi_ui2f
    http_server_cgi.o(.text) refers to fmul.o(.text) for __aeabi_fmul
    http_server_cgi.o(.text) refers to fdiv.o(.text) for __aeabi_fdiv
    http_server_cgi.o(.text) refers to f2d.o(.text) for __aeabi_f2d
    http_server_cgi.o(.text) refers to rtc_1.o(.bss) for aShowDate
    web.o(.text) refers to web.o(.constdata) for imageFileTable
    leds_1.o(.text) refers to stm32f4xx_hal_gpio.o(.text) for HAL_GPIO_Init
    leds_1.o(.text) refers to leds_1.o(.constdata) for LED_PIN
    lcd_1.o(.text) refers to stm32f4xx_hal_gpio.o(.text) for HAL_GPIO_WritePin
    lcd_1.o(.text) refers to stm32f4xx_hal_tim.o(.text) for HAL_TIM_Base_Init
    lcd_1.o(.text) refers to lcd_1.o(.data) for SPIdrv
    lcd_1.o(.text) refers to lcd_1.o(.bss) for buffer
    lcd_1.o(.text) refers to lcd_1.o(.constdata) for Arial12x12
    lcd_1.o(.text) refers to memcpya.o(.text) for __aeabi_memcpy4
    lcd_1.o(.text) refers to rtx_msgqueue.o(.text) for osMessageQueueGet
[...]
    __c89sprintf                             0x0801352d   Thumb Code     0  printfa.o(i.__0sprintf)
    sprintf                                  0x0801352d   Thumb Code     0  printfa.o(i.__0sprintf)
    __scatterload_copy                       0x08013555   Thumb Code    14  handlers.o(i.__scatterload_copy)
    __scatterload_null                       0x08013563   Thumb Code     2  handlers.o(i.__scatterload_null)
    __scatterload_zeroinit                   0x08013565   Thumb Code    14  handlers.o(i.__scatterload_zeroinit)
    netCGI_Charset                           0x08016ca1   Thumb Code     4  net_http_server.o(i.netCGI_Charset)
    netCGI_ContentType                       0x08016ca5   Thumb Code     4  net_http_server.o(i.netCGI_ContentType)
    netCGI_CustomHeader                      0x08016ca9   Thumb Code     4  net_http_server.o(i.netCGI_CustomHeader)
    netCGI_GetEnvVar                         0x08016cad   Thumb Code   104  net_http_server.o(i.netCGI_GetEnvVar)
    netCGI_Redirect                          0x08016d19   Thumb Code     4  net_http_server.o(i.netCGI_Redirect)
    netCGX_ContentType                       0x08016d1d   Thumb Code     4  net_http_server.o(i.netCGX_ContentType)
    netCore_Thread                           0x08016d21   Thumb Code    90  net_sys.o(i.netCore_Thread)
    netETH_Notify                            0x08016d85   Thumb Code     2  net_eth.o(i.netETH_Notify)
    netETH_ReceiveRaw                        0x08016d87   Thumb Code     2  net_eth.o(i.netETH_ReceiveRaw)
    netETH_Thread                            0x08016d89   Thumb Code   114  net_eth.o(i.netETH_Thread)
    netHTTPs_AcceptClient                    0x08016dfb   Thumb Code     4  net_http_server.o(i.netHTTPs_AcceptClient)
    netHTTPs_CheckAccount                    0x08016dff   Thumb Code     4  net_http_server_auth.o(i.netHTTPs_CheckAccount)
    netHTTPs_FileAccess                      0x08016e03   Thumb Code     4  net_http_server.o(i.netHTTPs_FileAccess)
    netHTTPs_GetLanguage                     0x08016e09   Thumb Code    24  net_http_server.o(i.netHTTPs_GetLanguage)
    netHTTPs_GetPassword                     0x08016e29   Thumb Code     6  net_http_server.o(i.netHTTPs_GetPassword)
    netHTTPs_LoginActive                     0x08016e35   Thumb Code     6  net_http_server.o(i.netHTTPs_LoginActive)
    netHTTPs_SetPassword                     0x08016e41   Thumb Code    78  net_http_server.o(i.netHTTPs_SetPassword)
    netIF_GetOption                          0x08016e99   Thumb Code   128  net_sys.o(i.netIF_GetOption)
    netIF_SetOption                          0x08016f21   Thumb Code   124  net_sys.o(i.netIF_SetOption)
    netIP_aton                               0x08016fa5   Thumb Code    26  net_addr.o(i.netIP_aton)
    netIP_ntoa                               0x08016fbf   Thumb Code    50  net_addr.o(i.netIP_ntoa)
    netInitialize                            0x08016ff1   Thumb Code   156  net_sys.o(i.netInitialize)
    netMAC_aton                              0x0801709d   Thumb Code   140  net_addr.o(i.netMAC_aton)
    netSNTPc_GetTime                         0x08017129   Thumb Code    28  net_sntp_client_core.o(i.netSNTPc_GetTime)
    netTCP_GetLocalPort                      0x08017145   Thumb Code     4  net_tcp.o(i.netTCP_GetLocalPort)
    netTCP_GetPeer                           0x08017149   Thumb Code    32  net_tcp.o(i.netTCP_GetPeer)
    netTCP_GetState                          0x08017169   Thumb Code     4  net_tcp.o(i.netTCP_GetState)
    netTCP_GetTimer                          0x0801716d   Thumb Code     4  net_tcp.o(i.netTCP_GetTimer)
    net_addr4_aton                           0x08017171   Thumb Code   124  net_addr.o(i.net_addr4_aton)
    net_addr4_to_mac                         0x080171ed   Thumb Code    30  net_addr.o(i.net_addr4_to_mac)
    net_addr6_aton                           0x0801720d   Thumb Code   230  net_addr.o(i.net_addr6_aton)
    net_addr6_comp                           0x080172f3   Thumb Code    40  net_addr.o(i.net_addr6_comp)
    net_addr6_copy                           0x0801731b   Thumb Code    18  net_addr.o(i.net_addr6_copy)
    net_addr6_create                         0x0801732d   Thumb Code    70  net_addr.o(i.net_addr6_create)
    net_addr6_get_solicited                  0x08017379   Thumb Code    34  net_addr.o(i.net_addr6_get_solicited)
    net_addr6_is_linklocal                   0x080173a1   Thumb Code    24  net_addr.o(i.net_addr6_is_linklocal)
    net_addr6_is_onlink                      0x080173b9   Thumb Code   110  net_addr.o(i.net_addr6_is_onlink)
    net_addr6_is_solicited                   0x08017427   Thumb Code    72  net_addr.o(i.net_addr6_is_solicited)
    net_addr6_is_unspec                      0x0801746f   Thumb Code    24  net_addr.o(i.net_addr6_is_unspec)
    net_addr6_to_mac                         0x08017487   Thumb Code    14  net_addr.o(i.net_addr6_to_mac)
    net_addr_comp                            0x08017495   Thumb Code    44  net_addr.o(i.net_addr_comp)
    net_addr_copy                            0x080174c1   Thumb Code    38  net_addr.o(i.net_addr_copy)
    net_addr_find_route                      0x080174e7   Thumb Code    26  net_addr.o(i.net_addr_find_route)
    net_addr_get_local                       0x08017501   Thumb Code    26  net_addr.o(i.net_addr_get_local)
    net_addr_is_unspec                       0x08017521   Thumb Code    34  net_addr.o(i.net_addr_is_unspec)
    net_arp_cache_add                        0x08017545   Thumb Code   276  net_arp.o(i.net_arp_cache_add)
    net_arp_cache_early                      0x08017661   Thumb Code   180  net_arp.o(i.net_arp_cache_early)
    net_arp_cache_find                       0x0801771d   Thumb Code   224  net_arp.o(i.net_arp_cache_find)
    net_arp_cache_init                       0x08017809   Thumb Code    64  net_arp.o(i.net_arp_cache_init)
    net_arp_cache_run                        0x08017851   Thumb Code    22  net_arp.o(i.net_arp_cache_run)
    net_arp_cache_uninit                     0x0801786d   Thumb Code    56  net_arp.o(i.net_arp_cache_uninit)
    net_arp_enqueue                          0x080178ad   Thumb Code   114  net_arp.o(i.net_arp_enqueue)
    net_arp_notify                           0x08017925   Thumb Code    32  net_arp.o(i.net_arp_notify)
    net_arp_process                          0x08017945   Thumb Code   536  net_arp.o(i.net_arp_process)
    net_atoi                                 0x08017b69   Thumb Code    66  net_common.o(i.net_atoi)
    net_base64_decode                        0x08017bad   Thumb Code   114  net_base64.o(i.net_base64_decode)
    net_chksum_buf                           0x08017c25   Thumb Code    48  net_common.o(i.net_chksum_buf)
    net_crc_buf                              0x08017c55   Thumb Code    30  net_common.o(i.net_crc_buf)
    net_eth_callback                         0x08017c73   Thumb Code    14  net_eth.o(i.net_eth_callback)
    net_eth_config_mcast                     0x08017c81   Thumb Code   104  net_eth.o(i.net_eth_config_mcast)
    net_eth_get_option                       0x08017ce9   Thumb Code   234  net_eth.o(i.net_eth_get_option)
    net_eth_iface_init                       0x08017dd5   Thumb Code    22  net_eth.o(i.net_eth_iface_init)
    net_eth_iface_run                        0x08017df1   Thumb Code    22  net_eth.o(i.net_eth_iface_run)
    net_eth_iface_uninit                     0x08017e0d   Thumb Code    22  net_eth.o(i.net_eth_iface_uninit)
    net_eth_output                           0x08017e29   Thumb Code   164  net_eth.o(i.net_eth_output)
    net_eth_send_frame                       0x08017ed1   Thumb Code   462  net_eth.o(i.net_eth_send_frame)
    net_eth_set_option                       0x080180b1   Thumb Code   610  net_eth.o(i.net_eth_set_option)
    net_http_server_init                     0x08018321   Thumb Code   212  net_http_server.o(i.net_http_server_init)
    net_http_server_run                      0x08018409   Thumb Code    30  net_http_server.o(i.net_http_server_run)
    net_http_server_uninit                   0x08018431   Thumb Code    98  net_http_server.o(i.net_http_server_uninit)
    net_icmp6_init                           0x080184a1   Thumb Code    20  net_icmp6.o(i.net_icmp6_init)
    net_icmp6_process                        0x080184b9   Thumb Code   542  net_icmp6.o(i.net_icmp6_process)
    net_icmp6_send                           0x080186f1   Thumb Code   122  net_icmp6.o(i.net_icmp6_send)
    net_icmp6_send_echo                      0x08018775   Thumb Code    78  net_icmp6.o(i.net_icmp6_send_echo)
    net_icmp_init                            0x080187cd   Thumb Code    20  net_icmp.o(i.net_icmp_init)
    net_icmp_process                         0x080187e5   Thumb Code   430  net_icmp.o(i.net_icmp_process)
    net_icmp_send_echo                       0x080189ad   Thumb Code   142  net_icmp.o(i.net_icmp_send_echo)
    net_if_map_all                           0x08018a4d   Thumb Code     6  net_sys.o(i.net_if_map_all)
    net_igmp_collect_mcast                   0x08018a59   Thumb Code   104  net_igmp.o(i.net_igmp_collect_mcast)
    net_igmp_host_init                       0x08018ac5   Thumb Code    68  net_igmp.o(i.net_igmp_host_init)
    net_igmp_host_run                        0x08018b0d   Thumb Code    22  net_igmp.o(i.net_igmp_host_run)
    net_igmp_host_uninit                     0x08018b29   Thumb Code    48  net_igmp.o(i.net_igmp_host_uninit)
    net_igmp_is_member                       0x08018b61   Thumb Code    28  net_igmp.o(i.net_igmp_is_member)
    net_igmp_process                         0x08018b81   Thumb Code   414  net_igmp.o(i.net_igmp_process)
    net_ip4_chk_frame                        0x08018d2d   Thumb Code   372  net_ip4.o(i.net_ip4_chk_frame)
    net_ip4_chksum                           0x08018eb9   Thumb Code    44  net_ip4.o(i.net_ip4_chksum)
    net_ip4_chksum_buf                       0x08018ee5   Thumb Code     6  net_ip4.o(i.net_ip4_chksum_buf)
    net_ip4_find_route                       0x08018eed   Thumb Code   104  net_ip4.o(i.net_ip4_find_route)
    net_ip4_get_local                        0x08018f6d   Thumb Code    40  net_ip4.o(i.net_ip4_get_local)
    net_ip4_init                             0x08018f99   Thumb Code    22  net_ip4.o(i.net_ip4_init)
    net_ip4_is_onlink                        0x08018fbd   Thumb Code    32  net_ip4.o(i.net_ip4_is_onlink)
    net_ip4_is_subcast                       0x08018fdd   Thumb Code    38  net_ip4.o(i.net_ip4_is_subcast)
    net_ip4_reass_frame                      0x08019003   Thumb Code    14  net_ip4.o(i.net_ip4_reass_frame)
    net_ip4_send_frame                       0x08019011   Thumb Code   340  net_ip4.o(i.net_ip4_send_frame)
    net_ip4_tx_offl_hl                       0x08019175   Thumb Code    42  net_ip4.o(i.net_ip4_tx_offl_hl)
    net_ip4_uninit                           0x080191a1   Thumb Code    22  net_ip4.o(i.net_ip4_uninit)
    net_ip6_chk_frame                        0x080191c1   Thumb Code   236  net_ip6.o(i.net_ip6_chk_frame)
    net_ip6_chksum                           0x080192c1   Thumb Code    50  net_ip6.o(i.net_ip6_chksum)
    net_ip6_collect_mcast                    0x080192f5   Thumb Code   118  net_ip6.o(i.net_ip6_collect_mcast)
    net_ip6_find_route                       0x08019371   Thumb Code    56  net_ip6.o(i.net_ip6_find_route)
    net_ip6_get_local                        0x080193b9   Thumb Code    74  net_ip6.o(i.net_ip6_get_local)
    net_ip6_init                             0x0801940d   Thumb Code    20  net_ip6.o(i.net_ip6_init)
    net_ip6_send_frame                       0x08019429   Thumb Code   192  net_ip6.o(i.net_ip6_send_frame)
    net_ip6_tx_offl_hl                       0x080194f5   Thumb Code    30  net_ip6.o(i.net_ip6_tx_offl_hl)
    net_ip6_uninit                           0x08019515   Thumb Code    20  net_ip6.o(i.net_ip6_uninit)
    net_itoa                                 0x08019531   Thumb Code     8  net_common.o(i.net_itoa)
    net_itoa_n0                              0x08019539   Thumb Code     6  net_common.o(i.net_itoa_n0)
    net_loop_iface_init                      0x08019541   Thumb Code    40  net_loopback.o(i.net_loop_iface_init)
    net_loop_iface_run                       0x08019571   Thumb Code   176  net_loopback.o(i.net_loop_iface_run)
    net_loop_iface_uninit                    0x0801962d   Thumb Code    32  net_loopback.o(i.net_loop_iface_uninit)
    net_loop_send_frame                      0x08019655   Thumb Code   104  net_loopback.o(i.net_loop_send_frame)
    net_mem_alloc                            0x080196c5   Thumb Code   178  net_mem.o(i.net_mem_alloc)
    net_mem_avail                            0x08019785   Thumb Code    22  net_mem.o(i.net_mem_avail)
    net_mem_free                             0x080197a1   Thumb Code   152  net_mem.o(i.net_mem_free)
    net_mem_init                             0x08019845   Thumb Code    98  net_mem.o(i.net_mem_init)
    net_mem_shrink                           0x080198b5   Thumb Code    62  net_mem.o(i.net_mem_shrink)
    net_nbns_client_init                     0x080198fd   Thumb Code    82  net_nbns_client.o(i.net_nbns_client_init)
    net_nbns_client_uninit                   0x08019961   Thumb Code    42  net_nbns_client.o(i.net_nbns_client_uninit)
    net_ndp_cache_find                       0x08019999   Thumb Code   438  net_ndp.o(i.net_ndp_cache_find)
    net_ndp_cache_refresh                    0x08019b5d   Thumb Code   112  net_ndp.o(i.net_ndp_cache_refresh)
    net_ndp_enqueue                          0x08019bd5   Thumb Code   108  net_ndp.o(i.net_ndp_enqueue)
    net_ndp_process                          0x08019c45   Thumb Code   872  net_ndp.o(i.net_ndp_process)
    net_path                                 0x08019fb9   Thumb Code    52  net_sys.o(i.net_path)
    net_ping_client_init                     0x08019ff1   Thumb Code    22  net_ping_core.o(i.net_ping_client_init)
    net_ping_client_run                      0x0801a011   Thumb Code   110  net_ping_core.o(i.net_ping_client_run)
    net_ping_client_uninit                   0x0801a091   Thumb Code    24  net_ping_core.o(i.net_ping_client_uninit)
    net_rand32                               0x0801a0b1   Thumb Code    18  net_sys.o(i.net_rand32)
    net_sntp_client_init                     0x0801a0cd   Thumb Code    80  net_sntp_client_core.o(i.net_sntp_client_init)
    net_sntp_client_run                      0x0801a129   Thumb Code    76  net_sntp_client_core.o(i.net_sntp_client_run)
    net_sntp_client_start                    0x0801a181   Thumb Code   312  net_sntp_client_core.o(i.net_sntp_client_start)
    net_sntp_client_uninit                   0x0801a2c9   Thumb Code    24  net_sntp_client_core.o(i.net_sntp_client_uninit)
    net_strcasecmp                           0x0801a2e9   Thumb Code    46  net_common.o(i.net_strcasecmp)
    net_strchr                               0x0801a317   Thumb Code    22  net_common.o(i.net_strchr)
    net_strcmp                               0x0801a32d   Thumb Code    26  net_common.o(i.net_strcmp)
    net_strcpy                               0x0801a347   Thumb Code    18  net_common.o(i.net_strcpy)
    net_strnchr                              0x0801a359   Thumb Code    28  net_common.o(i.net_strnchr)
    net_strncpy                              0x0801a375   Thumb Code    26  net_common.o(i.net_strncpy)
    net_strtoupper                           0x0801a38f   Thumb Code    32  net_common.o(i.net_strtoupper)
    net_sys_lock                             0x0801a3b1   Thumb Code     8  net_sys.o(i.net_sys_lock)
    net_sys_resume                           0x0801a3bd   Thumb Code    22  net_sys.o(i.net_sys_resume)
    net_sys_tick                             0x0801a3d5   Thumb Code    16  net_sys.o(i.net_sys_tick)
    net_sys_unlock                           0x0801a3e9   Thumb Code     8  net_sys.o(i.net_sys_unlock)
    net_sys_wakeup                           0x0801a3f5   Thumb Code    26  net_sys.o(i.net_sys_wakeup)
    net_tcp_abort                            0x0801a415   Thumb Code   122  net_tcp.o(i.net_tcp_abort)
    net_tcp_close                            0x0801a499   Thumb Code   218  net_tcp.o(i.net_tcp_close)
    net_tcp_get_buf                          0x0801a57d   Thumb Code    46  net_tcp.o(i.net_tcp_get_buf)
    net_tcp_get_local_port                   0x0801a5ad   Thumb Code    48  net_tcp.o(i.net_tcp_get_local_port)
    net_tcp_get_mss                          0x0801a5e1   Thumb Code    34  net_tcp.o(i.net_tcp_get_mss)
    net_tcp_get_peer                         0x0801a609   Thumb Code    80  net_tcp.o(i.net_tcp_get_peer)
    net_tcp_get_socket                       0x0801a65d   Thumb Code   104  net_tcp.o(i.net_tcp_get_socket)
    net_tcp_get_state                        0x0801a6cd   Thumb Code    40  net_tcp.o(i.net_tcp_get_state)
    net_tcp_get_timer                        0x0801a6f9   Thumb Code    48  net_tcp.o(i.net_tcp_get_timer)
    net_tcp_listen                           0x0801a72d   Thumb Code   168  net_tcp.o(i.net_tcp_listen)
    net_tcp_process                          0x0801a7dd   Thumb Code  1956  net_tcp.o(i.net_tcp_process)
    net_tcp_send                             0x0801af85   Thumb Code   336  net_tcp.o(i.net_tcp_send)
    net_tcp_set_option                       0x0801b0e1   Thumb Code   288  net_tcp.o(i.net_tcp_set_option)
    net_tcp_socket_init                      0x0801b20d   Thumb Code    30  net_tcp.o(i.net_tcp_socket_init)
    net_tcp_socket_run                       0x0801b235   Thumb Code   938  net_tcp.o(i.net_tcp_socket_run)
    net_tcp_socket_uninit                    0x0801b5f5   Thumb Code    30  net_tcp.o(i.net_tcp_socket_uninit)
    net_udp_close                            0x0801b61d   Thumb Code    62  net_udp.o(i.net_udp_close)
    net_udp_get_buf                          0x0801b665   Thumb Code    46  net_udp.o(i.net_udp_get_buf)
    net_udp_get_socket                       0x0801b695   Thumb Code   102  net_udp.o(i.net_udp_get_socket)
    net_udp_open                             0x0801b705   Thumb Code   160  net_udp.o(i.net_udp_open)
    net_udp_process                          0x0801b7b1   Thumb Code   322  net_udp.o(i.net_udp_process)
    net_udp_send                             0x0801b909   Thumb Code    18  net_udp.o(i.net_udp_send)
    net_udp_send_if                          0x0801b91d   Thumb Code   540  net_udp.o(i.net_udp_send_if)
    net_udp_socket_init                      0x0801bb49   Thumb Code    30  net_udp.o(i.net_udp_socket_init)
    net_udp_socket_uninit                    0x0801bb6d   Thumb Code    28  net_udp.o(i.net_udp_socket_uninit)
    net_ultoa                                0x0801bb91   Thumb Code     8  net_common.o(i.net_ultoa)
    net_ultox                                0x0801bb99   Thumb Code    44  net_common.o(i.net_ultox)
    net_xtoul                                0x0801bbc9   Thumb Code    76  net_common.o(i.net_xtoul)
    app_main_attr                            0x0801c854   Data          36  http_server.o(.constdata)
    imageLastModified                        0x0801c878   Data           4  web.o(.constdata)
    Arial12x12                               0x08023278   Data        2400  lcd_1.o(.constdata)
    irqRtxLib                                0x08023c08   Data           1  irq_armv7m.o(.constdata)
    irqRtxLibRef                             0x08023c6c   Data           4  rtx_lib.o(.constdata)
    osRtxUserSVC                             0x08023c70   Data           4  rtx_lib.o(.constdata)
    Driver_ETH_PHY0                          0x08023c78   Data          32  phy_lan8742a.o(.constdata)
    Driver_ETH_MAC0                          0x08023ce8   Data          68  emac_stm32f4xx.o(.constdata)
    Driver_SPI1                              0x08023d80   Data          44  spi_stm32f4xx.o(.constdata)
    EventRecorderInfo                        0x08023dac   Data          24  eventrecorder.o(.constdata)
    AHBPrescTable                            0x08023dcc   Data          16  system_stm32f4xx.o(.constdata)
    APBPrescTable                            0x08023ddc   Data           8  system_stm32f4xx.o(.constdata)
    net_sys_config                           0x08023e6c   Data          28  net_config.o(.constdata)
    net_eth0_if_config                       0x08023ee0   Data          44  net_config.o(.constdata)
    net_eth_list                             0x08023f2c   Data           8  net_config.o(.constdata)
    net_if_list_lan                          0x08023f34   Data           8  net_config.o(.constdata)
    net_if_list_all                          0x08023f3c   Data           8  net_config.o(.constdata)
    net_if_inet_def                          0x08023f44   Data           8  net_config.o(.constdata)
    net_if_link_def                          0x08023f4c   Data           8  net_config.o(.constdata)
    net_arp_list                             0x08023f54   Data           8  net_config.o(.constdata)
    net_icmp_list                            0x08023f5c   Data           8  net_config.o(.constdata)
    net_igmp_list                            0x08023f64   Data           8  net_config.o(.constdata)
    net_ndp_list                             0x08023f6c   Data           4  net_config.o(.constdata)
    net_icmp6_list                           0x08023f70   Data           4  net_config.o(.constdata)
    net_udp_config                           0x08023f74   Data          12  net_config.o(.constdata)
    net_tcp_config                           0x08023f80   Data          24  net_config.o(.constdata)
    net_http_config                          0x08023f98   Data          52  net_config.o(.constdata)
    net_sntp_config                          0x08023fcc   Data           8  net_config.o(.constdata)
    net_sys_fn_uninit                        0x08024024   Data          44  net_config.o(.constdata)
    netif_getopt_func                        0x08024050   Data          16  net_config.o(.constdata)
    netif_setopt_func                        0x08024060   Data          16  net_config.o(.constdata)
    net_loop_if_config                       0x08024078   Data          44  net_loopback.o(.constdata)
    net_http_auth_basic_func                 0x080241b4   Data          24  net_http_server_auth.o(.constdata)
    net_ping_payload                         0x080241cc   Data          18  net_ping_core.o(.constdata)
    net_addr_unspec                          0x080241de   Data          16  net_addr.o(.constdata)
    net_addr_bcast                           0x080241ee   Data           6  net_addr.o(.constdata)
    net_addr4_loopback                       0x080241f4   Data           4  net_ip4.o(.constdata)
    net_addr6_all_nodes                      0x080241f8   Data          16  net_ip6.o(.constdata)
    net_addr6_loopback                       0x08024208   Data          16  net_ip6.o(.constdata)
    net_http_error                           0x08024218   Data          24  net_http_server_err.o(.constdata)
    net_lib_version                          0x080242d0   Data           4  net_version.o(.constdata)
    network_ip4ip6_debug_v7.15.0             0x080242d0   Data           4  net_version.o(.constdata)
    osRtxConfig                              0x080246c0   Data         112  rtx_lib.o(.rodata)
    os_cb_sections                           0x08024730   Data          56  rtx_lib.o(.rodata)
    Region$$Table$$Base                      0x08024768   Number         0  anon$$obj.o(Region$$Table)
    Region$$Table$$Limit                     0x08024798   Number         0  anon$$obj.o(Region$$Table)
    .bss.os.msgqueue.cb$$Base                0x20008044   Number         0  rtx_lib.o(.bss.os.msgqueue.cb)
    .bss.os.msgqueue.cb$$Limit               0x20008078   Number         0  rtx_lib.o(.bss.os.msgqueue.cb)
    .bss.os.mutex.cb$$Base                   0x200080c8   Number         0  net_config.o(.bss.os.mutex.cb)
    .bss.os.mutex.cb$$Limit                  0x20008100   Number         0  net_config.o(.bss.os.mutex.cb)
    .bss.os.semaphore.cb$$Base               0x20008100   Number         0  net_config.o(.bss.os.semaphore.cb)
    .bss.os.semaphore.cb$$Limit              0x20008110   Number         0  net_config.o(.bss.os.semaphore.cb)
    .bss.os.thread.cb$$Base                  0x20008110   Number         0  rtx_lib.o(.bss.os.thread.cb)
    .bss.os.thread.cb$$Limit                 0x20008220   Number         0  net_config.o(.bss.os.thread.cb)
    .bss.os.timer.cb$$Base                   0x20008620   Number         0  net_config.o(.bss.os.timer.cb)
    .bss.os.timer.cb$$Limit                  0x20008640   Number         0  net_config.o(.bss.os.timer.cb)
    modo_leds                                0x20008644   Data           1  http_server.o(.data)
    lcd_text                                 0x20008645   Data          42  http_server.o(.data)
    TID_Display                              0x20008670   Data           4  http_server.o(.data)
    TID_Led                                  0x20008674   Data           4  http_server.o(.data)
    TID_Rtc                                  0x20008678   Data           4  http_server.o(.data)
    TID_LDR_5                                0x2000867c   Data           4  http_server.o(.data)
    TID_Sntp                                 0x20008680   Data           4  http_server.o(.data)
    TID_Alarma                               0x20008684   Data           4  http_server.o(.data)
    voltage                                  0x20008688   Data           4  http_server.o(.data)
    SPIdrv                                   0x2000869c   Data           4  lcd_1.o(.data)
    tid_Thread_LCD                           0x200086a0   Data           4  lcd_1.o(.data)
    colaLCD_L1                               0x200086a4   Data           4  lcd_1.o(.data)
    colaLCD_L2                               0x200086a8   Data           4  lcd_1.o(.data)
    mid_MsgQueueADC                          0x200086ac   Data           4  adc.o(.data)
    tid_Thread_adc                           0x200086b0   Data           4  adc.o(.data)
    newVoltage                               0x200086b4   Data           4  adc.o(.data)
    voltaje                                  0x200086b8   Data           4  adc.o(.data)
    TestADC                                  0x200086bc   Data           1  adc.o(.data)
    tid_Th_ADC_Test                          0x200086c0   Data           4  adc.o(.data)
    date                                     0x200086c4   Data           4  rtc_1.o(.data)
    nowtime                                  0x200086c8   Data           4  sntp.o(.data)
    uwTick                                   0x200086cc   Data           4  stm32f4xx_hal.o(.data)
    uwTickPrio                               0x200086d0   Data           4  stm32f4xx_hal.o(.data)
    uwTickFreq                               0x200086d4   Data           1  stm32f4xx_hal.o(.data)
    SystemCoreClock                          0x200086d8   Data           4  system_stm32f4xx.o(.data)
    net_eth0_igmp_control                    0x200086ea   Data           4  net_igmp.o(.data)
    net_eth0_icmp_control                    0x200086f4   Data           1  net_icmp.o(.data)
    osRtxInfo                                0x20008718   Data         164  rtx_kernel.o(.data.os)
    app_main_stk                             0x200087c0   Data        1024  http_server.o(.bss)
    adchandle                                0x20008bc0   Data          72  http_server.o(.bss)
    htim7                                    0x20008c40   Data          64  lcd_1.o(.bss)
    hrtc                                     0x20008e80   Data          32  rtc_1.o(.bss)
    aShowDate                                0x20008ea0   Data          80  rtc_1.o(.bss)
    aShowTime                                0x20008ef0   Data          80  rtc_1.o(.bss)
    stime                                    0x20008f40   Data          20  rtc_1.o(.bss)
    nowtm                                    0x20008f54   Data          44  sntp.o(.bss)
    net_eth0_if_control                      0x2000f038   Data         160  net_eth.o(.bss)
    net_eth0_arp_control                     0x2000f0d8   Data          24  net_arp.o(.bss)
    net_http_control                         0x2000f190   Data          20  net_http_server.o(.bss)
    net_sntp_control                         0x2000f1a4   Data          44  net_sntp_client_core.o(.bss)
    net_ping_control                         0x2000f1d0   Data          44  net_ping_core.o(.bss)
    net_sys_control                          0x2000f20c   Data          28  net_sys.o(.bss)
    net_dbg_buf                              0x2000f234   Data          36  net_sys.o(.bss)
    __initial_sp                             0x2000f6f8   Data           0  startup_stm32f429xx.o(STACK)



==============================================================================

Memory Map of the image

  Image Entry point : 0x080001ad

  Load Region LR_IROM1 (Base: 0x08000000, Size: 0x0002cf54, Max: 0x00200000, ABSOLUTE, COMPRESSED[0x000248d0])

    Execution Region ER_IROM1 (Exec base: 0x08000000, Load base: 0x08000000, Size: 0x00024798, Max: 0x00200000, ABSOLUTE)

    Exec Addr    Load Addr    Size         Type   Attr      Idx    E Section Name        Object

    0x08000000   0x08000000   0x000001ac   Data   RO         1639    RESET               startup_stm32f429xx.o
    0x080001ac   0x080001ac   0x00000000   Code   RO         2746  * .ARM.Collect$$$$00000000  mc_w.l(entry.o)
    0x080001ac   0x080001ac   0x00000004   Code   RO         3044    .ARM.Collect$$$$00000001  mc_w.l(entry2.o)
    0x080001b0   0x080001b0   0x00000004   Code   RO         3047    .ARM.Collect$$$$00000004  mc_w.l(entry5.o)
    0x080001b4   0x080001b4   0x00000000   Code   RO         3049    .ARM.Collect$$$$00000008  mc_w.l(entry7b.o)
    0x080001b4   0x080001b4   0x00000000   Code   RO         3051    .ARM.Collect$$$$0000000A  mc_w.l(entry8b.o)
    0x080001b4   0x080001b4   0x00000008   Code   RO         3052    .ARM.Collect$$$$0000000B  mc_w.l(entry9a.o)
    0x080001bc   0x080001bc   0x00000004   Code   RO         3059    .ARM.Collect$$$$0000000E  mc_w.l(entry12b.o)
    0x080001c0   0x080001c0   0x00000000   Code   RO         3054    .ARM.Collect$$$$0000000F  mc_w.l(entry10a.o)
    0x080001c0   0x080001c0   0x00000000   Code   RO         3056    .ARM.Collect$$$$00000011  mc_w.l(entry11a.o)
    0x080001c0   0x080001c0   0x00000004   Code   RO         3045    .ARM.Collect$$$$00002712  mc_w.l(entry2.o)
    0x080001c4   0x080001c4   0x00000148   Code   RO          786    .emb_text           rtx_mempool.o
    0x0800030c   0x0800030c   0x00000148   Code   RO          817    .emb_text           rtx_msgqueue.o
    0x08000454   0x08000454   0x00000148   Code   RO          882    .emb_text           rtx_semaphore.o
    0x0800059c   0x0800059c   0x00000148   Code   RO          913    .emb_text           rtx_system.o
    0x080006e4   0x080006e4   0x00000148   Code   RO          947    .emb_text           rtx_thread.o
    0x0800082c   0x0800082c   0x00000074   Code   RO         1162    .emb_text           eventrecorder.o
    0x080008a0   0x080008a0   0x00000138   Code   RO            4    .text               main.o
    0x080009d8   0x080009d8   0x00000254   Code   RO          157    .text               http_server.o
    0x08000c2c   0x08000c2c   0x00000828   Code   RO          233    .text               http_server_cgi.o
    0x08001454   0x08001454   0x00000088   Code   RO          272    .text               web.o
    0x080014dc   0x080014dc   0x00000158   Code   RO          290    .text               leds_1.o
    0x08001634   0x08001634   0x00000534   Code   RO          316    .text               lcd_1.o
    0x08001b68   0x08001b68   0x0000021c   Code   RO          356    .text               adc.o
    0x08001d84   0x08001d84   0x000001f0   Code   RO          383    .text               rtc_1.o
    0x08001f74   0x08001f74   0x0000006c   Code   RO          419    .text               sntp.o
    0x08001fe0   0x08001fe0   0x00000090   Code   RO          451    .text               botonazul_rst.o
    0x08002070   0x08002070   0x00000094   Code   RO          534    .text               irq_armv7m.o
    0x08002104   0x08002104   0x0000011c   Code   RO          542    .text               rtx_delay.o
    0x08002220   0x08002220   0x00000dd8   Code   RO          640    .text               rtx_evr.o
    0x08002ff8   0x08002ff8   0x000008b0   Code   RO          665    .text               rtx_kernel.o
    0x080038a8   0x080038a8   0x00000018   Code   RO          713    .text               rtx_lib.o
    0x080038c0   0x080038c0   0x000001de   Code   RO          756    .text               rtx_memory.o
    0x08003a9e   0x08003a9e   0x00000002   PAD
    0x08003aa0   0x08003aa0   0x000007a4   Code   RO          787    .text               rtx_mempool.o
    0x08004244   0x08004244   0x00000b88   Code   RO          818    .text               rtx_msgqueue.o
    0x08004dcc   0x08004dcc   0x00000644   Code   RO          852    .text               rtx_mutex.o
    0x08005410   0x08005410   0x00000532   Code   RO          883    .text               rtx_semaphore.o
    0x08005942   0x08005942   0x00000002   PAD
    0x08005944   0x08005944   0x000001bc   Code   RO          914    .text               rtx_system.o
    0x08005b00   0x08005b00   0x0000156c   Code   RO          948    .text               rtx_thread.o
    0x0800706c   0x0800706c   0x00000538   Code   RO          982    .text               rtx_timer.o
    0x080075a4   0x080075a4   0x000000dc   Code   RO         1012    .text               os_systick.o
    0x08007680   0x08007680   0x00000024   Code   RO         1038    .text               rtx_config.o
    0x080076a4   0x080076a4   0x00000224   Code   RO         1059    .text               phy_lan8742a.o
    0x080078c8   0x080078c8   0x00000d0c   Code   RO         1086    .text               emac_stm32f4xx.o
    0x080085d4   0x080085d4   0x00001014   Code   RO         1127    .text               spi_stm32f4xx.o
    0x080095e8   0x080095e8   0x000005f8   Code   RO         1163    .text               eventrecorder.o
    0x08009be0   0x08009be0   0x00000210   Code   RO         1197    .text               stm32f4xx_hal.o
    0x08009df0   0x08009df0   0x00000ca8   Code   RO         1227    .text               stm32f4xx_hal_adc.o
    0x0800aa98   0x0800aa98   0x00000894   Code   RO         1251    .text               stm32f4xx_hal_adc_ex.o
    0x0800b32c   0x0800b32c   0x00000384   Code   RO         1275    .text               stm32f4xx_hal_cortex.o
    0x0800b6b0   0x0800b6b0   0x000008b0   Code   RO         1303    .text               stm32f4xx_hal_dma.o
    0x0800bf60   0x0800bf60   0x000003e4   Code   RO         1352    .text               stm32f4xx_hal_gpio.o
    0x0800c344   0x0800c344   0x000001dc   Code   RO         1376    .text               stm32f4xx_hal_pwr.o
    0x0800c520   0x0800c520   0x00000934   Code   RO         1424    .text               stm32f4xx_hal_rcc.o
    0x0800ce54   0x0800ce54   0x00000734   Code   RO         1448    .text               stm32f4xx_hal_rcc_ex.o
    0x0800d588   0x0800d588   0x00000b78   Code   RO         1472    .text               stm32f4xx_hal_rtc.o
    0x0800e100   0x0800e100   0x00000de6   Code   RO         1496    .text               stm32f4xx_hal_rtc_ex.o
    0x0800eee6   0x0800eee6   0x00000002   PAD
    0x0800eee8   0x0800eee8   0x00002b72   Code   RO         1568    .text               stm32f4xx_hal_tim.o
    0x08011a5a   0x08011a5a   0x00000002   PAD
    0x08011a5c   0x08011a5c   0x00000e84   Code   RO         1592    .text               stm32f4xx_hal_tim_ex.o
    0x080128e0   0x080128e0   0x00000024   Code   RO         1640    .text               startup_stm32f429xx.o
    0x08012904   0x08012904   0x000000cc   Code   RO         1647    .text               system_stm32f4xx.o
    0x080129d0   0x080129d0   0x00000168   Code   RO         1675    .text               net_config.o
    0x08012b38   0x08012b38   0x00000150   Code   RO         1727    .text               net_debug.o
    0x08012c88   0x08012c88   0x00000062   Code   RO         2749    .text               mc_w.l(uldiv.o)
    0x08012cea   0x08012cea   0x00000002   PAD
    0x08012cec   0x08012cec   0x00000094   Code   RO         2751    .text               mc_w.l(localtime.o)
    0x08012d80   0x08012d80   0x00000024   Code   RO         2755    .text               mc_w.l(memcpya.o)
    0x08012da4   0x08012da4   0x00000024   Code   RO         2757    .text               mc_w.l(memseta.o)
    0x08012dc8   0x08012dc8   0x0000000e   Code   RO         2759    .text               mc_w.l(strlen.o)
    0x08012dd6   0x08012dd6   0x0000001c   Code   RO         2761    .text               mc_w.l(strcmp.o)
    0x08012df2   0x08012df2   0x0000001a   Code   RO         2763    .text               mc_w.l(memcmp.o)
    0x08012e0c   0x08012e0c   0x00000012   Code   RO         2765    .text               mc_w.l(strcpy.o)
    0x08012e1e   0x08012e1e   0x0000001e   Code   RO         2767    .text               mc_w.l(strncmp.o)
    0x08012e3c   0x08012e3c   0x00000064   Code   RO         3032    .text               mf_w.l(fmul.o)
    0x08012ea0   0x08012ea0   0x0000007c   Code   RO         3034    .text               mf_w.l(fdiv.o)
    0x08012f1c   0x08012f1c   0x000000e4   Code   RO         3036    .text               mf_w.l(dmul.o)
    0x08013000   0x08013000   0x0000000a   Code   RO         3038    .text               mf_w.l(ffltui.o)
    0x0801300a   0x0801300a   0x0000003e   Code   RO         3040    .text               mf_w.l(dfixi.o)
    0x08013048   0x08013048   0x00000026   Code   RO         3042    .text               mf_w.l(f2d.o)
    0x0801306e   0x0801306e   0x0000002c   Code   RO         3063    .text               mc_w.l(uidiv.o)
    0x0801309a   0x0801309a   0x0000001e   Code   RO         3065    .text               mc_w.l(llshl.o)
    0x080130b8   0x080130b8   0x00000020   Code   RO         3067    .text               mc_w.l(llushr.o)
    0x080130d8   0x080130d8   0x00000000   Code   RO         3069    .text               mc_w.l(iusefp.o)
    0x080130d8   0x080130d8   0x0000006e   Code   RO         3070    .text               mf_w.l(fepilogue.o)
    0x08013146   0x08013146   0x000000ba   Code   RO         3072    .text               mf_w.l(depilogue.o)
    0x08013200   0x08013200   0x0000014e   Code   RO         3074    .text               mf_w.l(dadd.o)
    0x0801334e   0x0801334e   0x000000de   Code   RO         3076    .text               mf_w.l(ddiv.o)
    0x0801342c   0x0801342c   0x00000030   Code   RO         3078    .text               mf_w.l(dfixul.o)
    0x0801345c   0x0801345c   0x00000030   Code   RO         3080    .text               mf_w.l(cdrcmple.o)
    0x0801348c   0x0801348c   0x00000024   Code   RO         3082    .text               mc_w.l(init.o)
    0x080134b0   0x080134b0   0x00000024   Code   RO         3085    .text               mc_w.l(llsshr.o)
    0x080134d4   0x080134d4   0x00000056   Code   RO         3095    .text               mc_w.l(__dczerorl2.o)
    0x0801352a   0x0801352a   0x00000002   PAD
    0x0801352c   0x0801352c   0x00000028   Code   RO         3006    i.__0sprintf        mc_w.l(printfa.o)
    0x08013554   0x08013554   0x0000000e   Code   RO         3089    i.__scatterload_copy  mc_w.l(handlers.o)
    0x08013562   0x08013562   0x00000002   Code   RO         3090    i.__scatterload_null  mc_w.l(handlers.o)
    0x08013564   0x08013564   0x0000000e   Code   RO         3091    i.__scatterload_zeroinit  mc_w.l(handlers.o)
    0x08013572   0x08013572   0x00000002   PAD
    0x08013574   0x08013574   0x00000184   Code   RO         3011    i._fp_digits        mc_w.l(printfa.o)
    0x080136f8   0x080136f8   0x000006b4   Code   RO         3012    i._printf_core      mc_w.l(printfa.o)
    0x08013dac   0x08013dac   0x00000024   Code   RO         3013    i._printf_post_padding  mc_w.l(printfa.o)
    0x08013dd0   0x08013dd0   0x0000002e   Code   RO         3014    i._printf_pre_padding  mc_w.l(printfa.o)
    0x08013dfe   0x08013dfe   0x0000000a   Code   RO         3016    i._sputc            mc_w.l(printfa.o)
    0x08013e08   0x08013e08   0x00000054   Code   RO         2145    i.add_server_id     Net_Dbg_CM3_L.lib(net_http_server.o)
    0x08013e5c   0x08013e5c   0x0000005c   Code   RO         1813    i.arp_cache_alloc   Net_Dbg_CM3_L.lib(net_arp.o)
    0x08013eb8   0x08013eb8   0x00000170   Code   RO         1814    i.arp_cache_run     Net_Dbg_CM3_L.lib(net_arp.o)
    0x08014028   0x08014028   0x00000038   Code   RO         1815    i.arp_is_cacheable  Net_Dbg_CM3_L.lib(net_arp.o)
    0x08014060   0x08014060   0x00000088   Code   RO         1816    i.arp_probe_run     Net_Dbg_CM3_L.lib(net_arp.o)
    0x080140e8   0x080140e8   0x000000d8   Code   RO         1818    i.arp_proc_response  Net_Dbg_CM3_L.lib(net_arp.o)
    0x080141c0   0x080141c0   0x0000001a   Code   RO         1819    i.arp_que_free      Net_Dbg_CM3_L.lib(net_arp.o)
    0x080141da   0x080141da   0x00000002   PAD
    0x080141dc   0x080141dc   0x000000a0   Code   RO         1820    i.arp_send_reply    Net_Dbg_CM3_L.lib(net_arp.o)
    0x0801427c   0x0801427c   0x000000d0   Code   RO         1821    i.arp_send_request  Net_Dbg_CM3_L.lib(net_arp.o)
    0x0801434c   0x0801434c   0x00000068   Code   RO         1822    i.arp_sender_valid  Net_Dbg_CM3_L.lib(net_arp.o)
    0x080143b4   0x080143b4   0x0000018c   Code   RO         2146    i.chk_post_req      Net_Dbg_CM3_L.lib(net_http_server.o)
    0x08014540   0x08014540   0x00000028   Code   RO         2660    i.crc32_8bit        Net_Dbg_CM3_L.lib(net_common.o)
    0x08014568   0x08014568   0x0000009a   Code   RO         1757    i.eth_check_link    Net_Dbg_CM3_L.lib(net_eth.o)
    0x08014602   0x08014602   0x00000002   PAD
    0x08014604   0x08014604   0x00000020   Code   RO         1758    i.eth_if_map        Net_Dbg_CM3_L.lib(net_eth.o)
    0x08014624   0x08014624   0x00000304   Code   RO         1759    i.eth_iface_init    Net_Dbg_CM3_L.lib(net_eth.o)
    0x08014928   0x08014928   0x00000290   Code   RO         1760    i.eth_iface_run     Net_Dbg_CM3_L.lib(net_eth.o)
    0x08014bb8   0x08014bb8   0x0000007c   Code   RO         1761    i.eth_iface_uninit  Net_Dbg_CM3_L.lib(net_eth.o)
    0x08014c34   0x08014c34   0x00000008   Code   RO         1762    i.eth_lock          Net_Dbg_CM3_L.lib(net_eth.o)
    0x08014c3c   0x08014c3c   0x0000001c   Code   RO         1763    i.eth_mtu_limit     Net_Dbg_CM3_L.lib(net_eth.o)
    0x08014c58   0x08014c58   0x00000048   Code   RO         1764    i.eth_opt_len       Net_Dbg_CM3_L.lib(net_eth.o)
    0x08014ca0   0x08014ca0   0x00000088   Code   RO         1765    i.eth_receive       Net_Dbg_CM3_L.lib(net_eth.o)
    0x08014d28   0x08014d28   0x00000008   Code   RO         1766    i.eth_unlock        Net_Dbg_CM3_L.lib(net_eth.o)
    0x08014d30   0x08014d30   0x00000028   Code   RO         2147    i.get_next_field    Net_Dbg_CM3_L.lib(net_http_server.o)
    0x08014d58   0x08014d58   0x00000032   Code   RO         2148    i.get_next_par      Net_Dbg_CM3_L.lib(net_http_server.o)
    0x08014d8a   0x08014d8a   0x00000022   Code   RO         2149    i.hex2byte          Net_Dbg_CM3_L.lib(net_http_server.o)
    0x08014dac   0x08014dac   0x0000036c   Code   RO         2150    i.http_add_header   Net_Dbg_CM3_L.lib(net_http_server.o)
    0x08015118   0x08015118   0x00000050   Code   RO         2270    i.http_auth_basic_add  Net_Dbg_CM3_L.lib(net_http_server_auth.o)
    0x08015168   0x08015168   0x00000090   Code   RO         2271    i.http_auth_basic_parse  Net_Dbg_CM3_L.lib(net_http_server_auth.o)
    0x080151f8   0x080151f8   0x00000002   Code   RO         2277    i.http_auth_dummy   Net_Dbg_CM3_L.lib(net_http_server_auth.o)
    0x080151fa   0x080151fa   0x00000002   PAD
    0x080151fc   0x080151fc   0x00000024   Code   RO         2278    i.http_auth_init    Net_Dbg_CM3_L.lib(net_http_server_auth.o)
    0x08015220   0x08015220   0x000001cc   Code   RO         2151    i.http_error_msg    Net_Dbg_CM3_L.lib(net_http_server.o)
    0x080153ec   0x080153ec   0x00000078   Code   RO         2152    i.http_get_ftype    Net_Dbg_CM3_L.lib(net_http_server.o)
    0x08015464   0x08015464   0x0000005e   Code   RO         2153    i.http_kill_session  Net_Dbg_CM3_L.lib(net_http_server.o)
    0x080154c2   0x080154c2   0x00000002   PAD
    0x080154c4   0x080154c4   0x000002a8   Code   RO         2154    i.http_listener     Net_Dbg_CM3_L.lib(net_http_server.o)
    0x0801576c   0x0801576c   0x00000184   Code   RO         2155    i.http_open_file    Net_Dbg_CM3_L.lib(net_http_server.o)
    0x080158f0   0x080158f0   0x0000011c   Code   RO         2156    i.http_parse_header  Net_Dbg_CM3_L.lib(net_http_server.o)
    0x08015a0c   0x08015a0c   0x000001a8   Code   RO         2157    i.http_proc_multipart  Net_Dbg_CM3_L.lib(net_http_server.o)
    0x08015bb4   0x08015bb4   0x00000138   Code   RO         2158    i.http_proc_post    Net_Dbg_CM3_L.lib(net_http_server.o)
    0x08015cec   0x08015cec   0x00000468   Code   RO         2159    i.http_server_run   Net_Dbg_CM3_L.lib(net_http_server.o)
    0x08016154   0x08016154   0x00000060   Code   RO         2160    i.http_server_start  Net_Dbg_CM3_L.lib(net_http_server.o)
    0x080161b4   0x080161b4   0x00000020   Code   RO         2162    i.http_strcpy       Net_Dbg_CM3_L.lib(net_http_server.o)
    0x080161d4   0x080161d4   0x000000ac   Code   RO         2163    i.http_to_utc       Net_Dbg_CM3_L.lib(net_http_server.o)
    0x08016280   0x08016280   0x0000001a   Code   RO         2661    i.i2str             Net_Dbg_CM3_L.lib(net_common.o)
    0x0801629a   0x0801629a   0x00000002   PAD
    0x0801629c   0x0801629c   0x0000009c   Code   RO         1880    i.igmp_host_run     Net_Dbg_CM3_L.lib(net_igmp.o)
    0x08016338   0x08016338   0x00000024   Code   RO         1881    i.igmp_map_group    Net_Dbg_CM3_L.lib(net_igmp.o)
    0x0801635c   0x0801635c   0x00000070   Code   RO         1882    i.igmp_send_report  Net_Dbg_CM3_L.lib(net_igmp.o)
    0x080163cc   0x080163cc   0x0000000c   Code   RO         2538    i.ip4_get_chksum    Net_Dbg_CM3_L.lib(net_ip4.o)
    0x080163d8   0x080163d8   0x00000028   Code   RO         2539    i.ip4_get_mtu       Net_Dbg_CM3_L.lib(net_ip4.o)
    0x08016400   0x08016400   0x00000040   Code   RO         2401    i.ip4_ntoa          Net_Dbg_CM3_L.lib(net_addr.o)
    0x08016440   0x08016440   0x000000ca   Code   RO         2402    i.ip6_ntoa          Net_Dbg_CM3_L.lib(net_addr.o)
    0x0801650a   0x0801650a   0x00000002   PAD
    0x0801650c   0x0801650c   0x0000000c   Code   RO         2637    i.mem_lock          Net_Dbg_CM3_L.lib(net_mem.o)
    0x08016518   0x08016518   0x0000000c   Code   RO         2638    i.mem_unlock        Net_Dbg_CM3_L.lib(net_mem.o)
    0x08016524   0x08016524   0x000001a4   Code   RO         2131    i.nbns_listener     Net_Dbg_CM3_L.lib(net_nbns_client.o)
    0x080166c8   0x080166c8   0x00000120   Code   RO         2468    i.ndp_cache_add     Net_Dbg_CM3_L.lib(net_ndp.o)
    0x080167e8   0x080167e8   0x00000072   Code   RO         2469    i.ndp_cache_alloc   Net_Dbg_CM3_L.lib(net_ndp.o)
    0x0801685a   0x0801685a   0x00000002   PAD
    0x0801685c   0x0801685c   0x00000078   Code   RO         2470    i.ndp_cache_delete  Net_Dbg_CM3_L.lib(net_ndp.o)
    0x080168d4   0x080168d4   0x0000002c   Code   RO         2472    i.ndp_check_frame   Net_Dbg_CM3_L.lib(net_ndp.o)
    0x08016900   0x08016900   0x00000012   Code   RO         2473    i.ndp_next_opt      Net_Dbg_CM3_L.lib(net_ndp.o)
    0x08016912   0x08016912   0x00000002   PAD
    0x08016914   0x08016914   0x000000e4   Code   RO         2474    i.ndp_prefix_add    Net_Dbg_CM3_L.lib(net_ndp.o)
    0x080169f8   0x080169f8   0x000000fc   Code   RO         2477    i.ndp_proc_response  Net_Dbg_CM3_L.lib(net_ndp.o)
    0x08016af4   0x08016af4   0x0000001a   Code   RO         2478    i.ndp_que_free      Net_Dbg_CM3_L.lib(net_ndp.o)
    0x08016b0e   0x08016b0e   0x00000002   PAD
    0x08016b10   0x08016b10   0x00000038   Code   RO         2479    i.ndp_router_remove  Net_Dbg_CM3_L.lib(net_ndp.o)
    0x08016b48   0x08016b48   0x0000009c   Code   RO         2480    i.ndp_send_reply    Net_Dbg_CM3_L.lib(net_ndp.o)
    0x08016be4   0x08016be4   0x000000bc   Code   RO         2481    i.ndp_send_request  Net_Dbg_CM3_L.lib(net_ndp.o)
    0x08016ca0   0x08016ca0   0x00000004   Code   RO         2164    i.netCGI_Charset    Net_Dbg_CM3_L.lib(net_http_server.o)
    0x08016ca4   0x08016ca4   0x00000004   Code   RO         2165    i.netCGI_ContentType  Net_Dbg_CM3_L.lib(net_http_server.o)
    0x08016ca8   0x08016ca8   0x00000004   Code   RO         2166    i.netCGI_CustomHeader  Net_Dbg_CM3_L.lib(net_http_server.o)
    0x08016cac   0x08016cac   0x0000006c   Code   RO         2167    i.netCGI_GetEnvVar  Net_Dbg_CM3_L.lib(net_http_server.o)
    0x08016d18   0x08016d18   0x00000004   Code   RO         2170    i.netCGI_Redirect   Net_Dbg_CM3_L.lib(net_http_server.o)
    0x08016d1c   0x08016d1c   0x00000004   Code   RO         2172    i.netCGX_ContentType  Net_Dbg_CM3_L.lib(net_http_server.o)
    0x08016d20   0x08016d20   0x00000064   Code   RO         2351    i.netCore_Thread    Net_Dbg_CM3_L.lib(net_sys.o)
    0x08016d84   0x08016d84   0x00000002   Code   RO         1767    i.netETH_Notify     Net_Dbg_CM3_L.lib(net_eth.o)
    0x08016d86   0x08016d86   0x00000002   Code   RO         1768    i.netETH_ReceiveRaw  Net_Dbg_CM3_L.lib(net_eth.o)
    0x08016d88   0x08016d88   0x00000072   Code   RO         1770    i.netETH_Thread     Net_Dbg_CM3_L.lib(net_eth.o)
    0x08016dfa   0x08016dfa   0x00000004   Code   RO         2173    i.netHTTPs_AcceptClient  Net_Dbg_CM3_L.lib(net_http_server.o)
    0x08016dfe   0x08016dfe   0x00000004   Code   RO         2279    i.netHTTPs_CheckAccount  Net_Dbg_CM3_L.lib(net_http_server_auth.o)
    0x08016e02   0x08016e02   0x00000004   Code   RO         2175    i.netHTTPs_FileAccess  Net_Dbg_CM3_L.lib(net_http_server.o)
    0x08016e06   0x08016e06   0x00000002   PAD
    0x08016e08   0x08016e08   0x00000020   Code   RO         2178    i.netHTTPs_GetLanguage  Net_Dbg_CM3_L.lib(net_http_server.o)
    0x08016e28   0x08016e28   0x0000000c   Code   RO         2179    i.netHTTPs_GetPassword  Net_Dbg_CM3_L.lib(net_http_server.o)
    0x08016e34   0x08016e34   0x0000000c   Code   RO         2185    i.netHTTPs_LoginActive  Net_Dbg_CM3_L.lib(net_http_server.o)
    0x08016e40   0x08016e40   0x00000058   Code   RO         2188    i.netHTTPs_SetPassword  Net_Dbg_CM3_L.lib(net_http_server.o)
    0x08016e98   0x08016e98   0x00000088   Code   RO         2352    i.netIF_GetOption   Net_Dbg_CM3_L.lib(net_sys.o)
    0x08016f20   0x08016f20   0x00000084   Code   RO         2354    i.netIF_SetOption   Net_Dbg_CM3_L.lib(net_sys.o)
    0x08016fa4   0x08016fa4   0x0000001a   Code   RO         2404    i.netIP_aton        Net_Dbg_CM3_L.lib(net_addr.o)
    0x08016fbe   0x08016fbe   0x00000032   Code   RO         2405    i.netIP_ntoa        Net_Dbg_CM3_L.lib(net_addr.o)
    0x08016ff0   0x08016ff0   0x000000ac   Code   RO         2355    i.netInitialize     Net_Dbg_CM3_L.lib(net_sys.o)
    0x0801709c   0x0801709c   0x0000008c   Code   RO         2406    i.netMAC_aton       Net_Dbg_CM3_L.lib(net_addr.o)
    0x08017128   0x08017128   0x0000001c   Code   RO         2304    i.netSNTPc_GetTime  Net_Dbg_CM3_L.lib(net_sntp_client_core.o)
    0x08017144   0x08017144   0x00000004   Code   RO         2012    i.netTCP_GetLocalPort  Net_Dbg_CM3_L.lib(net_tcp.o)
    0x08017148   0x08017148   0x00000020   Code   RO         2014    i.netTCP_GetPeer    Net_Dbg_CM3_L.lib(net_tcp.o)
    0x08017168   0x08017168   0x00000004   Code   RO         2016    i.netTCP_GetState   Net_Dbg_CM3_L.lib(net_tcp.o)
    0x0801716c   0x0801716c   0x00000004   Code   RO         2017    i.netTCP_GetTimer   Net_Dbg_CM3_L.lib(net_tcp.o)
    0x08017170   0x08017170   0x0000007c   Code   RO         2408    i.net_addr4_aton    Net_Dbg_CM3_L.lib(net_addr.o)
    0x080171ec   0x080171ec   0x0000001e   Code   RO         2410    i.net_addr4_to_mac  Net_Dbg_CM3_L.lib(net_addr.o)
    0x0801720a   0x0801720a   0x00000002   PAD
    0x0801720c   0x0801720c   0x000000e6   Code   RO         2411    i.net_addr6_aton    Net_Dbg_CM3_L.lib(net_addr.o)
    0x080172f2   0x080172f2   0x00000028   Code   RO         2412    i.net_addr6_comp    Net_Dbg_CM3_L.lib(net_addr.o)
    0x0801731a   0x0801731a   0x00000012   Code   RO         2413    i.net_addr6_copy    Net_Dbg_CM3_L.lib(net_addr.o)
    0x0801732c   0x0801732c   0x0000004c   Code   RO         2414    i.net_addr6_create  Net_Dbg_CM3_L.lib(net_addr.o)
    0x08017378   0x08017378   0x00000028   Code   RO         2415    i.net_addr6_get_solicited  Net_Dbg_CM3_L.lib(net_addr.o)
    0x080173a0   0x080173a0   0x00000018   Code   RO         2416    i.net_addr6_is_linklocal  Net_Dbg_CM3_L.lib(net_addr.o)
    0x080173b8   0x080173b8   0x0000006e   Code   RO         2417    i.net_addr6_is_onlink  Net_Dbg_CM3_L.lib(net_addr.o)
    0x08017426   0x08017426   0x00000048   Code   RO         2418    i.net_addr6_is_solicited  Net_Dbg_CM3_L.lib(net_addr.o)
    0x0801746e   0x0801746e   0x00000018   Code   RO         2419    i.net_addr6_is_unspec  Net_Dbg_CM3_L.lib(net_addr.o)
    0x08017486   0x08017486   0x0000000e   Code   RO         2421    i.net_addr6_to_mac  Net_Dbg_CM3_L.lib(net_addr.o)
    0x08017494   0x08017494   0x0000002c   Code   RO         2422    i.net_addr_comp     Net_Dbg_CM3_L.lib(net_addr.o)
    0x080174c0   0x080174c0   0x00000026   Code   RO         2423    i.net_addr_copy     Net_Dbg_CM3_L.lib(net_addr.o)
    0x080174e6   0x080174e6   0x0000001a   Code   RO         2424    i.net_addr_find_route  Net_Dbg_CM3_L.lib(net_addr.o)
    0x08017500   0x08017500   0x00000020   Code   RO         2426    i.net_addr_get_local  Net_Dbg_CM3_L.lib(net_addr.o)
    0x08017520   0x08017520   0x00000022   Code   RO         2427    i.net_addr_is_unspec  Net_Dbg_CM3_L.lib(net_addr.o)
    0x08017542   0x08017542   0x00000002   PAD
    0x08017544   0x08017544   0x0000011c   Code   RO         1830    i.net_arp_cache_add  Net_Dbg_CM3_L.lib(net_arp.o)
    0x08017660   0x08017660   0x000000bc   Code   RO         1831    i.net_arp_cache_early  Net_Dbg_CM3_L.lib(net_arp.o)
    0x0801771c   0x0801771c   0x000000ec   Code   RO         1832    i.net_arp_cache_find  Net_Dbg_CM3_L.lib(net_arp.o)
    0x08017808   0x08017808   0x00000048   Code   RO         1833    i.net_arp_cache_init  Net_Dbg_CM3_L.lib(net_arp.o)
    0x08017850   0x08017850   0x0000001c   Code   RO         1834    i.net_arp_cache_run  Net_Dbg_CM3_L.lib(net_arp.o)
    0x0801786c   0x0801786c   0x00000040   Code   RO         1835    i.net_arp_cache_uninit  Net_Dbg_CM3_L.lib(net_arp.o)
    0x080178ac   0x080178ac   0x00000078   Code   RO         1836    i.net_arp_enqueue   Net_Dbg_CM3_L.lib(net_arp.o)
    0x08017924   0x08017924   0x00000020   Code   RO         1838    i.net_arp_notify    Net_Dbg_CM3_L.lib(net_arp.o)
    0x08017944   0x08017944   0x00000224   Code   RO         1840    i.net_arp_process   Net_Dbg_CM3_L.lib(net_arp.o)
    0x08017b68   0x08017b68   0x00000042   Code   RO         2662    i.net_atoi          Net_Dbg_CM3_L.lib(net_common.o)
    0x08017baa   0x08017baa   0x00000002   PAD
    0x08017bac   0x08017bac   0x00000078   Code   RO         2728    i.net_base64_decode  Net_Dbg_CM3_L.lib(net_base64.o)
    0x08017c24   0x08017c24   0x00000030   Code   RO         2664    i.net_chksum_buf    Net_Dbg_CM3_L.lib(net_common.o)
    0x08017c54   0x08017c54   0x0000001e   Code   RO         2665    i.net_crc_buf       Net_Dbg_CM3_L.lib(net_common.o)
    0x08017c72   0x08017c72   0x0000000e   Code   RO         1771    i.net_eth_callback  Net_Dbg_CM3_L.lib(net_eth.o)
    0x08017c80   0x08017c80   0x00000068   Code   RO         1772    i.net_eth_config_mcast  Net_Dbg_CM3_L.lib(net_eth.o)
    0x08017ce8   0x08017ce8   0x000000ea   Code   RO         1774    i.net_eth_get_option  Net_Dbg_CM3_L.lib(net_eth.o)
    0x08017dd2   0x08017dd2   0x00000002   PAD
    0x08017dd4   0x08017dd4   0x0000001c   Code   RO         1775    i.net_eth_iface_init  Net_Dbg_CM3_L.lib(net_eth.o)
    0x08017df0   0x08017df0   0x0000001c   Code   RO         1776    i.net_eth_iface_run  Net_Dbg_CM3_L.lib(net_eth.o)
    0x08017e0c   0x08017e0c   0x0000001c   Code   RO         1777    i.net_eth_iface_uninit  Net_Dbg_CM3_L.lib(net_eth.o)
    0x08017e28   0x08017e28   0x000000a8   Code   RO         1778    i.net_eth_output    Net_Dbg_CM3_L.lib(net_eth.o)
    0x08017ed0   0x08017ed0   0x000001e0   Code   RO         1779    i.net_eth_send_frame  Net_Dbg_CM3_L.lib(net_eth.o)
    0x080180b0   0x080180b0   0x00000270   Code   RO         1780    i.net_eth_set_option  Net_Dbg_CM3_L.lib(net_eth.o)
    0x08018320   0x08018320   0x000000e8   Code   RO         2194    i.net_http_server_init  Net_Dbg_CM3_L.lib(net_http_server.o)
    0x08018408   0x08018408   0x00000028   Code   RO         2195    i.net_http_server_run  Net_Dbg_CM3_L.lib(net_http_server.o)
    0x08018430   0x08018430   0x00000070   Code   RO         2196    i.net_http_server_uninit  Net_Dbg_CM3_L.lib(net_http_server.o)
    0x080184a0   0x080184a0   0x00000018   Code   RO         2610    i.net_icmp6_init    Net_Dbg_CM3_L.lib(net_icmp6.o)
    0x080184b8   0x080184b8   0x00000238   Code   RO         2611    i.net_icmp6_process  Net_Dbg_CM3_L.lib(net_icmp6.o)
    0x080186f0   0x080186f0   0x00000084   Code   RO         2612    i.net_icmp6_send    Net_Dbg_CM3_L.lib(net_icmp6.o)
    0x08018774   0x08018774   0x00000058   Code   RO         2613    i.net_icmp6_send_echo  Net_Dbg_CM3_L.lib(net_icmp6.o)
    0x080187cc   0x080187cc   0x00000018   Code   RO         1931    i.net_icmp_init     Net_Dbg_CM3_L.lib(net_icmp.o)
    0x080187e4   0x080187e4   0x000001c8   Code   RO         1932    i.net_icmp_process  Net_Dbg_CM3_L.lib(net_icmp.o)
    0x080189ac   0x080189ac   0x000000a0   Code   RO         1933    i.net_icmp_send_echo  Net_Dbg_CM3_L.lib(net_icmp.o)
    0x08018a4c   0x08018a4c   0x0000000c   Code   RO         2359    i.net_if_map_all    Net_Dbg_CM3_L.lib(net_sys.o)
    0x08018a58   0x08018a58   0x0000006c   Code   RO         1885    i.net_igmp_collect_mcast  Net_Dbg_CM3_L.lib(net_igmp.o)
    0x08018ac4   0x08018ac4   0x00000048   Code   RO         1886    i.net_igmp_host_init  Net_Dbg_CM3_L.lib(net_igmp.o)
    0x08018b0c   0x08018b0c   0x0000001c   Code   RO         1887    i.net_igmp_host_run  Net_Dbg_CM3_L.lib(net_igmp.o)
    0x08018b28   0x08018b28   0x00000038   Code   RO         1888    i.net_igmp_host_uninit  Net_Dbg_CM3_L.lib(net_igmp.o)
    0x08018b60   0x08018b60   0x00000020   Code   RO         1889    i.net_igmp_is_member  Net_Dbg_CM3_L.lib(net_igmp.o)
    0x08018b80   0x08018b80   0x000001ac   Code   RO         1890    i.net_igmp_process  Net_Dbg_CM3_L.lib(net_igmp.o)
    0x08018d2c   0x08018d2c   0x0000018c   Code   RO         2540    i.net_ip4_chk_frame  Net_Dbg_CM3_L.lib(net_ip4.o)
    0x08018eb8   0x08018eb8   0x0000002c   Code   RO         2541    i.net_ip4_chksum    Net_Dbg_CM3_L.lib(net_ip4.o)
    0x08018ee4   0x08018ee4   0x00000006   Code   RO         2542    i.net_ip4_chksum_buf  Net_Dbg_CM3_L.lib(net_ip4.o)
    0x08018eea   0x08018eea   0x00000002   PAD
    0x08018eec   0x08018eec   0x00000080   Code   RO         2544    i.net_ip4_find_route  Net_Dbg_CM3_L.lib(net_ip4.o)
    0x08018f6c   0x08018f6c   0x0000002c   Code   RO         2545    i.net_ip4_get_local  Net_Dbg_CM3_L.lib(net_ip4.o)
    0x08018f98   0x08018f98   0x00000024   Code   RO         2546    i.net_ip4_init      Net_Dbg_CM3_L.lib(net_ip4.o)
    0x08018fbc   0x08018fbc   0x00000020   Code   RO         2547    i.net_ip4_is_onlink  Net_Dbg_CM3_L.lib(net_ip4.o)
    0x08018fdc   0x08018fdc   0x00000026   Code   RO         2548    i.net_ip4_is_subcast  Net_Dbg_CM3_L.lib(net_ip4.o)
    0x08019002   0x08019002   0x0000000e   Code   RO         2549    i.net_ip4_reass_frame  Net_Dbg_CM3_L.lib(net_ip4.o)
    0x08019010   0x08019010   0x00000164   Code   RO         2550    i.net_ip4_send_frame  Net_Dbg_CM3_L.lib(net_ip4.o)
    0x08019174   0x08019174   0x0000002a   Code   RO         2552    i.net_ip4_tx_offl_hl  Net_Dbg_CM3_L.lib(net_ip4.o)
    0x0801919e   0x0801919e   0x00000002   PAD
    0x080191a0   0x080191a0   0x00000020   Code   RO         2553    i.net_ip4_uninit    Net_Dbg_CM3_L.lib(net_ip4.o)
    0x080191c0   0x080191c0   0x00000100   Code   RO         2578    i.net_ip6_chk_frame  Net_Dbg_CM3_L.lib(net_ip6.o)
    0x080192c0   0x080192c0   0x00000032   Code   RO         2579    i.net_ip6_chksum    Net_Dbg_CM3_L.lib(net_ip6.o)
    0x080192f2   0x080192f2   0x00000002   PAD
    0x080192f4   0x080192f4   0x0000007c   Code   RO         2580    i.net_ip6_collect_mcast  Net_Dbg_CM3_L.lib(net_ip6.o)
    0x08019370   0x08019370   0x00000048   Code   RO         2582    i.net_ip6_find_route  Net_Dbg_CM3_L.lib(net_ip6.o)
    0x080193b8   0x080193b8   0x00000054   Code   RO         2583    i.net_ip6_get_local  Net_Dbg_CM3_L.lib(net_ip6.o)
    0x0801940c   0x0801940c   0x0000001c   Code   RO         2584    i.net_ip6_init      Net_Dbg_CM3_L.lib(net_ip6.o)
    0x08019428   0x08019428   0x000000cc   Code   RO         2585    i.net_ip6_send_frame  Net_Dbg_CM3_L.lib(net_ip6.o)
    0x080194f4   0x080194f4   0x0000001e   Code   RO         2587    i.net_ip6_tx_offl_hl  Net_Dbg_CM3_L.lib(net_ip6.o)
    0x08019512   0x08019512   0x00000002   PAD
    0x08019514   0x08019514   0x0000001c   Code   RO         2588    i.net_ip6_uninit    Net_Dbg_CM3_L.lib(net_ip6.o)
    0x08019530   0x08019530   0x00000008   Code   RO         2666    i.net_itoa          Net_Dbg_CM3_L.lib(net_common.o)
    0x08019538   0x08019538   0x00000006   Code   RO         2668    i.net_itoa_n0       Net_Dbg_CM3_L.lib(net_common.o)
    0x0801953e   0x0801953e   0x00000002   PAD
    0x08019540   0x08019540   0x00000030   Code   RO         1913    i.net_loop_iface_init  Net_Dbg_CM3_L.lib(net_loopback.o)
    0x08019570   0x08019570   0x000000bc   Code   RO         1914    i.net_loop_iface_run  Net_Dbg_CM3_L.lib(net_loopback.o)
    0x0801962c   0x0801962c   0x00000028   Code   RO         1915    i.net_loop_iface_uninit  Net_Dbg_CM3_L.lib(net_loopback.o)
    0x08019654   0x08019654   0x00000070   Code   RO         1916    i.net_loop_send_frame  Net_Dbg_CM3_L.lib(net_loopback.o)
    0x080196c4   0x080196c4   0x000000c0   Code   RO         2639    i.net_mem_alloc     Net_Dbg_CM3_L.lib(net_mem.o)
    0x08019784   0x08019784   0x0000001c   Code   RO         2640    i.net_mem_avail     Net_Dbg_CM3_L.lib(net_mem.o)
    0x080197a0   0x080197a0   0x000000a4   Code   RO         2641    i.net_mem_free      Net_Dbg_CM3_L.lib(net_mem.o)
    0x08019844   0x08019844   0x00000070   Code   RO         2642    i.net_mem_init      Net_Dbg_CM3_L.lib(net_mem.o)
    0x080198b4   0x080198b4   0x00000048   Code   RO         2643    i.net_mem_shrink    Net_Dbg_CM3_L.lib(net_mem.o)
    0x080198fc   0x080198fc   0x00000064   Code   RO         2132    i.net_nbns_client_init  Net_Dbg_CM3_L.lib(net_nbns_client.o)
    0x08019960   0x08019960   0x00000038   Code   RO         2133    i.net_nbns_client_uninit  Net_Dbg_CM3_L.lib(net_nbns_client.o)
    0x08019998   0x08019998   0x000001c4   Code   RO         2489    i.net_ndp_cache_find  Net_Dbg_CM3_L.lib(net_ndp.o)
    0x08019b5c   0x08019b5c   0x00000078   Code   RO         2492    i.net_ndp_cache_refresh  Net_Dbg_CM3_L.lib(net_ndp.o)
    0x08019bd4   0x08019bd4   0x00000070   Code   RO         2495    i.net_ndp_enqueue   Net_Dbg_CM3_L.lib(net_ndp.o)
    0x08019c44   0x08019c44   0x00000374   Code   RO         2497    i.net_ndp_process   Net_Dbg_CM3_L.lib(net_ndp.o)
    0x08019fb8   0x08019fb8   0x00000038   Code   RO         2361    i.net_path          Net_Dbg_CM3_L.lib(net_sys.o)
    0x08019ff0   0x08019ff0   0x00000020   Code   RO         2332    i.net_ping_client_init  Net_Dbg_CM3_L.lib(net_ping_core.o)
    0x0801a010   0x0801a010   0x00000080   Code   RO         2333    i.net_ping_client_run  Net_Dbg_CM3_L.lib(net_ping_core.o)
    0x0801a090   0x0801a090   0x00000020   Code   RO         2335    i.net_ping_client_uninit  Net_Dbg_CM3_L.lib(net_ping_core.o)
    0x0801a0b0   0x0801a0b0   0x0000001c   Code   RO         2362    i.net_rand32        Net_Dbg_CM3_L.lib(net_sys.o)
    0x0801a0cc   0x0801a0cc   0x0000005c   Code   RO         2306    i.net_sntp_client_init  Net_Dbg_CM3_L.lib(net_sntp_client_core.o)
    0x0801a128   0x0801a128   0x00000058   Code   RO         2307    i.net_sntp_client_run  Net_Dbg_CM3_L.lib(net_sntp_client_core.o)
    0x0801a180   0x0801a180   0x00000148   Code   RO         2308    i.net_sntp_client_start  Net_Dbg_CM3_L.lib(net_sntp_client_core.o)
    0x0801a2c8   0x0801a2c8   0x00000020   Code   RO         2309    i.net_sntp_client_uninit  Net_Dbg_CM3_L.lib(net_sntp_client_core.o)
    0x0801a2e8   0x0801a2e8   0x0000002e   Code   RO         2669    i.net_strcasecmp    Net_Dbg_CM3_L.lib(net_common.o)
    0x0801a316   0x0801a316   0x00000016   Code   RO         2670    i.net_strchr        Net_Dbg_CM3_L.lib(net_common.o)
    0x0801a32c   0x0801a32c   0x0000001a   Code   RO         2671    i.net_strcmp        Net_Dbg_CM3_L.lib(net_common.o)
    0x0801a346   0x0801a346   0x00000012   Code   RO         2672    i.net_strcpy        Net_Dbg_CM3_L.lib(net_common.o)
    0x0801a358   0x0801a358   0x0000001c   Code   RO         2674    i.net_strnchr       Net_Dbg_CM3_L.lib(net_common.o)
    0x0801a374   0x0801a374   0x0000001a   Code   RO         2675    i.net_strncpy       Net_Dbg_CM3_L.lib(net_common.o)
    0x0801a38e   0x0801a38e   0x00000020   Code   RO         2676    i.net_strtoupper    Net_Dbg_CM3_L.lib(net_common.o)
    0x0801a3ae   0x0801a3ae   0x00000002   PAD
    0x0801a3b0   0x0801a3b0   0x0000000c   Code   RO         2363    i.net_sys_lock      Net_Dbg_CM3_L.lib(net_sys.o)
    0x0801a3bc   0x0801a3bc   0x00000016   Code   RO         2364    i.net_sys_resume    Net_Dbg_CM3_L.lib(net_sys.o)
    0x0801a3d2   0x0801a3d2   0x00000002   PAD
    0x0801a3d4   0x0801a3d4   0x00000014   Code   RO         2366    i.net_sys_tick      Net_Dbg_CM3_L.lib(net_sys.o)
    0x0801a3e8   0x0801a3e8   0x0000000c   Code   RO         2367    i.net_sys_unlock    Net_Dbg_CM3_L.lib(net_sys.o)
    0x0801a3f4   0x0801a3f4   0x00000020   Code   RO         2369    i.net_sys_wakeup    Net_Dbg_CM3_L.lib(net_sys.o)
    0x0801a414   0x0801a414   0x00000084   Code   RO         2024    i.net_tcp_abort     Net_Dbg_CM3_L.lib(net_tcp.o)
    0x0801a498   0x0801a498   0x000000e4   Code   RO         2027    i.net_tcp_close     Net_Dbg_CM3_L.lib(net_tcp.o)
    0x0801a57c   0x0801a57c   0x0000002e   Code   RO         2030    i.net_tcp_get_buf   Net_Dbg_CM3_L.lib(net_tcp.o)
    0x0801a5aa   0x0801a5aa   0x00000002   PAD
    0x0801a5ac   0x0801a5ac   0x00000034   Code   RO         2032    i.net_tcp_get_local_port  Net_Dbg_CM3_L.lib(net_tcp.o)
    0x0801a5e0   0x0801a5e0   0x00000028   Code   RO         2033    i.net_tcp_get_mss   Net_Dbg_CM3_L.lib(net_tcp.o)
    0x0801a608   0x0801a608   0x00000054   Code   RO         2035    i.net_tcp_get_peer  Net_Dbg_CM3_L.lib(net_tcp.o)
    0x0801a65c   0x0801a65c   0x00000070   Code   RO         2037    i.net_tcp_get_socket  Net_Dbg_CM3_L.lib(net_tcp.o)
    0x0801a6cc   0x0801a6cc   0x0000002c   Code   RO         2038    i.net_tcp_get_state  Net_Dbg_CM3_L.lib(net_tcp.o)
    0x0801a6f8   0x0801a6f8   0x00000034   Code   RO         2039    i.net_tcp_get_timer  Net_Dbg_CM3_L.lib(net_tcp.o)
    0x0801a72c   0x0801a72c   0x000000b0   Code   RO         2040    i.net_tcp_listen    Net_Dbg_CM3_L.lib(net_tcp.o)
    0x0801a7dc   0x0801a7dc   0x000007a8   Code   RO         2042    i.net_tcp_process   Net_Dbg_CM3_L.lib(net_tcp.o)
    0x0801af84   0x0801af84   0x0000015c   Code   RO         2046    i.net_tcp_send      Net_Dbg_CM3_L.lib(net_tcp.o)
    0x0801b0e0   0x0801b0e0   0x0000012c   Code   RO         2048    i.net_tcp_set_option  Net_Dbg_CM3_L.lib(net_tcp.o)
    0x0801b20c   0x0801b20c   0x00000028   Code   RO         2049    i.net_tcp_socket_init  Net_Dbg_CM3_L.lib(net_tcp.o)
    0x0801b234   0x0801b234   0x000003c0   Code   RO         2050    i.net_tcp_socket_run  Net_Dbg_CM3_L.lib(net_tcp.o)
    0x0801b5f4   0x0801b5f4   0x00000028   Code   RO         2051    i.net_tcp_socket_uninit  Net_Dbg_CM3_L.lib(net_tcp.o)
    0x0801b61c   0x0801b61c   0x00000048   Code   RO         1958    i.net_udp_close     Net_Dbg_CM3_L.lib(net_udp.o)
    0x0801b664   0x0801b664   0x0000002e   Code   RO         1961    i.net_udp_get_buf   Net_Dbg_CM3_L.lib(net_udp.o)
    0x0801b692   0x0801b692   0x00000002   PAD
    0x0801b694   0x0801b694   0x00000070   Code   RO         1964    i.net_udp_get_socket  Net_Dbg_CM3_L.lib(net_udp.o)
    0x0801b704   0x0801b704   0x000000ac   Code   RO         1966    i.net_udp_open      Net_Dbg_CM3_L.lib(net_udp.o)
    0x0801b7b0   0x0801b7b0   0x00000158   Code   RO         1967    i.net_udp_process   Net_Dbg_CM3_L.lib(net_udp.o)
    0x0801b908   0x0801b908   0x00000012   Code   RO         1969    i.net_udp_send      Net_Dbg_CM3_L.lib(net_udp.o)
    0x0801b91a   0x0801b91a   0x00000002   PAD
    0x0801b91c   0x0801b91c   0x0000022c   Code   RO         1970    i.net_udp_send_if   Net_Dbg_CM3_L.lib(net_udp.o)
    0x0801bb48   0x0801bb48   0x00000024   Code   RO         1972    i.net_udp_socket_init  Net_Dbg_CM3_L.lib(net_udp.o)
    0x0801bb6c   0x0801bb6c   0x00000024   Code   RO         1973    i.net_udp_socket_uninit  Net_Dbg_CM3_L.lib(net_udp.o)
    0x0801bb90   0x0801bb90   0x00000008   Code   RO         2677    i.net_ultoa         Net_Dbg_CM3_L.lib(net_common.o)
    0x0801bb98   0x0801bb98   0x00000030   Code   RO         2680    i.net_ultox         Net_Dbg_CM3_L.lib(net_common.o)
    0x0801bbc8   0x0801bbc8   0x0000004c   Code   RO         2681    i.net_xtoul         Net_Dbg_CM3_L.lib(net_common.o)
    0x0801bc14   0x0801bc14   0x0000001c   Code   RO         2336    i.ping_send_req     Net_Dbg_CM3_L.lib(net_ping_core.o)
    0x0801bc30   0x0801bc30   0x00000058   Code   RO         2198    i.proc_req_line     Net_Dbg_CM3_L.lib(net_http_server.o)
    0x0801bc88   0x0801bc88   0x000000a0   Code   RO         2199    i.read_script_line  Net_Dbg_CM3_L.lib(net_http_server.o)
    0x0801bd28   0x0801bd28   0x00000048   Code   RO         2200    i.search_delim      Net_Dbg_CM3_L.lib(net_http_server.o)
    0x0801bd70   0x0801bd70   0x000000fc   Code   RO         2310    i.sntp_listener     Net_Dbg_CM3_L.lib(net_sntp_client_core.o)
    0x0801be6c   0x0801be6c   0x0000003c   Code   RO         2311    i.sntp_send_message  Net_Dbg_CM3_L.lib(net_sntp_client_core.o)
    0x0801bea8   0x0801bea8   0x00000018   Code   RO         2313    i.sntp_stop         Net_Dbg_CM3_L.lib(net_sntp_client_core.o)
    0x0801bec0   0x0801bec0   0x00000018   Code   RO         2370    i.sys_map_if        Net_Dbg_CM3_L.lib(net_sys.o)
    0x0801bed8   0x0801bed8   0x0000004c   Code   RO         2371    i.sys_proc_tick     Net_Dbg_CM3_L.lib(net_sys.o)
    0x0801bf24   0x0801bf24   0x00000110   Code   RO         2052    i.tcp_map_socket    Net_Dbg_CM3_L.lib(net_tcp.o)
    0x0801c034   0x0801c034   0x00000084   Code   RO         2053    i.tcp_parse_opt     Net_Dbg_CM3_L.lib(net_tcp.o)
    0x0801c0b8   0x0801c0b8   0x0000011c   Code   RO         2054    i.tcp_proc_acknr    Net_Dbg_CM3_L.lib(net_tcp.o)
    0x0801c1d4   0x0801c1d4   0x000000ac   Code   RO         2055    i.tcp_proc_dupack   Net_Dbg_CM3_L.lib(net_tcp.o)
    0x0801c280   0x0801c280   0x0000001a   Code   RO         2056    i.tcp_que_free      Net_Dbg_CM3_L.lib(net_tcp.o)
    0x0801c29a   0x0801c29a   0x0000001a   Code   RO         2057    i.tcp_que_init      Net_Dbg_CM3_L.lib(net_tcp.o)
    0x0801c2b4   0x0801c2b4   0x000000ac   Code   RO         2058    i.tcp_que_resend    Net_Dbg_CM3_L.lib(net_tcp.o)
    0x0801c360   0x0801c360   0x00000090   Code   RO         2059    i.tcp_send_ctrl     Net_Dbg_CM3_L.lib(net_tcp.o)
    0x0801c3f0   0x0801c3f0   0x0000007c   Code   RO         2060    i.tcp_send_data     Net_Dbg_CM3_L.lib(net_tcp.o)
    0x0801c46c   0x0801c46c   0x00000090   Code   RO         2061    i.tcp_send_reset    Net_Dbg_CM3_L.lib(net_tcp.o)
    0x0801c4fc   0x0801c4fc   0x00000044   Code   RO         2062    i.tcp_set_cwnd      Net_Dbg_CM3_L.lib(net_tcp.o)
    0x0801c540   0x0801c540   0x00000074   Code   RO         2063    i.tcp_transit       Net_Dbg_CM3_L.lib(net_tcp.o)
    0x0801c5b4   0x0801c5b4   0x0000010c   Code   RO         2064    i.tcp_write         Net_Dbg_CM3_L.lib(net_tcp.o)
    0x0801c6c0   0x0801c6c0   0x0000002c   Code   RO         1974    i.udp_port_in_use   Net_Dbg_CM3_L.lib(net_udp.o)
    0x0801c6ec   0x0801c6ec   0x00000044   Code   RO         2682    i.ul2str            Net_Dbg_CM3_L.lib(net_common.o)
    0x0801c730   0x0801c730   0x00000124   Code   RO         2201    i.utc_to_http       Net_Dbg_CM3_L.lib(net_http_server.o)
    0x0801c854   0x0801c854   0x00000024   Data   RO          159    .constdata          http_server.o
    0x0801c878   0x0801c878   0x000069d0   Data   RO          273    .constdata          web.o
    0x08023248   0x08023248   0x00000030   Data   RO          291    .constdata          leds_1.o
    0x08023278   0x08023278   0x0000098e   Data   RO          318    .constdata          lcd_1.o
    0x08023c06   0x08023c06   0x00000002   PAD
    0x08023c08   0x08023c08   0x00000001   Data   RO          533    .constdata          irq_armv7m.o
    0x08023c09   0x08023c09   0x00000003   PAD
    0x08023c0c   0x08023c0c   0x00000068   Data   RO          720    .constdata          rtx_lib.o
    0x08023c74   0x08023c74   0x00000024   Data   RO         1061    .constdata          phy_lan8742a.o
    0x08023c98   0x08023c98   0x00000094   Data   RO         1088    .constdata          emac_stm32f4xx.o
    0x08023d2c   0x08023d2c   0x00000080   Data   RO         1129    .constdata          spi_stm32f4xx.o
    0x08023dac   0x08023dac   0x00000018   Data   RO         1165    .constdata          eventrecorder.o
    0x08023dc4   0x08023dc4   0x00000008   Data   RO         1304    .constdata          stm32f4xx_hal_dma.o
    0x08023dcc   0x08023dcc   0x00000018   Data   RO         1648    .constdata          system_stm32f4xx.o
    0x08023de4   0x08023de4   0x0000028c   Data   RO         1681    .constdata          net_config.o
    0x08024070   0x08024070   0x00000008   Data   RO         1891    .constdata          Net_Dbg_CM3_L.lib(net_igmp.o)
    0x08024078   0x08024078   0x0000002c   Data   RO         1917    .constdata          Net_Dbg_CM3_L.lib(net_loopback.o)
    0x080240a4   0x080240a4   0x0000000c   Data   RO         1918    .constdata          Net_Dbg_CM3_L.lib(net_loopback.o)
    0x080240b0   0x080240b0   0x00000008   Data   RO         2134    .constdata          Net_Dbg_CM3_L.lib(net_nbns_client.o)
    0x080240b8   0x080240b8   0x000000fa   Data   RO         2203    .constdata          Net_Dbg_CM3_L.lib(net_http_server.o)
    0x080241b2   0x080241b2   0x00000002   PAD
    0x080241b4   0x080241b4   0x00000018   Data   RO         2282    .constdata          Net_Dbg_CM3_L.lib(net_http_server_auth.o)
    0x080241cc   0x080241cc   0x00000012   Data   RO         2338    .constdata          Net_Dbg_CM3_L.lib(net_ping_core.o)
    0x080241de   0x080241de   0x00000010   Data   RO         2431    .constdata          Net_Dbg_CM3_L.lib(net_addr.o)
    0x080241ee   0x080241ee   0x00000006   Data   RO         2432    .constdata          Net_Dbg_CM3_L.lib(net_addr.o)
    0x080241f4   0x080241f4   0x00000004   Data   RO         2554    .constdata          Net_Dbg_CM3_L.lib(net_ip4.o)
    0x080241f8   0x080241f8   0x00000020   Data   RO         2589    .constdata          Net_Dbg_CM3_L.lib(net_ip6.o)
    0x08024218   0x08024218   0x00000018   Data   RO         2629    .constdata          Net_Dbg_CM3_L.lib(net_http_server_err.o)
    0x08024230   0x08024230   0x00000010   Data   RO         2683    .constdata          Net_Dbg_CM3_L.lib(net_common.o)
    0x08024240   0x08024240   0x00000090   Data   RO         2730    .constdata          Net_Dbg_CM3_L.lib(net_base64.o)
    0x080242d0   0x080242d0   0x00000004   Data   RO         2739    .constdata          Net_Dbg_CM3_L.lib(net_version.o)
    0x080242d4   0x080242d4   0x0000000c   Data   RO         2753    .constdata          mc_w.l(localtime.o)
    0x080242e0   0x080242e0   0x000000da   Data   RO          235    .conststring        http_server_cgi.o
    0x080243ba   0x080243ba   0x00000002   PAD
    0x080243bc   0x080243bc   0x000000f1   Data   RO         1682    .conststring        net_config.o
    0x080244ad   0x080244ad   0x00000003   PAD
    0x080244b0   0x080244b0   0x00000203   Data   RO         2630    .conststring        Net_Dbg_CM3_L.lib(net_http_server_err.o)
    0x080246b3   0x080246b3   0x00000001   PAD
    0x080246b4   0x080246b4   0x0000000b   Data   RO          666    .conststrlit        rtx_kernel.o
    0x080246bf   0x080246bf   0x00000001   PAD
    0x080246c0   0x080246c0   0x000000a8   Data   RO          721    .rodata             rtx_lib.o
    0x08024768   0x08024768   0x00000030   Data   RO         3088    Region$$Table       anon$$obj.o


    Execution Region RW_IRAM2 (Exec base: 0x10000000, Load base: 0x080248d0, Size: 0x000004a4, Max: 0x00010000, ABSOLUTE)

    Exec Addr    Load Addr    Size         Type   Attr      Idx    E Section Name        Object

    0x10000000        -       0x000004a4   Zero   RW         1164    .bss.noinit         eventrecorder.o


    Execution Region RW_IRAM1 (Exec base: 0x20000000, Load base: 0x08024798, Size: 0x0000f6f8, Max: 0x00030000, ABSOLUTE, COMPRESSED[0x00000138])

    Exec Addr    Load Addr    Size         Type   Attr      Idx    E Section Name        Object

    0x20000000   COMPRESSED   0x00008040   Data   RW          714    .bss.os             rtx_lib.o
    0x20008040   COMPRESSED   0x00000001   Data   RW         1013    .bss.os             os_systick.o
    0x20008041   COMPRESSED   0x00000003   PAD
    0x20008044   COMPRESSED   0x00000034   Data   RW          715    .bss.os.msgqueue.cb  rtx_lib.o
    0x20008078   COMPRESSED   0x00000050   Data   RW          716    .bss.os.msgqueue.mem  rtx_lib.o
    0x200080c8   COMPRESSED   0x00000038   Data   RW         1677    .bss.os.mutex.cb    net_config.o
    0x20008100   COMPRESSED   0x00000010   Data   RW         1678    .bss.os.semaphore.cb  net_config.o
    0x20008110   COMPRESSED   0x00000088   Data   RW          717    .bss.os.thread.cb   rtx_lib.o
    0x20008198   COMPRESSED   0x00000088   Data   RW         1679    .bss.os.thread.cb   net_config.o
    0x20008220   COMPRESSED   0x00000200   Data   RW          718    .bss.os.thread.idle.stack  rtx_lib.o
    0x20008420   COMPRESSED   0x00000200   Data   RW          719    .bss.os.thread.timer.stack  rtx_lib.o
    0x20008620   COMPRESSED   0x00000020   Data   RW         1680    .bss.os.timer.cb    net_config.o
    0x20008640   COMPRESSED   0x00000004   Data   RW            5    .data               main.o
    0x20008644   COMPRESSED   0x00000048   Data   RW          160    .data               http_server.o
    0x2000868c   COMPRESSED   0x00000008   Data   RW          236    .data               http_server_cgi.o
    0x20008694   COMPRESSED   0x00000018   Data   RW          319    .data               lcd_1.o
    0x200086ac   COMPRESSED   0x00000018   Data   RW          357    .data               adc.o
    0x200086c4   COMPRESSED   0x00000004   Data   RW          385    .data               rtc_1.o
    0x200086c8   COMPRESSED   0x00000004   Data   RW          421    .data               sntp.o
    0x200086cc   COMPRESSED   0x00000009   Data   RW         1198    .data               stm32f4xx_hal.o
    0x200086d5   COMPRESSED   0x00000003   PAD
    0x200086d8   COMPRESSED   0x00000004   Data   RW         1649    .data               system_stm32f4xx.o
    0x200086dc   COMPRESSED   0x0000000e   Data   RW         1683    .data               net_config.o
    0x200086ea   COMPRESSED   0x00000004   Data   RW         1892    .data               Net_Dbg_CM3_L.lib(net_igmp.o)
    0x200086ee   COMPRESSED   0x00000002   PAD
    0x200086f0   COMPRESSED   0x00000004   Data   RW         1919    .data               Net_Dbg_CM3_L.lib(net_loopback.o)
    0x200086f4   COMPRESSED   0x00000001   Data   RW         1934    .data               Net_Dbg_CM3_L.lib(net_icmp.o)
    0x200086f5   COMPRESSED   0x00000001   PAD
    0x200086f6   COMPRESSED   0x00000002   Data   RW         1976    .data               Net_Dbg_CM3_L.lib(net_udp.o)
    0x200086f8   COMPRESSED   0x00000004   Data   RW         2067    .data               Net_Dbg_CM3_L.lib(net_tcp.o)
    0x200086fc   COMPRESSED   0x00000001   Data   RW         2135    .data               Net_Dbg_CM3_L.lib(net_nbns_client.o)
    0x200086fd   COMPRESSED   0x00000003   PAD
    0x20008700   COMPRESSED   0x0000000c   Data   RW         2204    .data               Net_Dbg_CM3_L.lib(net_http_server.o)
    0x2000870c   COMPRESSED   0x00000008   Data   RW         2555    .data               Net_Dbg_CM3_L.lib(net_ip4.o)
    0x20008714   COMPRESSED   0x00000004   Data   RW         2591    .data               Net_Dbg_CM3_L.lib(net_ip6.o)
    0x20008718   COMPRESSED   0x000000a4   Data   RW          667    .data.os            rtx_kernel.o
    0x200087bc   COMPRESSED   0x00000004   PAD
    0x200087c0        -       0x00000448   Zero   RW          158    .bss                http_server.o
    0x20008c08        -       0x00000038   Zero   RW          234    .bss                http_server_cgi.o
    0x20008c40        -       0x00000240   Zero   RW          317    .bss                lcd_1.o
    0x20008e80        -       0x000000d4   Zero   RW          384    .bss                rtc_1.o
    0x20008f54        -       0x0000002c   Zero   RW          420    .bss                sntp.o
    0x20008f80        -       0x0000000c   Zero   RW         1060    .bss                phy_lan8742a.o
    0x20008f8c        -       0x000024cc   Zero   RW         1087    .bss                emac_stm32f4xx.o
    0x2000b458        -       0x0000002c   Zero   RW         1128    .bss                spi_stm32f4xx.o
    0x2000b484   COMPRESSED   0x00000004   PAD
    0x2000b488        -       0x00003bb0   Zero   RW         1676    .bss                net_config.o
    0x2000f038        -       0x000000a0   Zero   RW         1781    .bss                Net_Dbg_CM3_L.lib(net_eth.o)
    0x2000f0d8        -       0x00000018   Zero   RW         1841    .bss                Net_Dbg_CM3_L.lib(net_arp.o)
    0x2000f0f0        -       0x0000001c   Zero   RW         1975    .bss                Net_Dbg_CM3_L.lib(net_udp.o)
    0x2000f10c        -       0x00000098   Zero   RW         2202    .bss                Net_Dbg_CM3_L.lib(net_http_server.o)
    0x2000f1a4        -       0x0000002c   Zero   RW         2314    .bss                Net_Dbg_CM3_L.lib(net_sntp_client_core.o)
    0x2000f1d0        -       0x0000002c   Zero   RW         2337    .bss                Net_Dbg_CM3_L.lib(net_ping_core.o)
    0x2000f1fc        -       0x00000038   Zero   RW         2372    .bss                Net_Dbg_CM3_L.lib(net_sys.o)
    0x2000f234        -       0x00000024   Zero   RW         2373    .bss                Net_Dbg_CM3_L.lib(net_sys.o)
    0x2000f258        -       0x0000005c   Zero   RW         2430    .bss                Net_Dbg_CM3_L.lib(net_addr.o)
    0x2000f2b4        -       0x00000014   Zero   RW         2645    .bss                Net_Dbg_CM3_L.lib(net_mem.o)
    0x2000f2c8        -       0x0000002c   Zero   RW         2752    .bss                mc_w.l(localtime.o)
    0x2000f2f4   COMPRESSED   0x00000004   PAD
    0x2000f2f8        -       0x00000400   Zero   RW         1637    STACK               startup_stm32f429xx.o


==============================================================================

Image component sizes


      Code (inc. data)   RO Data    RW Data    ZI Data      Debug   Object Name

       540         50          0         24          0       2848   adc.o
       144         12          0          0          0       1193   botonazul_rst.o
      3340        204        148          0       9420      47094   emac_stm32f4xx.o
      1644         42         24          0       1188      16828   eventrecorder.o
       596        108         36         72       1096      17113   http_server.o
      2088        374        218          8         56       7320   http_server_cgi.o
       148          8          1          0          0        592   irq_armv7m.o
      1332         80       2446         24        576       5071   lcd_1.o
       344         18         48          0          0       2189   leds_1.o
       312         28          0          4          0     798635   main.o
       360         26        893        254      15280      32155   net_config.o
       336          0          0          0          0        782   net_debug.o
       220         14          0          1          0       1948   os_systick.o
       548          8         36          0         12       6826   phy_lan8742a.o
       496         66          0          4        212       3625   rtc_1.o
        36          6          0          0          0        623   rtx_config.o
       284         12          0          0          0      17890   rtx_delay.o
      3544        106          0          0          0      52793   rtx_evr.o
      2224        100         11        164          0      27456   rtx_kernel.o
        24          0        272      34124          0       9867   rtx_lib.o
       478          0          0          0          0       3003   rtx_memory.o
      2284         46          0          0          0      15140   rtx_mempool.o
      3280         60          0          0          0      23496   rtx_msgqueue.o
      1604         30          0          0          0       9902   rtx_mutex.o
      1658         34          0          0          0      11960   rtx_semaphore.o
       772         20          0          0          0       8293   rtx_system.o
      5812        150          0          0          0      32029   rtx_thread.o
      1336         36          0          0          0      10161   rtx_timer.o
       108         14          0          4         44        788   sntp.o
      4116        112        128          0         44      43779   spi_stm32f4xx.o
        36          8        428          0       1024        788   startup_stm32f429xx.o
       528         46          0          9          0      11407   stm32f4xx_hal.o
      3240        100          0          0          0       8647   stm32f4xx_hal_adc.o
      2196         52          0          0          0       6554   stm32f4xx_hal_adc_ex.o
       900         20          0          0          0      36086   stm32f4xx_hal_cortex.o
      2224         28          8          0          0       7125   stm32f4xx_hal_dma.o
       996         52          0          0          0       3691   stm32f4xx_hal_gpio.o
       476         22          0          0          0       3579   stm32f4xx_hal_pwr.o
      2356         70          0          0          0       5427   stm32f4xx_hal_rcc.o
      1844         66          0          0          0       4113   stm32f4xx_hal_rcc_ex.o
      2936         26          0          0          0       8257   stm32f4xx_hal_rtc.o
      3558         22          0          0          0      12961   stm32f4xx_hal_rtc_ex.o
     11122        182          0          0          0      34980   stm32f4xx_hal_tim.o
      3716         68          0          0          0      13272   stm32f4xx_hal_tim_ex.o
       204         24         24          4          0       1549   system_stm32f4xx.o
       136          8      27088          0          0       1532   web.o

    ----------------------------------------------------------------------
     76484       2558      31868      34702      28960    1371367   Object Totals
         0          0         48          0          0          0   (incl. Generated)
         8          0         11          6          8          0   (incl. Padding)

    ----------------------------------------------------------------------

      Code (inc. data)   RO Data    RW Data    ZI Data      Debug   Library Member Name

      1458         18         22          0         92       1624   net_addr.o
      2938        152          0          0         24       1628   net_arp.o
       120          6        144          0          0         84   net_base64.o
       622         10         16          0          0       1340   net_common.o
      3816        150          0          0        160       1756   net_eth.o
      6946       1282        250         12        152       2940   net_http_server.o
       266         66         24          0          0        368   net_http_server_auth.o
         0          0        539          0          0          0   net_http_server_err.o
       640         48          0          1          0        236   net_icmp.o
       812         60          0          0          0        332   net_icmp6.o
      1028         54          8          4          0        760   net_igmp.o
      1220         92          4          8          0       1032   net_ip4.o
       876         80         32          4          0        720   net_ip6.o
       388         36         56          4          0        336   net_loopback.o
       592         64          0          0         20        564   net_mem.o
       576         58          8          1          0        268   net_nbns_client.o
      3058        106          0          0          0       1404   net_ndp.o
       220         40         18          0         44        300   net_ping_core.o
       904         78          0          0         44        664   net_sntp_client_core.o
       834         84          0          0         92       1012   net_sys.o
      6606        292          0          4          0       2808   net_tcp.o
      1436         88          0          2         28        852   net_udp.o
         0          0          4          0          0          0   net_version.o
        86          0          0          0          0          0   __dczerorl2.o
         0          0          0          0          0          0   entry.o
         0          0          0          0          0          0   entry10a.o
         0          0          0          0          0          0   entry11a.o
         4          0          0          0          0          0   entry12b.o
         8          4          0          0          0          0   entry2.o
         4          0          0          0          0          0   entry5.o
         0          0          0          0          0          0   entry7b.o
         0          0          0          0          0          0   entry8b.o
         8          4          0          0          0          0   entry9a.o
        30          0          0          0          0          0   handlers.o
        36          8          0          0          0         68   init.o
         0          0          0          0          0          0   iusefp.o
        30          0          0          0          0         68   llshl.o
        36          0          0          0          0         68   llsshr.o
        32          0          0          0          0         68   llushr.o
       148         10         12          0         44         76   localtime.o
        26          0          0          0          0         80   memcmp.o
        36          0          0          0          0         68   memcpya.o
        36          0          0          0          0        108   memseta.o
      2236         86          0          0          0        532   printfa.o
        28          0          0          0          0         76   strcmp.o
        18          0          0          0          0         68   strcpy.o
        14          0          0          0          0         68   strlen.o
        30          0          0          0          0         80   strncmp.o
        44          0          0          0          0         80   uidiv.o
        98          0          0          0          0         92   uldiv.o
        48          0          0          0          0         68   cdrcmple.o
       334          0          0          0          0        148   dadd.o
       222          0          0          0          0        100   ddiv.o
       186          0          0          0          0        176   depilogue.o
        62          0          0          0          0         80   dfixi.o
        48          0          0          0          0         68   dfixul.o
       228          0          0          0          0         96   dmul.o
        38          0          0          0          0         68   f2d.o
       124          0          0          0          0         88   fdiv.o
       110          0          0          0          0        168   fepilogue.o
        10          0          0          0          0         68   ffltui.o
       100          0          0          0          0         76   fmul.o

    ----------------------------------------------------------------------
     39908       2976       1140         46        704      23832   Library Totals
        54          0          3          6          4          0   (incl. Padding)

    ----------------------------------------------------------------------

      Code (inc. data)   RO Data    RW Data    ZI Data      Debug   Library Name

     35356       2864       1125         40        656      21028   Net_Dbg_CM3_L.lib
      2988        112         12          0         44       1600   mc_w.l
      1510          0          0          0          0       1204   mf_w.l

    ----------------------------------------------------------------------
     39908       2976       1140         46        704      23832   Library Totals

    ----------------------------------------------------------------------

==============================================================================


      Code (inc. data)   RO Data    RW Data    ZI Data      Debug   

    116392       5534      33008      34748      29664    1376399   Grand Totals
    116392       5534      33008        312      29664    1376399   ELF Image Totals (compressed)
    116392       5534      33008        312          0          0   ROM Totals

==============================================================================

    Total RO  Size (Code + RO Data)               149400 ( 145.90kB)
    Total RW  Size (RW Data + ZI Data)             64412 (  62.90kB)
    Total ROM Size (Code + RO Data + RW Data)     149712 ( 146.20kB)

==============================================================================

